                                      1 ;--------------------------------------------------------
                                      2 ; File Created by SDCC : free open source ANSI-C Compiler
                                      3 ; Version 4.1.0 #12072 (Mac OS X x86_64)
                                      4 ;--------------------------------------------------------
                                      5 	.module ir
                                      6 	.optsdcc -mstm8
                                      7 	
                                      8 ;--------------------------------------------------------
                                      9 ; Public variables in this module
                                     10 ;--------------------------------------------------------
                                     11 	.globl _fan_down
                                     12 	.globl _fan_up
                                     13 	.globl _fan_sw
                                     14 	.globl _puts
                                     15 	.globl _printf
                                     16 	.globl _TIM3_GetCapture1
                                     17 	.globl _TIM3_ICInit
                                     18 	.globl _cmd
                                     19 	.globl _addr
                                     20 	.globl _shift
                                     21 	.globl _status
                                     22 	.globl _ov_handler
                                     23 	.globl _cap_handler
                                     24 ;--------------------------------------------------------
                                     25 ; ram data
                                     26 ;--------------------------------------------------------
                                     27 	.area DATA
      000000                         28 _status::
      000000                         29 	.ds 1
      000001                         30 _shift::
      000001                         31 	.ds 2
      000003                         32 _addr::
      000003                         33 	.ds 2
      000005                         34 _cmd::
      000005                         35 	.ds 2
                                     36 ;--------------------------------------------------------
                                     37 ; ram data
                                     38 ;--------------------------------------------------------
                                     39 	.area INITIALIZED
                                     40 ;--------------------------------------------------------
                                     41 ; absolute external ram data
                                     42 ;--------------------------------------------------------
                                     43 	.area DABS (ABS)
                                     44 
                                     45 ; default segment ordering for linker
                                     46 	.area HOME
                                     47 	.area GSINIT
                                     48 	.area GSFINAL
                                     49 	.area CONST
                                     50 	.area INITIALIZER
                                     51 	.area CODE
                                     52 
                                     53 ;--------------------------------------------------------
                                     54 ; global & static initialisations
                                     55 ;--------------------------------------------------------
                                     56 	.area HOME
                                     57 	.area GSINIT
                                     58 	.area GSFINAL
                                     59 	.area GSINIT
                                     60 ;--------------------------------------------------------
                                     61 ; Home
                                     62 ;--------------------------------------------------------
                                     63 	.area HOME
                                     64 	.area HOME
                                     65 ;--------------------------------------------------------
                                     66 ; code
                                     67 ;--------------------------------------------------------
                                     68 	.area CODE
                                     69 ;	/Users/mybays/develop/stm8/stm8_proj.dev/new_air/newair/src/ir.c: 14: void ov_handler()
                                     70 ;	-----------------------------------------
                                     71 ;	 function ov_handler
                                     72 ;	-----------------------------------------
      000000                         73 _ov_handler:
                                     74 ;	/Users/mybays/develop/stm8/stm8_proj.dev/new_air/newair/src/ir.c: 17: if(0 != status)
      000000 72 5Du00u00      [ 1]   75 	tnz	_status+0
      000004 26 01            [ 1]   76 	jrne	00118$
      000006 81               [ 4]   77 	ret
      000007                         78 00118$:
                                     79 ;	/Users/mybays/develop/stm8/stm8_proj.dev/new_air/newair/src/ir.c: 19: status = 0;
      000007 72 5Fu00u00      [ 1]   80 	clr	_status+0
                                     81 ;	/Users/mybays/develop/stm8/stm8_proj.dev/new_air/newair/src/ir.c: 20: if((cmd > 0)||(addr > 0))
      00000B CEu00u05         [ 2]   82 	ldw	x, _cmd+0
      00000E 26 05            [ 1]   83 	jrne	00101$
      000010 CEu00u03         [ 2]   84 	ldw	x, _addr+0
      000013 27 11            [ 1]   85 	jreq	00102$
      000015                         86 00101$:
                                     87 ;	/Users/mybays/develop/stm8/stm8_proj.dev/new_air/newair/src/ir.c: 22: printf("addr:0x%02x,cmd:0x%02x\r\n",addr,cmd);
      000015 CEu00u05         [ 2]   88 	ldw	x, _cmd+0
      000018 89               [ 2]   89 	pushw	x
      000019 CEu00u03         [ 2]   90 	ldw	x, _addr+0
      00001C 89               [ 2]   91 	pushw	x
      00001D 4Br00            [ 1]   92 	push	#<(___str_0+0)
      00001F 4Bs00            [ 1]   93 	push	#((___str_0+0) >> 8)
      000021 CDr00r00         [ 4]   94 	call	_printf
      000024 5B 06            [ 2]   95 	addw	sp, #6
      000026                         96 00102$:
                                     97 ;	/Users/mybays/develop/stm8/stm8_proj.dev/new_air/newair/src/ir.c: 24: printf("-ovf-\r\n");
      000026 4Br19            [ 1]   98 	push	#<(___str_2+0)
      000028 4Bs00            [ 1]   99 	push	#((___str_2+0) >> 8)
      00002A CDr00r00         [ 4]  100 	call	_puts
      00002D 85               [ 2]  101 	popw	x
                                    102 ;	/Users/mybays/develop/stm8/stm8_proj.dev/new_air/newair/src/ir.c: 26: }
      00002E 81               [ 4]  103 	ret
                                    104 ;	/Users/mybays/develop/stm8/stm8_proj.dev/new_air/newair/src/ir.c: 28: void cap_handler()
                                    105 ;	-----------------------------------------
                                    106 ;	 function cap_handler
                                    107 ;	-----------------------------------------
      00002F                        108 _cap_handler:
      00002F 52 03            [ 2]  109 	sub	sp, #3
                                    110 ;	/Users/mybays/develop/stm8/stm8_proj.dev/new_air/newair/src/ir.c: 30: if(0 == status)
      000031 72 5Du00u00      [ 1]  111 	tnz	_status+0
      000035 26 2A            [ 1]  112 	jrne	00134$
                                    113 ;	/Users/mybays/develop/stm8/stm8_proj.dev/new_air/newair/src/ir.c: 34: status = 1;
      000037 35 01u00u00      [ 1]  114 	mov	_status+0, #0x01
                                    115 ;	/Users/mybays/develop/stm8/stm8_proj.dev/new_air/newair/src/ir.c: 35: addr = 0;
      00003B 5F               [ 1]  116 	clrw	x
      00003C CFu00u03         [ 2]  117 	ldw	_addr+0, x
                                    118 ;	/Users/mybays/develop/stm8/stm8_proj.dev/new_air/newair/src/ir.c: 36: cmd = 0;
      00003F 5F               [ 1]  119 	clrw	x
      000040 CFu00u05         [ 2]  120 	ldw	_cmd+0, x
                                    121 ;	/Users/mybays/develop/stm8/stm8_proj.dev/new_air/newair/src/ir.c: 37: shift = 0;
      000043 5F               [ 1]  122 	clrw	x
      000044 CFu00u01         [ 2]  123 	ldw	_shift+0, x
                                    124 ;	/Users/mybays/develop/stm8/stm8_proj.dev/new_air/newair/src/ir.c: 38: printf("-cap-\r\n");
      000047 4Br20            [ 1]  125 	push	#<(___str_4+0)
      000049 4Bs00            [ 1]  126 	push	#((___str_4+0) >> 8)
      00004B CDr00r00         [ 4]  127 	call	_puts
      00004E 85               [ 2]  128 	popw	x
                                    129 ;	/Users/mybays/develop/stm8/stm8_proj.dev/new_air/newair/src/ir.c: 39: TIM3_ICInit( TIM3_CHANNEL_1, TIM3_ICPOLARITY_RISING, TIM3_ICSELECTION_DIRECTTI,
      00004F 4B 00            [ 1]  130 	push	#0x00
      000051 4B 00            [ 1]  131 	push	#0x00
      000053 4B 01            [ 1]  132 	push	#0x01
      000055 4B 00            [ 1]  133 	push	#0x00
      000057 4B 00            [ 1]  134 	push	#0x00
      000059 CDr00r00         [ 4]  135 	call	_TIM3_ICInit
      00005C 5B 05            [ 2]  136 	addw	sp, #5
      00005E CCr01r37         [ 2]  137 	jp	00136$
      000061                        138 00134$:
                                    139 ;	/Users/mybays/develop/stm8/stm8_proj.dev/new_air/newair/src/ir.c: 44: uint16_t capValue=TIM3_GetCapture1();
      000061 CDr00r00         [ 4]  140 	call	_TIM3_GetCapture1
                                    141 ;	/Users/mybays/develop/stm8/stm8_proj.dev/new_air/newair/src/ir.c: 46: if(capValue > 2500)
      000064 1F 01            [ 2]  142 	ldw	(0x01, sp), x
      000066 A3 09 C4         [ 2]  143 	cpw	x, #0x09c4
      000069 23 10            [ 2]  144 	jrule	00104$
                                    145 ;	/Users/mybays/develop/stm8/stm8_proj.dev/new_air/newair/src/ir.c: 48: if(status == 1)
      00006B C6u00u00         [ 1]  146 	ld	a, _status+0
      00006E 4A               [ 1]  147 	dec	a
      00006F 27 03            [ 1]  148 	jreq	00217$
      000071 CCr01r37         [ 2]  149 	jp	00136$
      000074                        150 00217$:
                                    151 ;	/Users/mybays/develop/stm8/stm8_proj.dev/new_air/newair/src/ir.c: 50: status = 2;
      000074 35 02u00u00      [ 1]  152 	mov	_status+0, #0x02
                                    153 ;	/Users/mybays/develop/stm8/stm8_proj.dev/new_air/newair/src/ir.c: 52: return;
      000078 CCr01r37         [ 2]  154 	jp	00136$
      00007B                        155 00104$:
                                    156 ;	/Users/mybays/develop/stm8/stm8_proj.dev/new_air/newair/src/ir.c: 56: if(((capValue < IR_ONE_MAX) && (capValue > IR_ONE_MIN))
      00007B A3 09 C4         [ 2]  157 	cpw	x, #0x09c4
      00007E 4F               [ 1]  158 	clr	a
      00007F 49               [ 1]  159 	rlc	a
      000080 6B 03            [ 1]  160 	ld	(0x03, sp), a
      000082 A3 07 D0         [ 2]  161 	cpw	x, #0x07d0
      000085 23 03            [ 2]  162 	jrule	00218$
      000087 A6 01            [ 1]  163 	ld	a, #0x01
      000089 21                     164 	.byte 0x21
      00008A                        165 00218$:
      00008A 4F               [ 1]  166 	clr	a
      00008B                        167 00219$:
      00008B 0D 03            [ 1]  168 	tnz	(0x03, sp)
      00008D 27 03            [ 1]  169 	jreq	00116$
      00008F 4D               [ 1]  170 	tnz	a
      000090 26 0A            [ 1]  171 	jrne	00111$
      000092                        172 00116$:
                                    173 ;	/Users/mybays/develop/stm8/stm8_proj.dev/new_air/newair/src/ir.c: 57: ||((capValue < IR_ZERO_MAX) && (capValue > IR_ZERO_MIN)))
      000092 A3 04 E2         [ 2]  174 	cpw	x, #0x04e2
      000095 24 2E            [ 1]  175 	jrnc	00112$
      000097 A3 03 E8         [ 2]  176 	cpw	x, #0x03e8
      00009A 23 29            [ 2]  177 	jrule	00112$
      00009C                        178 00111$:
                                    179 ;	/Users/mybays/develop/stm8/stm8_proj.dev/new_air/newair/src/ir.c: 60: if(status != 3)
      00009C 88               [ 1]  180 	push	a
      00009D C6u00u00         [ 1]  181 	ld	a, _status+0
      0000A0 A1 03            [ 1]  182 	cp	a, #0x03
      0000A2 84               [ 1]  183 	pop	a
      0000A3 27 06            [ 1]  184 	jreq	00106$
                                    185 ;	/Users/mybays/develop/stm8/stm8_proj.dev/new_air/newair/src/ir.c: 62: status =3;
      0000A5 35 03u00u00      [ 1]  186 	mov	_status+0, #0x03
      0000A9 20 08            [ 2]  187 	jra	00107$
      0000AB                        188 00106$:
                                    189 ;	/Users/mybays/develop/stm8/stm8_proj.dev/new_air/newair/src/ir.c: 66: shift = shift<<1;
      0000AB 72 58u00u02      [ 1]  190 	sll	_shift+1
      0000AF 72 59u00u01      [ 1]  191 	rlc	_shift+0
      0000B3                        192 00107$:
                                    193 ;	/Users/mybays/develop/stm8/stm8_proj.dev/new_air/newair/src/ir.c: 68: if((capValue < IR_ONE_MAX) && (capValue > IR_ONE_MIN))
      0000B3 0D 03            [ 1]  194 	tnz	(0x03, sp)
      0000B5 27 1C            [ 1]  195 	jreq	00113$
      0000B7 4D               [ 1]  196 	tnz	a
      0000B8 27 19            [ 1]  197 	jreq	00113$
                                    198 ;	/Users/mybays/develop/stm8/stm8_proj.dev/new_air/newair/src/ir.c: 70: shift|=1;
      0000BA CEu00u01         [ 2]  199 	ldw	x, _shift+0
      0000BD 54               [ 2]  200 	srlw	x
      0000BE 99               [ 1]  201 	scf
      0000BF 59               [ 2]  202 	rlcw	x
      0000C0 CFu00u01         [ 2]  203 	ldw	_shift+0, x
      0000C3 20 0E            [ 2]  204 	jra	00113$
      0000C5                        205 00112$:
                                    206 ;	/Users/mybays/develop/stm8/stm8_proj.dev/new_air/newair/src/ir.c: 76: printf("erlen:%d\r\n",capValue);
      0000C5 1E 01            [ 2]  207 	ldw	x, (0x01, sp)
      0000C7 89               [ 2]  208 	pushw	x
      0000C8 4Br27            [ 1]  209 	push	#<(___str_5+0)
      0000CA 4Bs00            [ 1]  210 	push	#((___str_5+0) >> 8)
      0000CC CDr00r00         [ 4]  211 	call	_printf
      0000CF 5B 04            [ 2]  212 	addw	sp, #4
                                    213 ;	/Users/mybays/develop/stm8/stm8_proj.dev/new_air/newair/src/ir.c: 77: return;
      0000D1 20 64            [ 2]  214 	jra	00136$
      0000D3                        215 00113$:
                                    216 ;	/Users/mybays/develop/stm8/stm8_proj.dev/new_air/newair/src/ir.c: 80: uint8_t high=(shift&0xff00)>>8;
      0000D3 CEu00u01         [ 2]  217 	ldw	x, _shift+0
      0000D6 9E               [ 1]  218 	ld	a, xh
      0000D7 5F               [ 1]  219 	clrw	x
      0000D8 97               [ 1]  220 	ld	xl, a
                                    221 ;	/Users/mybays/develop/stm8/stm8_proj.dev/new_air/newair/src/ir.c: 81: uint8_t low=(int8_t)(shift&0x00ff);
      0000D9 C6u00u02         [ 1]  222 	ld	a, _shift+1
                                    223 ;	/Users/mybays/develop/stm8/stm8_proj.dev/new_air/newair/src/ir.c: 85: if(0xff==(low^high))
      0000DC 89               [ 2]  224 	pushw	x
      0000DD 18 02            [ 1]  225 	xor	a, (2, sp)
      0000DF 85               [ 2]  226 	popw	x
      0000E0 4C               [ 1]  227 	inc	a
      0000E1 26 18            [ 1]  228 	jrne	00121$
                                    229 ;	/Users/mybays/develop/stm8/stm8_proj.dev/new_air/newair/src/ir.c: 90: addr = high;
      0000E3 4F               [ 1]  230 	clr	a
      0000E4 95               [ 1]  231 	ld	xh, a
                                    232 ;	/Users/mybays/develop/stm8/stm8_proj.dev/new_air/newair/src/ir.c: 87: if(addr == 0)
      0000E5 90 CEu00u03      [ 2]  233 	ldw	y, _addr+0
      0000E9 26 0D            [ 1]  234 	jrne	00118$
                                    235 ;	/Users/mybays/develop/stm8/stm8_proj.dev/new_air/newair/src/ir.c: 90: addr = high;
      0000EB CFu00u03         [ 2]  236 	ldw	_addr+0, x
                                    237 ;	/Users/mybays/develop/stm8/stm8_proj.dev/new_air/newair/src/ir.c: 91: shift = 0;
      0000EE 5F               [ 1]  238 	clrw	x
      0000EF CFu00u01         [ 2]  239 	ldw	_shift+0, x
                                    240 ;	/Users/mybays/develop/stm8/stm8_proj.dev/new_air/newair/src/ir.c: 94: status = 2;
      0000F2 35 02u00u00      [ 1]  241 	mov	_status+0, #0x02
      0000F6 20 03            [ 2]  242 	jra	00121$
      0000F8                        243 00118$:
                                    244 ;	/Users/mybays/develop/stm8/stm8_proj.dev/new_air/newair/src/ir.c: 100: cmd = high;
      0000F8 CFu00u05         [ 2]  245 	ldw	_cmd+0, x
                                    246 ;	/Users/mybays/develop/stm8/stm8_proj.dev/new_air/newair/src/ir.c: 101: capValue = 0;
      0000FB                        247 00121$:
                                    248 ;	/Users/mybays/develop/stm8/stm8_proj.dev/new_air/newair/src/ir.c: 105: if((cmd > 0)&&(addr > 0))
      0000FB CEu00u05         [ 2]  249 	ldw	x, _cmd+0
      0000FE 27 37            [ 1]  250 	jreq	00136$
      000100 CEu00u03         [ 2]  251 	ldw	x, _addr+0
      000103 27 32            [ 1]  252 	jreq	00136$
                                    253 ;	/Users/mybays/develop/stm8/stm8_proj.dev/new_air/newair/src/ir.c: 107: printf("addr:0x%02x,cmd:0x%02x\r\n",addr,cmd);
      000105 CEu00u05         [ 2]  254 	ldw	x, _cmd+0
      000108 89               [ 2]  255 	pushw	x
      000109 CEu00u03         [ 2]  256 	ldw	x, _addr+0
      00010C 89               [ 2]  257 	pushw	x
      00010D 4Br00            [ 1]  258 	push	#<(___str_0+0)
      00010F 4Bs00            [ 1]  259 	push	#((___str_0+0) >> 8)
      000111 CDr00r00         [ 4]  260 	call	_printf
      000114 5B 06            [ 2]  261 	addw	sp, #6
                                    262 ;	/Users/mybays/develop/stm8/stm8_proj.dev/new_air/newair/src/ir.c: 108: if(cmd == 0x8c)
      000116 CEu00u05         [ 2]  263 	ldw	x, _cmd+0
      000119 A3 00 8C         [ 2]  264 	cpw	x, #0x008c
      00011C 26 05            [ 1]  265 	jrne	00128$
                                    266 ;	/Users/mybays/develop/stm8/stm8_proj.dev/new_air/newair/src/ir.c: 110: fan_down();
      00011E 5B 03            [ 2]  267 	addw	sp, #3
      000120 CCr00r00         [ 2]  268 	jp	_fan_down
      000123                        269 00128$:
                                    270 ;	/Users/mybays/develop/stm8/stm8_proj.dev/new_air/newair/src/ir.c: 112: else if(cmd == 0x94)
      000123 A3 00 94         [ 2]  271 	cpw	x, #0x0094
      000126 26 05            [ 1]  272 	jrne	00125$
                                    273 ;	/Users/mybays/develop/stm8/stm8_proj.dev/new_air/newair/src/ir.c: 114: fan_up();
      000128 5B 03            [ 2]  274 	addw	sp, #3
      00012A CCr00r00         [ 2]  275 	jp	_fan_up
      00012D                        276 00125$:
                                    277 ;	/Users/mybays/develop/stm8/stm8_proj.dev/new_air/newair/src/ir.c: 116: else if(cmd == 0xec)
      00012D A3 00 EC         [ 2]  278 	cpw	x, #0x00ec
      000130 26 05            [ 1]  279 	jrne	00136$
                                    280 ;	/Users/mybays/develop/stm8/stm8_proj.dev/new_air/newair/src/ir.c: 118: fan_sw();
      000132 5B 03            [ 2]  281 	addw	sp, #3
      000134 CCr00r00         [ 2]  282 	jp	_fan_sw
      000137                        283 00136$:
                                    284 ;	/Users/mybays/develop/stm8/stm8_proj.dev/new_air/newair/src/ir.c: 122: }
      000137 5B 03            [ 2]  285 	addw	sp, #3
      000139 81               [ 4]  286 	ret
                                    287 	.area CODE
                                    288 	.area CONST
                                    289 	.area CONST
      000000                        290 ___str_0:
      000000 61 64 64 72 3A 30 78   291 	.ascii "addr:0x%02x,cmd:0x%02x"
             25 30 32 78 2C 63 6D
             64 3A 30 78 25 30 32
             78
      000016 0D                     292 	.db 0x0d
      000017 0A                     293 	.db 0x0a
      000018 00                     294 	.db 0x00
                                    295 	.area CODE
                                    296 	.area CONST
      000019                        297 ___str_2:
      000019 2D 6F 76 66 2D         298 	.ascii "-ovf-"
      00001E 0D                     299 	.db 0x0d
      00001F 00                     300 	.db 0x00
                                    301 	.area CODE
                                    302 	.area CONST
      000020                        303 ___str_4:
      000020 2D 63 61 70 2D         304 	.ascii "-cap-"
      000025 0D                     305 	.db 0x0d
      000026 00                     306 	.db 0x00
                                    307 	.area CODE
                                    308 	.area CONST
      000027                        309 ___str_5:
      000027 65 72 6C 65 6E 3A 25   310 	.ascii "erlen:%d"
             64
      00002F 0D                     311 	.db 0x0d
      000030 0A                     312 	.db 0x0a
      000031 00                     313 	.db 0x00
                                    314 	.area CODE
                                    315 	.area INITIALIZER
                                    316 	.area CABS (ABS)
