                                      1 ;--------------------------------------------------------
                                      2 ; File Created by SDCC : free open source ANSI-C Compiler
                                      3 ; Version 4.1.0 #12072 (Mac OS X x86_64)
                                      4 ;--------------------------------------------------------
                                      5 	.module main
                                      6 	.optsdcc -mstm8
                                      7 	
                                      8 ;--------------------------------------------------------
                                      9 ; Public variables in this module
                                     10 ;--------------------------------------------------------
                                     11 	.globl _TIM4_Config
                                     12 	.globl _main
                                     13 	.globl _printf
                                     14 	.globl _UART2_GetFlagStatus
                                     15 	.globl _UART2_SendData8
                                     16 	.globl _UART2_ReceiveData8
                                     17 	.globl _UART2_Init
                                     18 	.globl _UART2_DeInit
                                     19 	.globl _TIM4_TimeBaseInit
                                     20 	.globl _TIM3_ClearFlag
                                     21 	.globl _TIM3_ITConfig
                                     22 	.globl _TIM3_Cmd
                                     23 	.globl _TIM3_ICInit
                                     24 	.globl _TIM3_TimeBaseInit
                                     25 	.globl _TIM1_CtrlPWMOutputs
                                     26 	.globl _TIM1_Cmd
                                     27 	.globl _TIM1_OC1Init
                                     28 	.globl _TIM1_TimeBaseInit
                                     29 	.globl _TIM1_DeInit
                                     30 	.globl _IWDG_Enable
                                     31 	.globl _IWDG_ReloadCounter
                                     32 	.globl _IWDG_SetReload
                                     33 	.globl _IWDG_SetPrescaler
                                     34 	.globl _IWDG_WriteAccessCmd
                                     35 	.globl _GPIO_WriteReverse
                                     36 	.globl _GPIO_Init
                                     37 	.globl _EXTI_SetTLISensitivity
                                     38 	.globl _EXTI_SetExtIntSensitivity
                                     39 	.globl _CLK_HSIPrescalerConfig
                                     40 	.globl _UART2_Config
                                     41 	.globl _TIM1_Config
                                     42 	.globl _TIM2_Config
                                     43 	.globl _TIM3_Config
                                     44 	.globl _IWDG_Config
                                     45 	.globl _putchar
                                     46 	.globl _getchar
                                     47 ;--------------------------------------------------------
                                     48 ; ram data
                                     49 ;--------------------------------------------------------
                                     50 	.area DATA
                                     51 ;--------------------------------------------------------
                                     52 ; ram data
                                     53 ;--------------------------------------------------------
                                     54 	.area INITIALIZED
                                     55 ;--------------------------------------------------------
                                     56 ; Stack segment in internal ram 
                                     57 ;--------------------------------------------------------
                                     58 	.area	SSEG
      000000                         59 __start__stack:
      000000                         60 	.ds	1
                                     61 
                                     62 ;--------------------------------------------------------
                                     63 ; absolute external ram data
                                     64 ;--------------------------------------------------------
                                     65 	.area DABS (ABS)
                                     66 
                                     67 ; default segment ordering for linker
                                     68 	.area HOME
                                     69 	.area GSINIT
                                     70 	.area GSFINAL
                                     71 	.area CONST
                                     72 	.area INITIALIZER
                                     73 	.area CODE
                                     74 
                                     75 ;--------------------------------------------------------
                                     76 ; interrupt vector 
                                     77 ;--------------------------------------------------------
                                     78 	.area HOME
      000000                         79 __interrupt_vect:
      000000 82v00u00u00             80 	int s_GSINIT ; reset
      000004 82v00u00u00             81 	int _TRAP_IRQHandler ; trap
      000008 82v00u00u00             82 	int _TLI_IRQHandler ; int0
      00000C 82v00u00u00             83 	int _AWU_IRQHandler ; int1
      000010 82v00u00u00             84 	int _CLK_IRQHandler ; int2
      000014 82v00u00u00             85 	int _EXTI_PORTA_IRQHandler ; int3
      000018 82v00u00u00             86 	int _EXTI_PORTB_IRQHandler ; int4
      00001C 82v00u00u00             87 	int _EXTI_PORTC_IRQHandler ; int5
      000020 82v00u00u00             88 	int _EXTI_PORTD_IRQHandler ; int6
      000024 82v00u00u00             89 	int _EXTI_PORTE_IRQHandler ; int7
      000028 82 00 00 00             90 	int 0x000000 ; int8
      00002C 82 00 00 00             91 	int 0x000000 ; int9
      000030 82v00u00u00             92 	int _SPI_IRQHandler ; int10
      000034 82v00u00u00             93 	int _TIM1_UPD_OVF_TRG_BRK_IRQHandler ; int11
      000038 82v00u00u00             94 	int _TIM1_CAP_COM_IRQHandler ; int12
      00003C 82v00u00u00             95 	int _TIM2_UPD_OVF_BRK_IRQHandler ; int13
      000040 82v00u00u00             96 	int _TIM2_CAP_COM_IRQHandler ; int14
      000044 82v00u00u00             97 	int _TIM3_UPD_OVF_BRK_IRQHandler ; int15
      000048 82v00u00u00             98 	int _TIM3_CAP_COM_IRQHandler ; int16
      00004C 82 00 00 00             99 	int 0x000000 ; int17
      000050 82 00 00 00            100 	int 0x000000 ; int18
      000054 82v00u00u00            101 	int _I2C_IRQHandler ; int19
      000058 82v00u00u00            102 	int _UART2_TX_IRQHandler ; int20
      00005C 82v00u00u00            103 	int _UART2_RX_IRQHandler ; int21
      000060 82v00u00u00            104 	int _ADC1_IRQHandler ; int22
      000064 82v00u00u00            105 	int _TIM4_UPD_OVF_IRQHandler ; int23
      000068 82v00u00u00            106 	int _EEPROM_EEC_IRQHandler ; int24
                                    107 ;--------------------------------------------------------
                                    108 ; global & static initialisations
                                    109 ;--------------------------------------------------------
                                    110 	.area HOME
                                    111 	.area GSINIT
                                    112 	.area GSFINAL
                                    113 	.area GSINIT
      000000                        114 __sdcc_init_data:
                                    115 ; stm8_genXINIT() start
      000000 AEr00r00         [ 2]  116 	ldw x, #l_DATA
      000003 27 07            [ 1]  117 	jreq	00002$
      000005                        118 00001$:
      000005 72 4FuFFuFF      [ 1]  119 	clr (s_DATA - 1, x)
      000009 5A               [ 2]  120 	decw x
      00000A 26 F9            [ 1]  121 	jrne	00001$
      00000C                        122 00002$:
      00000C AEr00r00         [ 2]  123 	ldw	x, #l_INITIALIZER
      00000F 27 09            [ 1]  124 	jreq	00004$
      000011                        125 00003$:
      000011 D6uFFuFF         [ 1]  126 	ld	a, (s_INITIALIZER - 1, x)
      000014 D7uFFuFF         [ 1]  127 	ld	(s_INITIALIZED - 1, x), a
      000017 5A               [ 2]  128 	decw	x
      000018 26 F7            [ 1]  129 	jrne	00003$
      00001A                        130 00004$:
                                    131 ; stm8_genXINIT() end
                                    132 	.area GSFINAL
      000000 CCr00r6C         [ 2]  133 	jp	__sdcc_program_startup
                                    134 ;--------------------------------------------------------
                                    135 ; Home
                                    136 ;--------------------------------------------------------
                                    137 	.area HOME
                                    138 	.area HOME
      00006C                        139 __sdcc_program_startup:
      00006C CCr00r00         [ 2]  140 	jp	_main
                                    141 ;	return from main will return to caller
                                    142 ;--------------------------------------------------------
                                    143 ; code
                                    144 ;--------------------------------------------------------
                                    145 	.area CODE
                                    146 ;	/Users/mybays/develop/stm8/stm8_proj.dev/new_air/newair/src/main.c: 69: void main(void)
                                    147 ;	-----------------------------------------
                                    148 ;	 function main
                                    149 ;	-----------------------------------------
      000000                        150 _main:
                                    151 ;	/Users/mybays/develop/stm8/stm8_proj.dev/new_air/newair/src/main.c: 73: CLK_HSIPrescalerConfig(CLK_PRESCALER_HSIDIV1);
      000000 4B 00            [ 1]  152 	push	#0x00
      000002 CDr00r00         [ 4]  153 	call	_CLK_HSIPrescalerConfig
      000005 84               [ 1]  154 	pop	a
                                    155 ;	/Users/mybays/develop/stm8/stm8_proj.dev/new_air/newair/src/main.c: 75: GPIO_Config();  
      000006 CDr00r37         [ 4]  156 	call	_GPIO_Config
                                    157 ;	/Users/mybays/develop/stm8/stm8_proj.dev/new_air/newair/src/main.c: 79: EXTI_SetExtIntSensitivity(EXTI_PORT_GPIOC, EXTI_SENSITIVITY_RISE_FALL);
      000009 4B 03            [ 1]  158 	push	#0x03
      00000B 4B 02            [ 1]  159 	push	#0x02
      00000D CDr00r00         [ 4]  160 	call	_EXTI_SetExtIntSensitivity
      000010 85               [ 2]  161 	popw	x
                                    162 ;	/Users/mybays/develop/stm8/stm8_proj.dev/new_air/newair/src/main.c: 81: EXTI_SetExtIntSensitivity(EXTI_PORT_GPIOD, EXTI_SENSITIVITY_FALL_ONLY);
      000011 4B 02            [ 1]  163 	push	#0x02
      000013 4B 03            [ 1]  164 	push	#0x03
      000015 CDr00r00         [ 4]  165 	call	_EXTI_SetExtIntSensitivity
      000018 85               [ 2]  166 	popw	x
                                    167 ;	/Users/mybays/develop/stm8/stm8_proj.dev/new_air/newair/src/main.c: 82: EXTI_SetTLISensitivity(EXTI_TLISENSITIVITY_FALL_ONLY);
      000019 4B 00            [ 1]  168 	push	#0x00
      00001B CDr00r00         [ 4]  169 	call	_EXTI_SetTLISensitivity
      00001E 84               [ 1]  170 	pop	a
                                    171 ;	/Users/mybays/develop/stm8/stm8_proj.dev/new_air/newair/src/main.c: 86: GPIO_WriteReverse(LED_PORT, LED_PIN);
      00001F 4B 10            [ 1]  172 	push	#0x10
      000021 4B 19            [ 1]  173 	push	#0x19
      000023 4B 50            [ 1]  174 	push	#0x50
      000025 CDr00r00         [ 4]  175 	call	_GPIO_WriteReverse
      000028 5B 03            [ 2]  176 	addw	sp, #3
                                    177 ;	/Users/mybays/develop/stm8/stm8_proj.dev/new_air/newair/src/main.c: 88: UART2_Config();
      00002A CDr00r6C         [ 4]  178 	call	_UART2_Config
                                    179 ;	/Users/mybays/develop/stm8/stm8_proj.dev/new_air/newair/src/main.c: 89: TIM1_Config();
      00002D CDr00r8F         [ 4]  180 	call	_TIM1_Config
                                    181 ;	/Users/mybays/develop/stm8/stm8_proj.dev/new_air/newair/src/main.c: 90: TIM3_Config();
      000030 CDr00rC6         [ 4]  182 	call	_TIM3_Config
                                    183 ;	/Users/mybays/develop/stm8/stm8_proj.dev/new_air/newair/src/main.c: 92: enableInterrupts();
      000033 9A               [ 1]  184 	rim
                                    185 ;	/Users/mybays/develop/stm8/stm8_proj.dev/new_air/newair/src/main.c: 96: while (1)
      000034                        186 00102$:
      000034 20 FE            [ 2]  187 	jra	00102$
                                    188 ;	/Users/mybays/develop/stm8/stm8_proj.dev/new_air/newair/src/main.c: 102: }
      000036 81               [ 4]  189 	ret
                                    190 ;	/Users/mybays/develop/stm8/stm8_proj.dev/new_air/newair/src/main.c: 105: static void GPIO_Config(void)
                                    191 ;	-----------------------------------------
                                    192 ;	 function GPIO_Config
                                    193 ;	-----------------------------------------
      000037                        194 _GPIO_Config:
                                    195 ;	/Users/mybays/develop/stm8/stm8_proj.dev/new_air/newair/src/main.c: 108: GPIO_Init(LED_PORT, (GPIO_Pin_TypeDef)(LED_PIN),GPIO_MODE_OUT_PP_HIGH_FAST);
      000037 4B F0            [ 1]  196 	push	#0xf0
      000039 4B 10            [ 1]  197 	push	#0x10
      00003B 4B 19            [ 1]  198 	push	#0x19
      00003D 4B 50            [ 1]  199 	push	#0x50
      00003F CDr00r00         [ 4]  200 	call	_GPIO_Init
      000042 5B 04            [ 2]  201 	addw	sp, #4
                                    202 ;	/Users/mybays/develop/stm8/stm8_proj.dev/new_air/newair/src/main.c: 111: GPIO_Init(KEY_PORT, (GPIO_Pin_TypeDef)(KEY_PIN),GPIO_MODE_IN_FL_IT);
      000044 4B 20            [ 1]  203 	push	#0x20
      000046 4B 08            [ 1]  204 	push	#0x08
      000048 4B 0A            [ 1]  205 	push	#0x0a
      00004A 4B 50            [ 1]  206 	push	#0x50
      00004C CDr00r00         [ 4]  207 	call	_GPIO_Init
      00004F 5B 04            [ 2]  208 	addw	sp, #4
                                    209 ;	/Users/mybays/develop/stm8/stm8_proj.dev/new_air/newair/src/main.c: 114: GPIO_Init(IR_PORT, (GPIO_Pin_TypeDef)(IR_PIN),GPIO_MODE_IN_FL_NO_IT);
      000051 4B 00            [ 1]  210 	push	#0x00
      000053 4B 04            [ 1]  211 	push	#0x04
      000055 4B 0F            [ 1]  212 	push	#0x0f
      000057 4B 50            [ 1]  213 	push	#0x50
      000059 CDr00r00         [ 4]  214 	call	_GPIO_Init
      00005C 5B 04            [ 2]  215 	addw	sp, #4
                                    216 ;	/Users/mybays/develop/stm8/stm8_proj.dev/new_air/newair/src/main.c: 117: GPIO_Init(FAN_PORT, (GPIO_Pin_TypeDef)(FAN_SW_PIN),GPIO_MODE_OUT_PP_HIGH_FAST);
      00005E 4B F0            [ 1]  217 	push	#0xf0
      000060 4B 04            [ 1]  218 	push	#0x04
      000062 4B 0A            [ 1]  219 	push	#0x0a
      000064 4B 50            [ 1]  220 	push	#0x50
      000066 CDr00r00         [ 4]  221 	call	_GPIO_Init
      000069 5B 04            [ 2]  222 	addw	sp, #4
                                    223 ;	/Users/mybays/develop/stm8/stm8_proj.dev/new_air/newair/src/main.c: 119: }
      00006B 81               [ 4]  224 	ret
                                    225 ;	/Users/mybays/develop/stm8/stm8_proj.dev/new_air/newair/src/main.c: 122: void UART2_Config(void)
                                    226 ;	-----------------------------------------
                                    227 ;	 function UART2_Config
                                    228 ;	-----------------------------------------
      00006C                        229 _UART2_Config:
                                    230 ;	/Users/mybays/develop/stm8/stm8_proj.dev/new_air/newair/src/main.c: 124: UART2_DeInit();
      00006C CDr00r00         [ 4]  231 	call	_UART2_DeInit
                                    232 ;	/Users/mybays/develop/stm8/stm8_proj.dev/new_air/newair/src/main.c: 134: UART2_Init((uint32_t)115200, UART2_WORDLENGTH_8D, UART2_STOPBITS_1, UART2_PARITY_NO,
      00006F 4B 0C            [ 1]  233 	push	#0x0c
      000071 4B 80            [ 1]  234 	push	#0x80
      000073 4B 00            [ 1]  235 	push	#0x00
      000075 4B 00            [ 1]  236 	push	#0x00
      000077 4B 00            [ 1]  237 	push	#0x00
      000079 4B 00            [ 1]  238 	push	#0x00
      00007B 4B C2            [ 1]  239 	push	#0xc2
      00007D 4B 01            [ 1]  240 	push	#0x01
      00007F 4B 00            [ 1]  241 	push	#0x00
      000081 CDr00r00         [ 4]  242 	call	_UART2_Init
      000084 5B 09            [ 2]  243 	addw	sp, #9
                                    244 ;	/Users/mybays/develop/stm8/stm8_proj.dev/new_air/newair/src/main.c: 138: printf("\n\rfan start\n\r");
      000086 4Br00            [ 1]  245 	push	#<(___str_0+0)
      000088 4Bs00            [ 1]  246 	push	#((___str_0+0) >> 8)
      00008A CDr00r00         [ 4]  247 	call	_printf
      00008D 85               [ 2]  248 	popw	x
                                    249 ;	/Users/mybays/develop/stm8/stm8_proj.dev/new_air/newair/src/main.c: 139: }
      00008E 81               [ 4]  250 	ret
                                    251 ;	/Users/mybays/develop/stm8/stm8_proj.dev/new_air/newair/src/main.c: 143: void TIM1_Config(void)
                                    252 ;	-----------------------------------------
                                    253 ;	 function TIM1_Config
                                    254 ;	-----------------------------------------
      00008F                        255 _TIM1_Config:
                                    256 ;	/Users/mybays/develop/stm8/stm8_proj.dev/new_air/newair/src/main.c: 145: TIM1_DeInit();
      00008F CDr00r00         [ 4]  257 	call	_TIM1_DeInit
                                    258 ;	/Users/mybays/develop/stm8/stm8_proj.dev/new_air/newair/src/main.c: 147: TIM1_TimeBaseInit(0, TIM1_COUNTERMODE_UP, 3200, 0);
      000092 4B 00            [ 1]  259 	push	#0x00
      000094 4B 80            [ 1]  260 	push	#0x80
      000096 4B 0C            [ 1]  261 	push	#0x0c
      000098 4B 00            [ 1]  262 	push	#0x00
      00009A 5F               [ 1]  263 	clrw	x
      00009B 89               [ 2]  264 	pushw	x
      00009C CDr00r00         [ 4]  265 	call	_TIM1_TimeBaseInit
      00009F 5B 06            [ 2]  266 	addw	sp, #6
                                    267 ;	/Users/mybays/develop/stm8/stm8_proj.dev/new_air/newair/src/main.c: 149: TIM1_OC1Init(TIM1_OCMODE_PWM2, TIM1_OUTPUTSTATE_ENABLE, TIM1_OUTPUTNSTATE_ENABLE,
      0000A1 4B 00            [ 1]  268 	push	#0x00
      0000A3 4B 55            [ 1]  269 	push	#0x55
      0000A5 4B 00            [ 1]  270 	push	#0x00
      0000A7 4B 22            [ 1]  271 	push	#0x22
      0000A9 4B 1C            [ 1]  272 	push	#0x1c
      0000AB 4B 0C            [ 1]  273 	push	#0x0c
      0000AD 4B 44            [ 1]  274 	push	#0x44
      0000AF 4B 11            [ 1]  275 	push	#0x11
      0000B1 4B 70            [ 1]  276 	push	#0x70
      0000B3 CDr00r00         [ 4]  277 	call	_TIM1_OC1Init
      0000B6 5B 09            [ 2]  278 	addw	sp, #9
                                    279 ;	/Users/mybays/develop/stm8/stm8_proj.dev/new_air/newair/src/main.c: 152: TIM1_Cmd(ENABLE);
      0000B8 4B 01            [ 1]  280 	push	#0x01
      0000BA CDr00r00         [ 4]  281 	call	_TIM1_Cmd
      0000BD 84               [ 1]  282 	pop	a
                                    283 ;	/Users/mybays/develop/stm8/stm8_proj.dev/new_air/newair/src/main.c: 153: TIM1_CtrlPWMOutputs(ENABLE);
      0000BE 4B 01            [ 1]  284 	push	#0x01
      0000C0 CDr00r00         [ 4]  285 	call	_TIM1_CtrlPWMOutputs
      0000C3 84               [ 1]  286 	pop	a
                                    287 ;	/Users/mybays/develop/stm8/stm8_proj.dev/new_air/newair/src/main.c: 154: }
      0000C4 81               [ 4]  288 	ret
                                    289 ;	/Users/mybays/develop/stm8/stm8_proj.dev/new_air/newair/src/main.c: 157: void TIM2_Config(void)
                                    290 ;	-----------------------------------------
                                    291 ;	 function TIM2_Config
                                    292 ;	-----------------------------------------
      0000C5                        293 _TIM2_Config:
                                    294 ;	/Users/mybays/develop/stm8/stm8_proj.dev/new_air/newair/src/main.c: 160: }
      0000C5 81               [ 4]  295 	ret
                                    296 ;	/Users/mybays/develop/stm8/stm8_proj.dev/new_air/newair/src/main.c: 163: void TIM3_Config(void)
                                    297 ;	-----------------------------------------
                                    298 ;	 function TIM3_Config
                                    299 ;	-----------------------------------------
      0000C6                        300 _TIM3_Config:
                                    301 ;	/Users/mybays/develop/stm8/stm8_proj.dev/new_air/newair/src/main.c: 165: TIM3_TimeBaseInit(TIM3_PRESCALER_16,60000-1);
      0000C6 4B 5F            [ 1]  302 	push	#0x5f
      0000C8 4B EA            [ 1]  303 	push	#0xea
      0000CA 4B 04            [ 1]  304 	push	#0x04
      0000CC CDr00r00         [ 4]  305 	call	_TIM3_TimeBaseInit
      0000CF 5B 03            [ 2]  306 	addw	sp, #3
                                    307 ;	/Users/mybays/develop/stm8/stm8_proj.dev/new_air/newair/src/main.c: 167: TIM3_ICInit( TIM3_CHANNEL_1, TIM3_ICPOLARITY_FALLING, TIM3_ICSELECTION_DIRECTTI,
      0000D1 4B 00            [ 1]  308 	push	#0x00
      0000D3 4B 00            [ 1]  309 	push	#0x00
      0000D5 4B 01            [ 1]  310 	push	#0x01
      0000D7 4B 44            [ 1]  311 	push	#0x44
      0000D9 4B 00            [ 1]  312 	push	#0x00
      0000DB CDr00r00         [ 4]  313 	call	_TIM3_ICInit
      0000DE 5B 05            [ 2]  314 	addw	sp, #5
                                    315 ;	/Users/mybays/develop/stm8/stm8_proj.dev/new_air/newair/src/main.c: 170: TIM3_ClearFlag(TIM3_FLAG_CC1);
      0000E0 4B 02            [ 1]  316 	push	#0x02
      0000E2 4B 00            [ 1]  317 	push	#0x00
      0000E4 CDr00r00         [ 4]  318 	call	_TIM3_ClearFlag
      0000E7 85               [ 2]  319 	popw	x
                                    320 ;	/Users/mybays/develop/stm8/stm8_proj.dev/new_air/newair/src/main.c: 171: TIM3_ITConfig(TIM3_IT_UPDATE,ENABLE);
      0000E8 4B 01            [ 1]  321 	push	#0x01
      0000EA 4B 01            [ 1]  322 	push	#0x01
      0000EC CDr00r00         [ 4]  323 	call	_TIM3_ITConfig
      0000EF 85               [ 2]  324 	popw	x
                                    325 ;	/Users/mybays/develop/stm8/stm8_proj.dev/new_air/newair/src/main.c: 172: TIM3_ITConfig(TIM3_IT_CC1,ENABLE);
      0000F0 4B 01            [ 1]  326 	push	#0x01
      0000F2 4B 02            [ 1]  327 	push	#0x02
      0000F4 CDr00r00         [ 4]  328 	call	_TIM3_ITConfig
      0000F7 85               [ 2]  329 	popw	x
                                    330 ;	/Users/mybays/develop/stm8/stm8_proj.dev/new_air/newair/src/main.c: 173: TIM3_Cmd(ENABLE);
      0000F8 4B 01            [ 1]  331 	push	#0x01
      0000FA CDr00r00         [ 4]  332 	call	_TIM3_Cmd
      0000FD 84               [ 1]  333 	pop	a
                                    334 ;	/Users/mybays/develop/stm8/stm8_proj.dev/new_air/newair/src/main.c: 175: return;
                                    335 ;	/Users/mybays/develop/stm8/stm8_proj.dev/new_air/newair/src/main.c: 176: }
      0000FE 81               [ 4]  336 	ret
                                    337 ;	/Users/mybays/develop/stm8/stm8_proj.dev/new_air/newair/src/main.c: 179: void TIM4_Config(void)
                                    338 ;	-----------------------------------------
                                    339 ;	 function TIM4_Config
                                    340 ;	-----------------------------------------
      0000FF                        341 _TIM4_Config:
                                    342 ;	/Users/mybays/develop/stm8/stm8_proj.dev/new_air/newair/src/main.c: 181: TIM4_TimeBaseInit(TIM4_PRESCALER_128,12);
      0000FF 4B 0C            [ 1]  343 	push	#0x0c
      000101 4B 07            [ 1]  344 	push	#0x07
      000103 CDr00r00         [ 4]  345 	call	_TIM4_TimeBaseInit
      000106 85               [ 2]  346 	popw	x
                                    347 ;	/Users/mybays/develop/stm8/stm8_proj.dev/new_air/newair/src/main.c: 183: }
      000107 81               [ 4]  348 	ret
                                    349 ;	/Users/mybays/develop/stm8/stm8_proj.dev/new_air/newair/src/main.c: 185: void IWDG_Config(void)
                                    350 ;	-----------------------------------------
                                    351 ;	 function IWDG_Config
                                    352 ;	-----------------------------------------
      000108                        353 _IWDG_Config:
                                    354 ;	/Users/mybays/develop/stm8/stm8_proj.dev/new_air/newair/src/main.c: 187: IWDG_Enable();
      000108 CDr00r00         [ 4]  355 	call	_IWDG_Enable
                                    356 ;	/Users/mybays/develop/stm8/stm8_proj.dev/new_air/newair/src/main.c: 188: IWDG_WriteAccessCmd(IWDG_WriteAccess_Enable);
      00010B 4B 55            [ 1]  357 	push	#0x55
      00010D CDr00r00         [ 4]  358 	call	_IWDG_WriteAccessCmd
      000110 84               [ 1]  359 	pop	a
                                    360 ;	/Users/mybays/develop/stm8/stm8_proj.dev/new_air/newair/src/main.c: 189: IWDG_SetPrescaler(IWDG_Prescaler_128);
      000111 4B 05            [ 1]  361 	push	#0x05
      000113 CDr00r00         [ 4]  362 	call	_IWDG_SetPrescaler
      000116 84               [ 1]  363 	pop	a
                                    364 ;	/Users/mybays/develop/stm8/stm8_proj.dev/new_air/newair/src/main.c: 192: IWDG_SetReload(255);
      000117 4B FF            [ 1]  365 	push	#0xff
      000119 CDr00r00         [ 4]  366 	call	_IWDG_SetReload
      00011C 84               [ 1]  367 	pop	a
                                    368 ;	/Users/mybays/develop/stm8/stm8_proj.dev/new_air/newair/src/main.c: 193: IWDG_ReloadCounter();
                                    369 ;	/Users/mybays/develop/stm8/stm8_proj.dev/new_air/newair/src/main.c: 194: }
      00011D CCr00r00         [ 2]  370 	jp	_IWDG_ReloadCounter
                                    371 ;	/Users/mybays/develop/stm8/stm8_proj.dev/new_air/newair/src/main.c: 201: PUTCHAR_PROTOTYPE
                                    372 ;	-----------------------------------------
                                    373 ;	 function putchar
                                    374 ;	-----------------------------------------
      000120                        375 _putchar:
                                    376 ;	/Users/mybays/develop/stm8/stm8_proj.dev/new_air/newair/src/main.c: 204: UART2_SendData8(c);
      000120 7B 04            [ 1]  377 	ld	a, (0x04, sp)
      000122 88               [ 1]  378 	push	a
      000123 CDr00r00         [ 4]  379 	call	_UART2_SendData8
      000126 84               [ 1]  380 	pop	a
                                    381 ;	/Users/mybays/develop/stm8/stm8_proj.dev/new_air/newair/src/main.c: 206: while (UART2_GetFlagStatus(UART2_FLAG_TXE) == RESET);
      000127                        382 00101$:
      000127 4B 80            [ 1]  383 	push	#0x80
      000129 4B 00            [ 1]  384 	push	#0x00
      00012B CDr00r00         [ 4]  385 	call	_UART2_GetFlagStatus
      00012E 85               [ 2]  386 	popw	x
      00012F 4D               [ 1]  387 	tnz	a
      000130 27 F5            [ 1]  388 	jreq	00101$
                                    389 ;	/Users/mybays/develop/stm8/stm8_proj.dev/new_air/newair/src/main.c: 208: return (c);
      000132 1E 03            [ 2]  390 	ldw	x, (0x03, sp)
                                    391 ;	/Users/mybays/develop/stm8/stm8_proj.dev/new_air/newair/src/main.c: 210: }
      000134 81               [ 4]  392 	ret
                                    393 ;	/Users/mybays/develop/stm8/stm8_proj.dev/new_air/newair/src/main.c: 217: GETCHAR_PROTOTYPE
                                    394 ;	-----------------------------------------
                                    395 ;	 function getchar
                                    396 ;	-----------------------------------------
      000135                        397 _getchar:
                                    398 ;	/Users/mybays/develop/stm8/stm8_proj.dev/new_air/newair/src/main.c: 225: while (UART2_GetFlagStatus(UART2_FLAG_RXNE) == RESET);
      000135                        399 00101$:
      000135 4B 20            [ 1]  400 	push	#0x20
      000137 4B 00            [ 1]  401 	push	#0x00
      000139 CDr00r00         [ 4]  402 	call	_UART2_GetFlagStatus
      00013C 85               [ 2]  403 	popw	x
      00013D 4D               [ 1]  404 	tnz	a
      00013E 27 F5            [ 1]  405 	jreq	00101$
                                    406 ;	/Users/mybays/develop/stm8/stm8_proj.dev/new_air/newair/src/main.c: 226: c = UART2_ReceiveData8();
      000140 CDr00r00         [ 4]  407 	call	_UART2_ReceiveData8
      000143 5F               [ 1]  408 	clrw	x
      000144 97               [ 1]  409 	ld	xl, a
                                    410 ;	/Users/mybays/develop/stm8/stm8_proj.dev/new_air/newair/src/main.c: 227: return (c);
                                    411 ;	/Users/mybays/develop/stm8/stm8_proj.dev/new_air/newair/src/main.c: 228: }
      000145 81               [ 4]  412 	ret
                                    413 	.area CODE
                                    414 	.area CONST
                                    415 	.area CONST
      000000                        416 ___str_0:
      000000 0A                     417 	.db 0x0a
      000001 0D                     418 	.db 0x0d
      000002 66 61 6E 20 73 74 61   419 	.ascii "fan start"
             72 74
      00000B 0A                     420 	.db 0x0a
      00000C 0D                     421 	.db 0x0d
      00000D 00                     422 	.db 0x00
                                    423 	.area CODE
                                    424 	.area INITIALIZER
                                    425 	.area CABS (ABS)
