ASxxxx Linker V03.00 + NoICE + sdld,  page 1.
Hexadecimal  [32-Bits]

Area                                    Addr        Size        Decimal Bytes (Attributes)
--------------------------------        ----        ----        ------- ----- ------------
.  .ABS.                            00000000    00000000 =           0. bytes (ABS,CON)

      Value  Global                              Global Defined In Module
      -----  --------------------------------   ------------------------
     00000000  .__.ABS.                           _strlen
     00000000  l_CABS                          
     00000000  l_DABS                          
     00000000  l__CODE                         
     00000000  s_CABS                          
     00000000  s_DABS                          
     00000000  s__CODE                         
     00000001  l_SSEG                          
     00000001  s_DATA                          
     00000003  l_GSFINAL                       
     00000004  l_INITIALIZED                   
     00000004  l_INITIALIZER                   
     00000007  l_DATA                          
     00000008  s_INITIALIZED                   
     0000000C  s_SSEG                          
     0000001A  l_GSINIT                        
     0000006F  l_HOME                          
     0000033D  l_CONST                         
     00003B3B  l_CODE                          
     00008000  s_HOME                          
     0000806F  s_GSINIT                        
     00008089  s_GSFINAL                       
     0000808C  s_CONST                         
     000083C9  s_INITIALIZER                   
     000083CD  s_CODE                          

ASxxxx Linker V03.00 + NoICE + sdld,  page 2.
Hexadecimal  [32-Bits]

Area                                    Addr        Size        Decimal Bytes (Attributes)
--------------------------------        ----        ----        ------- ----- ------------
DATA                                00000001    00000007 =           7. bytes (REL,CON)

      Value  Global                              Global Defined In Module
      -----  --------------------------------   ------------------------
     00000001  _status                            ir
     00000002  _shift                             ir
     00000004  _addr                              ir
     00000006  _cmd                               ir

ASxxxx Linker V03.00 + NoICE + sdld,  page 3.
Hexadecimal  [32-Bits]

Area                                    Addr        Size        Decimal Bytes (Attributes)
--------------------------------        ----        ----        ------- ----- ------------
INITIALIZED                         00000008    00000004 =           4. bytes (REL,CON)

      Value  Global                              Global Defined In Module
      -----  --------------------------------   ------------------------
     00000008  _ICValue1                          main
     0000000A  _ICValue2                          main

ASxxxx Linker V03.00 + NoICE + sdld,  page 4.
Hexadecimal  [32-Bits]

Area                                    Addr        Size        Decimal Bytes (Attributes)
--------------------------------        ----        ----        ------- ----- ------------
SSEG                                0000000C    00000001 =           1. bytes (REL,CON)

      Value  Global                              Global Defined In Module
      -----  --------------------------------   ------------------------
ASxxxx Linker V03.00 + NoICE + sdld,  page 5.
Hexadecimal  [32-Bits]

Area                                    Addr        Size        Decimal Bytes (Attributes)
--------------------------------        ----        ----        ------- ----- ------------
HOME                                00008000    0000006F =         111. bytes (REL,CON)

      Value  Global                              Global Defined In Module
      -----  --------------------------------   ------------------------
ASxxxx Linker V03.00 + NoICE + sdld,  page 6.
Hexadecimal  [32-Bits]

Area                                    Addr        Size        Decimal Bytes (Attributes)
--------------------------------        ----        ----        ------- ----- ------------
GSINIT                              0000806F    0000001A =          26. bytes (REL,CON)

      Value  Global                              Global Defined In Module
      -----  --------------------------------   ------------------------
ASxxxx Linker V03.00 + NoICE + sdld,  page 7.
Hexadecimal  [32-Bits]

Area                                    Addr        Size        Decimal Bytes (Attributes)
--------------------------------        ----        ----        ------- ----- ------------
GSFINAL                             00008089    00000003 =           3. bytes (REL,CON)

      Value  Global                              Global Defined In Module
      -----  --------------------------------   ------------------------
ASxxxx Linker V03.00 + NoICE + sdld,  page 8.
Hexadecimal  [32-Bits]

Area                                    Addr        Size        Decimal Bytes (Attributes)
--------------------------------        ----        ----        ------- ----- ------------
CONST                               0000808C    0000033D =         829. bytes (REL,CON)

      Value  Global                              Global Defined In Module
      -----  --------------------------------   ------------------------
     00008351  _HSIDivFactor                      stm8s_clk
     00008355  _CLKPrescTable                     stm8s_clk

ASxxxx Linker V03.00 + NoICE + sdld,  page 9.
Hexadecimal  [32-Bits]

Area                                    Addr        Size        Decimal Bytes (Attributes)
--------------------------------        ----        ----        ------- ----- ------------
INITIALIZER                         000083C9    00000004 =           4. bytes (REL,CON)

      Value  Global                              Global Defined In Module
      -----  --------------------------------   ------------------------
ASxxxx Linker V03.00 + NoICE + sdld,  page 10.
Hexadecimal  [32-Bits]

Area                                    Addr        Size        Decimal Bytes (Attributes)
--------------------------------        ----        ----        ------- ----- ------------
CODE                                000083CD    00003B3B =       15163. bytes (REL,CON)

      Value  Global                              Global Defined In Module
      -----  --------------------------------   ------------------------
     000083CD  _main                              main
     000084FF  _TIM3_Config                       main
     00008538  _putchar                           main
     0000854B  _getchar                           main
     0000855C  _assert_failed                     assert
     0000855F  _ov_handler                        ir
     0000858E  _cap_handler                       ir
     00008678  _TRAP_IRQHandler                   stm8s_it
     00008679  _TLI_IRQHandler                    stm8s_it
     0000867A  _AWU_IRQHandler                    stm8s_it
     0000867B  _CLK_IRQHandler                    stm8s_it
     0000867C  _EXTI_PORTA_IRQHandler             stm8s_it
     0000867D  _EXTI_PORTB_IRQHandler             stm8s_it
     0000867E  _EXTI_PORTC_IRQHandler             stm8s_it
     0000868B  _EXTI_PORTD_IRQHandler             stm8s_it
     000086A7  _EXTI_PORTE_IRQHandler             stm8s_it
     000086A8  _SPI_IRQHandler                    stm8s_it
     000086A9  _TIM1_UPD_OVF_TRG_BRK_IRQHandler   stm8s_it
     000086AA  _TIM1_CAP_COM_IRQHandler           stm8s_it
     000086AB  _TIM2_UPD_OVF_BRK_IRQHandler       stm8s_it
     000086AC  _TIM2_CAP_COM_IRQHandler           stm8s_it
     000086AD  _TIM3_UPD_OVF_BRK_IRQHandler       stm8s_it
     000086C7  _TIM3_CAP_COM_IRQHandler           stm8s_it
     000086E0  _I2C_IRQHandler                    stm8s_it
     000086E1  _UART2_TX_IRQHandler               stm8s_it
     000086E2  _UART2_RX_IRQHandler               stm8s_it
     000086E3  _ADC1_IRQHandler                   stm8s_it
     000086E4  _TIM4_UPD_OVF_IRQHandler           stm8s_it
     000086E5  _EEPROM_EEC_IRQHandler             stm8s_it
     000086E6  _TIM1_DeInit                       stm8s_tim1
     0000877F  _TIM1_TimeBaseInit                 stm8s_tim1
     000087D0  _TIM1_OC1Init                      stm8s_tim1
     000088FC  _TIM1_OC2Init                      stm8s_tim1
     00008A28  _TIM1_OC3Init                      stm8s_tim1
     00008B54  _TIM1_OC4Init                      stm8s_tim1
     00008C18  _TIM1_BDTRConfig                   stm8s_tim1
     00008CBA  _TIM1_ICInit                       stm8s_tim1
     00008DCE  _TIM1_PWMIConfig                   stm8s_tim1
     00008ECF  _TIM1_Cmd                          stm8s_tim1
     00008EFA  _TIM1_CtrlPWMOutputs               stm8s_tim1
     00008F25  _TIM1_ITConfig                     stm8s_tim1
     00008F6D  _TIM1_InternalClockConfig          stm8s_tim1
     00008F76  _TIM1_ETRClockMode1Config          stm8s_tim1
     00008FCD  _TIM1_ETRClockMode2Config          stm8s_tim1
     0000901E  _TIM1_ETRConfig                    stm8s_tim1
     00009046  _TIM1_TIxExternalClockConfig       stm8s_tim1
     000090D0  _TIM1_SelectInputTrigger           stm8s_tim1
     0000910C  _TIM1_UpdateDisableConfig          stm8s_tim1
     00009137  _TIM1_UpdateRequestConfig          stm8s_tim1
     00009162  _TIM1_SelectHallSensor             stm8s_tim1
ASxxxx Linker V03.00 + NoICE + sdld,  page 11.
Hexadecimal  [32-Bits]

Area                                    Addr        Size        Decimal Bytes (Attributes)
--------------------------------        ----        ----        ------- ----- ------------
CODE                                000083CD    00003B3B =       15163. bytes (REL,CON)

      Value  Global                              Global Defined In Module
      -----  --------------------------------   ------------------------
     0000918D  _TIM1_SelectOnePulseMode           stm8s_tim1
     000091B8  _TIM1_SelectOutputTrigger          stm8s_tim1
     000091FA  _TIM1_SelectSlaveMode              stm8s_tim1
     0000922C  _TIM1_SelectMasterSlaveMode        stm8s_tim1
     00009257  _TIM1_EncoderInterfaceConfig       stm8s_tim1
     000092EC  _TIM1_PrescalerConfig              stm8s_tim1
     00009315  _TIM1_CounterModeConfig            stm8s_tim1
     0000934B  _TIM1_ForcedOC1Config              stm8s_tim1
     00009371  _TIM1_ForcedOC2Config              stm8s_tim1
     00009397  _TIM1_ForcedOC3Config              stm8s_tim1
     000093BD  _TIM1_ForcedOC4Config              stm8s_tim1
     000093E3  _TIM1_ARRPreloadConfig             stm8s_tim1
     0000940E  _TIM1_SelectCOM                    stm8s_tim1
     00009439  _TIM1_CCPreloadControl             stm8s_tim1
     00009464  _TIM1_OC1PreloadConfig             stm8s_tim1
     0000948F  _TIM1_OC2PreloadConfig             stm8s_tim1
     000094BA  _TIM1_OC3PreloadConfig             stm8s_tim1
     000094E5  _TIM1_OC4PreloadConfig             stm8s_tim1
     00009510  _TIM1_OC1FastConfig                stm8s_tim1
     0000953B  _TIM1_OC2FastConfig                stm8s_tim1
     00009566  _TIM1_OC3FastConfig                stm8s_tim1
     00009591  _TIM1_OC4FastConfig                stm8s_tim1
     000095BC  _TIM1_GenerateEvent                stm8s_tim1
     000095D6  _TIM1_OC1PolarityConfig            stm8s_tim1
     00009602  _TIM1_OC1NPolarityConfig           stm8s_tim1
     0000962E  _TIM1_OC2PolarityConfig            stm8s_tim1
     0000965A  _TIM1_OC2NPolarityConfig           stm8s_tim1
     00009686  _TIM1_OC3PolarityConfig            stm8s_tim1
     000096B2  _TIM1_OC3NPolarityConfig           stm8s_tim1
     000096DE  _TIM1_OC4PolarityConfig            stm8s_tim1
     0000970A  _TIM1_CCxCmd                       stm8s_tim1
     000097BE  _TIM1_CCxNCmd                      stm8s_tim1
     00009847  _TIM1_SelectOCxM                   stm8s_tim1
     00009912  _TIM1_SetCounter                   stm8s_tim1
     0000991D  _TIM1_SetAutoreload                stm8s_tim1
     00009928  _TIM1_SetCompare1                  stm8s_tim1
     00009933  _TIM1_SetCompare2                  stm8s_tim1
     0000993E  _TIM1_SetCompare3                  stm8s_tim1
     00009949  _TIM1_SetCompare4                  stm8s_tim1
     00009954  _TIM1_SetIC1Prescaler              stm8s_tim1
     00009984  _TIM1_SetIC2Prescaler              stm8s_tim1
     000099B4  _TIM1_SetIC3Prescaler              stm8s_tim1
     000099E4  _TIM1_SetIC4Prescaler              stm8s_tim1
     00009A14  _TIM1_GetCapture1                  stm8s_tim1
     00009A2B  _TIM1_GetCapture2                  stm8s_tim1
     00009A42  _TIM1_GetCapture3                  stm8s_tim1
     00009A59  _TIM1_GetCapture4                  stm8s_tim1
     00009A70  _TIM1_GetCounter                   stm8s_tim1
     00009A88  _TIM1_GetPrescaler                 stm8s_tim1
     00009AA0  _TIM1_GetFlagStatus                stm8s_tim1
     00009B0F  _TIM1_ClearFlag                    stm8s_tim1
ASxxxx Linker V03.00 + NoICE + sdld,  page 12.
Hexadecimal  [32-Bits]

Area                                    Addr        Size        Decimal Bytes (Attributes)
--------------------------------        ----        ----        ------- ----- ------------
CODE                                000083CD    00003B3B =       15163. bytes (REL,CON)

      Value  Global                              Global Defined In Module
      -----  --------------------------------   ------------------------
     00009B3D  _TIM1_GetITStatus                  stm8s_tim1
     00009B96  _TIM1_ClearITPendingBit            stm8s_tim1
     00009C78  _TIM3_DeInit                       stm8s_tim3
     00009CBD  _TIM3_TimeBaseInit                 stm8s_tim3
     00009CCE  _TIM3_OC1Init                      stm8s_tim3
     00009D66  _TIM3_OC2Init                      stm8s_tim3
     00009DFE  _TIM3_ICInit                       stm8s_tim3
     00009EC7  _TIM3_PWMIConfig                   stm8s_tim3
     00009FD5  _TIM3_Cmd                          stm8s_tim3
     0000A000  _TIM3_ITConfig                     stm8s_tim3
     0000A04E  _TIM3_UpdateDisableConfig          stm8s_tim3
     0000A079  _TIM3_UpdateRequestConfig          stm8s_tim3
     0000A0A4  _TIM3_SelectOnePulseMode           stm8s_tim3
     0000A0CF  _TIM3_PrescalerConfig              stm8s_tim3
     0000A160  _TIM3_ForcedOC1Config              stm8s_tim3
     0000A186  _TIM3_ForcedOC2Config              stm8s_tim3
     0000A1AC  _TIM3_ARRPreloadConfig             stm8s_tim3
     0000A1D7  _TIM3_OC1PreloadConfig             stm8s_tim3
     0000A202  _TIM3_OC2PreloadConfig             stm8s_tim3
     0000A22D  _TIM3_GenerateEvent                stm8s_tim3
     0000A247  _TIM3_OC1PolarityConfig            stm8s_tim3
     0000A273  _TIM3_OC2PolarityConfig            stm8s_tim3
     0000A29F  _TIM3_CCxCmd                       stm8s_tim3
     0000A2F6  _TIM3_SelectOCxM                   stm8s_tim3
     0000A372  _TIM3_SetCounter                   stm8s_tim3
     0000A37D  _TIM3_SetAutoreload                stm8s_tim3
     0000A388  _TIM3_SetCompare1                  stm8s_tim3
     0000A393  _TIM3_SetCompare2                  stm8s_tim3
     0000A39E  _TIM3_SetIC1Prescaler              stm8s_tim3
     0000A3CE  _TIM3_SetIC2Prescaler              stm8s_tim3
     0000A3FE  _TIM3_GetCapture1                  stm8s_tim3
     0000A415  _TIM3_GetCapture2                  stm8s_tim3
     0000A42C  _TIM3_GetCounter                   stm8s_tim3
     0000A444  _TIM3_GetPrescaler                 stm8s_tim3
     0000A448  _TIM3_GetFlagStatus                stm8s_tim3
     0000A494  _TIM3_ClearFlag                    stm8s_tim3
     0000A4CD  _TIM3_GetITStatus                  stm8s_tim3
     0000A508  _TIM3_ClearITPendingBit            stm8s_tim3
     0000A58A  _GPIO_DeInit                       stm8s_gpio
     0000A599  _GPIO_Init                         stm8s_gpio
     0000A676  _GPIO_Write                        stm8s_gpio
     0000A67C  _GPIO_WriteHigh                    stm8s_gpio
     0000A683  _GPIO_WriteLow                     stm8s_gpio
     0000A691  _GPIO_WriteReverse                 stm8s_gpio
     0000A698  _GPIO_ReadOutputData               stm8s_gpio
     0000A69C  _GPIO_ReadInputData                stm8s_gpio
     0000A6A1  _GPIO_ReadInputPin                 stm8s_gpio
     0000A6A8  _GPIO_ExternalPullUpConfig         stm8s_gpio
     0000A6EF  _EXTI_DeInit                       stm8s_exti
     0000A6F8  _EXTI_SetExtIntSensitivity         stm8s_exti
     0000A7D6  _EXTI_SetTLISensitivity            stm8s_exti
ASxxxx Linker V03.00 + NoICE + sdld,  page 13.
Hexadecimal  [32-Bits]

Area                                    Addr        Size        Decimal Bytes (Attributes)
--------------------------------        ----        ----        ------- ----- ------------
CODE                                000083CD    00003B3B =       15163. bytes (REL,CON)

      Value  Global                              Global Defined In Module
      -----  --------------------------------   ------------------------
     0000A800  _EXTI_GetExtIntSensitivity         stm8s_exti
     0000A879  _EXTI_GetTLISensitivity            stm8s_exti
     0000A87F  _UART2_DeInit                      stm8s_uart2
     0000A8A6  _UART2_Init                        stm8s_uart2
     0000AAED  _UART2_Cmd                         stm8s_uart2
     0000AB00  _UART2_ITConfig                    stm8s_uart2
     0000ABF5  _UART2_IrDAConfig                  stm8s_uart2
     0000AC20  _UART2_IrDACmd                     stm8s_uart2
     0000AC4B  _UART2_LINBreakDetectionConfig     stm8s_uart2
     0000AC76  _UART2_LINConfig                   stm8s_uart2
     0000ACF7  _UART2_LINCmd                      stm8s_uart2
     0000AD22  _UART2_SmartCardCmd                stm8s_uart2
     0000AD4D  _UART2_SmartCardNACKCmd            stm8s_uart2
     0000AD78  _UART2_WakeUpConfig                stm8s_uart2
     0000AD9E  _UART2_ReceiverWakeUpCmd           stm8s_uart2
     0000ADC9  _UART2_ReceiveData8                stm8s_uart2
     0000ADCD  _UART2_ReceiveData9                stm8s_uart2
     0000ADE8  _UART2_SendData8                   stm8s_uart2
     0000ADEF  _UART2_SendData9                   stm8s_uart2
     0000AE0C  _UART2_SendBreak                   stm8s_uart2
     0000AE11  _UART2_SetAddress                  stm8s_uart2
     0000AE37  _UART2_SetGuardTime                stm8s_uart2
     0000AE3E  _UART2_SetPrescaler                stm8s_uart2
     0000AE45  _UART2_GetFlagStatus               stm8s_uart2
     0000AF09  _UART2_ClearFlag                   stm8s_uart2
     0000AF7E  _UART2_GetITStatus                 stm8s_uart2
     0000B06B  _UART2_ClearITPendingBit           stm8s_uart2
     0000B0BB  _CLK_DeInit                        stm8s_clk
     0000B0F2  _CLK_FastHaltWakeUpCmd             stm8s_clk
     0000B11D  _CLK_HSECmd                        stm8s_clk
     0000B148  _CLK_HSICmd                        stm8s_clk
     0000B173  _CLK_LSICmd                        stm8s_clk
     0000B19E  _CLK_CCOCmd                        stm8s_clk
     0000B1C9  _CLK_ClockSwitchCmd                stm8s_clk
     0000B1F4  _CLK_SlowActiveHaltWakeUpCmd       stm8s_clk
     0000B21F  _CLK_PeripheralClockConfig         stm8s_clk
     0000B2EA  _CLK_ClockSwitchConfig             stm8s_clk
     0000B40D  _CLK_HSIPrescalerConfig            stm8s_clk
     0000B443  _CLK_CCOConfig                     stm8s_clk
     0000B4B3  _CLK_ITConfig                      stm8s_clk
     0000B528  _CLK_SYSCLKConfig                  stm8s_clk
     0000B5AF  _CLK_SWIMConfig                    stm8s_clk
     0000B5DA  _CLK_ClockSecuritySystemEnable     stm8s_clk
     0000B5DF  _CLK_GetSYSCLKSource               stm8s_clk
     0000B5E3  _CLK_GetClockFreq                  stm8s_clk
     0000B631  _CLK_AdjustHSICalibrationValue     stm8s_clk
     0000B678  _CLK_SYSCLKEmergencyClear          stm8s_clk
     0000B67D  _CLK_GetFlagStatus                 stm8s_clk
     0000B6FE  _CLK_GetITStatus                   stm8s_clk
     0000B740  _CLK_ClearITPendingBit             stm8s_clk
     0000B772  __divulong                         
ASxxxx Linker V03.00 + NoICE + sdld,  page 14.
Hexadecimal  [32-Bits]

Area                                    Addr        Size        Decimal Bytes (Attributes)
--------------------------------        ----        ----        ------- ----- ------------
CODE                                000083CD    00003B3B =       15163. bytes (REL,CON)

      Value  Global                              Global Defined In Module
      -----  --------------------------------   ------------------------
     0000B7CC  _puts                              puts
     0000B7FB  _vprintf                           vprintf
     0000B80D  _printf                            vprintf
     0000B821  __mullong                          
     0000B939  __print_format                     printf_large
     0000BEF9  _strlen                            _strlen

ASxxxx Linker V03.00 + NoICE + sdld,  page 15.

Files Linked                              [ module(s) ]

CMakeFiles/38Kprint.dir/src/main.c.rel    [ main ]
CMakeFiles/38Kprint.dir/src/assert.c.rel  [ assert ]
CMakeFiles/38Kprint.dir/src/ir.c.rel      [ ir ]
CMakeFiles/38Kprint.dir/src/stm8s_it.c.rel
                                          [ stm8s_it ]
CMakeFiles/38Kprint.dir/Users/mybays/develop/stm8/stm8_proj.dev/StdPeriph_Driver/STM8S_StdPeriph_Driver/src/stm8s_tim1.c.rel
                                          [ stm8s_tim1 ]
CMakeFiles/38Kprint.dir/Users/mybays/develop/stm8/stm8_proj.dev/StdPeriph_Driver/STM8S_StdPeriph_Driver/src/stm8s_tim3.c.rel
                                          [ stm8s_tim3 ]
CMakeFiles/38Kprint.dir/Users/mybays/develop/stm8/stm8_proj.dev/StdPeriph_Driver/STM8S_StdPeriph_Driver/src/stm8s_gpio.c.rel
                                          [ stm8s_gpio ]
CMakeFiles/38Kprint.dir/Users/mybays/develop/stm8/stm8_proj.dev/StdPeriph_Driver/STM8S_StdPeriph_Driver/src/stm8s_exti.c.rel
                                          [ stm8s_exti ]
CMakeFiles/38Kprint.dir/Users/mybays/develop/stm8/stm8_proj.dev/StdPeriph_Driver/STM8S_StdPeriph_Driver/src/stm8s_uart2.c.rel
                                          [ stm8s_uart2 ]
CMakeFiles/38Kprint.dir/Users/mybays/develop/stm8/stm8_proj.dev/StdPeriph_Driver/STM8S_StdPeriph_Driver/src/stm8s_clk.c.rel
                                          [ stm8s_clk ]


Libraries Linked                          [ object file ]

/usr/local/bin/../share/sdcc/lib/stm8/stm8.lib
                                          [ _divulong.rel ]
/usr/local/bin/../share/sdcc/lib/stm8/stm8.lib
                                          [ puts.rel ]
/usr/local/bin/../share/sdcc/lib/stm8/stm8.lib
                                          [ vprintf.rel ]
/usr/local/bin/../share/sdcc/lib/stm8/stm8.lib
                                          [ _mullong.rel ]
/usr/local/bin/../share/sdcc/lib/stm8/stm8.lib
                                          [ printf_large.rel ]
/usr/local/bin/../share/sdcc/lib/stm8/stm8.lib
                                          [ _strlen.rel ]

ASxxxx Linker V03.00 + NoICE + sdld,  page 16.

User Base Address Definitions

HOME = 0x8000
DATA = 0x0001

