ASxxxx Linker V03.00 + NoICE + sdld,  page 1.
Hexadecimal  [32-Bits]

Area                                    Addr        Size        Decimal Bytes (Attributes)
--------------------------------        ----        ----        ------- ----- ------------
.  .ABS.                            00000000    00000000 =           0. bytes (ABS,CON)

      Value  Global                              Global Defined In Module
      -----  --------------------------------   ------------------------
     00000000  .__.ABS.                           _strlen
     00000000  l_CABS                          
     00000000  l_DABS                          
     00000000  l__CODE                         
     00000000  s_CABS                          
     00000000  s_DABS                          
     00000000  s__CODE                         
     00000001  l_SSEG                          
     00000001  s_DATA                          
     00000002  l_INITIALIZED                   
     00000002  l_INITIALIZER                   
     00000003  l_GSFINAL                       
     00000007  l_DATA                          
     00000008  s_INITIALIZED                   
     0000000A  s_SSEG                          
     0000001A  l_GSINIT                        
     0000006F  l_HOME                          
     000003C9  l_CONST                         
     00004992  l_CODE                          
     00008000  s_HOME                          
     0000806F  s_GSINIT                        
     00008089  s_GSFINAL                       
     0000808C  s_CONST                         
     00008455  s_INITIALIZER                   
     00008457  s_CODE                          

ASxxxx Linker V03.00 + NoICE + sdld,  page 2.
Hexadecimal  [32-Bits]

Area                                    Addr        Size        Decimal Bytes (Attributes)
--------------------------------        ----        ----        ------- ----- ------------
DATA                                00000001    00000007 =           7. bytes (REL,CON)

      Value  Global                              Global Defined In Module
      -----  --------------------------------   ------------------------
     00000001  _status                            ir
     00000002  _shift                             ir
     00000004  _addr                              ir
     00000006  _cmd                               ir

ASxxxx Linker V03.00 + NoICE + sdld,  page 3.
Hexadecimal  [32-Bits]

Area                                    Addr        Size        Decimal Bytes (Attributes)
--------------------------------        ----        ----        ------- ----- ------------
INITIALIZED                         00000008    00000002 =           2. bytes (REL,CON)

      Value  Global                              Global Defined In Module
      -----  --------------------------------   ------------------------
     00000008  _speed                             fan

ASxxxx Linker V03.00 + NoICE + sdld,  page 4.
Hexadecimal  [32-Bits]

Area                                    Addr        Size        Decimal Bytes (Attributes)
--------------------------------        ----        ----        ------- ----- ------------
SSEG                                0000000A    00000001 =           1. bytes (REL,CON)

      Value  Global                              Global Defined In Module
      -----  --------------------------------   ------------------------
ASxxxx Linker V03.00 + NoICE + sdld,  page 5.
Hexadecimal  [32-Bits]

Area                                    Addr        Size        Decimal Bytes (Attributes)
--------------------------------        ----        ----        ------- ----- ------------
HOME                                00008000    0000006F =         111. bytes (REL,CON)

      Value  Global                              Global Defined In Module
      -----  --------------------------------   ------------------------
ASxxxx Linker V03.00 + NoICE + sdld,  page 6.
Hexadecimal  [32-Bits]

Area                                    Addr        Size        Decimal Bytes (Attributes)
--------------------------------        ----        ----        ------- ----- ------------
GSINIT                              0000806F    0000001A =          26. bytes (REL,CON)

      Value  Global                              Global Defined In Module
      -----  --------------------------------   ------------------------
ASxxxx Linker V03.00 + NoICE + sdld,  page 7.
Hexadecimal  [32-Bits]

Area                                    Addr        Size        Decimal Bytes (Attributes)
--------------------------------        ----        ----        ------- ----- ------------
GSFINAL                             00008089    00000003 =           3. bytes (REL,CON)

      Value  Global                              Global Defined In Module
      -----  --------------------------------   ------------------------
ASxxxx Linker V03.00 + NoICE + sdld,  page 8.
Hexadecimal  [32-Bits]

Area                                    Addr        Size        Decimal Bytes (Attributes)
--------------------------------        ----        ----        ------- ----- ------------
CONST                               0000808C    000003C9 =         969. bytes (REL,CON)

      Value  Global                              Global Defined In Module
      -----  --------------------------------   ------------------------
     0000837B  _HSIDivFactor                      stm8s_clk
     0000837F  _CLKPrescTable                     stm8s_clk

ASxxxx Linker V03.00 + NoICE + sdld,  page 9.
Hexadecimal  [32-Bits]

Area                                    Addr        Size        Decimal Bytes (Attributes)
--------------------------------        ----        ----        ------- ----- ------------
INITIALIZER                         00008455    00000002 =           2. bytes (REL,CON)

      Value  Global                              Global Defined In Module
      -----  --------------------------------   ------------------------
ASxxxx Linker V03.00 + NoICE + sdld,  page 10.
Hexadecimal  [32-Bits]

Area                                    Addr        Size        Decimal Bytes (Attributes)
--------------------------------        ----        ----        ------- ----- ------------
CODE                                00008457    00004992 =       18834. bytes (REL,CON)

      Value  Global                              Global Defined In Module
      -----  --------------------------------   ------------------------
     00008457  _main                              main
     000084C3  _UART2_Config                      main
     000084E6  _TIM1_Config                       main
     0000851C  _TIM2_Config                       main
     0000851D  _TIM3_Config                       main
     00008556  _TIM4_Config                       main
     0000855F  _IWDG_Config                       main
     00008577  _putchar                           main
     0000858C  _getchar                           main
     0000859D  _assert_failed                     assert
     000085A0  _ov_handler                        ir
     000085CF  _cap_handler                       ir
     000086DA  _fan_sw                            fan
     000086E6  _fan_up                            fan
     000086FD  _fan_down                          fan
     00008714  _TRAP_IRQHandler                   stm8s_it
     00008715  _TLI_IRQHandler                    stm8s_it
     00008716  _AWU_IRQHandler                    stm8s_it
     00008717  _CLK_IRQHandler                    stm8s_it
     00008718  _EXTI_PORTA_IRQHandler             stm8s_it
     00008719  _EXTI_PORTB_IRQHandler             stm8s_it
     0000871A  _EXTI_PORTC_IRQHandler             stm8s_it
     00008736  _EXTI_PORTD_IRQHandler             stm8s_it
     00008752  _EXTI_PORTE_IRQHandler             stm8s_it
     00008753  _SPI_IRQHandler                    stm8s_it
     00008754  _TIM1_UPD_OVF_TRG_BRK_IRQHandler   stm8s_it
     00008755  _TIM1_CAP_COM_IRQHandler           stm8s_it
     00008756  _TIM2_UPD_OVF_BRK_IRQHandler       stm8s_it
     00008757  _TIM2_CAP_COM_IRQHandler           stm8s_it
     00008758  _TIM3_UPD_OVF_BRK_IRQHandler       stm8s_it
     00008772  _TIM3_CAP_COM_IRQHandler           stm8s_it
     0000878B  _I2C_IRQHandler                    stm8s_it
     0000878C  _UART2_TX_IRQHandler               stm8s_it
     0000878D  _UART2_RX_IRQHandler               stm8s_it
     0000878E  _ADC1_IRQHandler                   stm8s_it
     0000878F  _TIM4_UPD_OVF_IRQHandler           stm8s_it
     00008790  _EEPROM_EEC_IRQHandler             stm8s_it
     00008791  _TIM1_DeInit                       stm8s_tim1
     0000882A  _TIM1_TimeBaseInit                 stm8s_tim1
     0000887B  _TIM1_OC1Init                      stm8s_tim1
     000089A7  _TIM1_OC2Init                      stm8s_tim1
     00008AD3  _TIM1_OC3Init                      stm8s_tim1
     00008BFF  _TIM1_OC4Init                      stm8s_tim1
     00008CC3  _TIM1_BDTRConfig                   stm8s_tim1
     00008D65  _TIM1_ICInit                       stm8s_tim1
     00008E79  _TIM1_PWMIConfig                   stm8s_tim1
     00008F7A  _TIM1_Cmd                          stm8s_tim1
     00008FA5  _TIM1_CtrlPWMOutputs               stm8s_tim1
     00008FD0  _TIM1_ITConfig                     stm8s_tim1
     00009018  _TIM1_InternalClockConfig          stm8s_tim1
ASxxxx Linker V03.00 + NoICE + sdld,  page 11.
Hexadecimal  [32-Bits]

Area                                    Addr        Size        Decimal Bytes (Attributes)
--------------------------------        ----        ----        ------- ----- ------------
CODE                                00008457    00004992 =       18834. bytes (REL,CON)

      Value  Global                              Global Defined In Module
      -----  --------------------------------   ------------------------
     00009021  _TIM1_ETRClockMode1Config          stm8s_tim1
     00009078  _TIM1_ETRClockMode2Config          stm8s_tim1
     000090C9  _TIM1_ETRConfig                    stm8s_tim1
     000090F1  _TIM1_TIxExternalClockConfig       stm8s_tim1
     0000917B  _TIM1_SelectInputTrigger           stm8s_tim1
     000091B7  _TIM1_UpdateDisableConfig          stm8s_tim1
     000091E2  _TIM1_UpdateRequestConfig          stm8s_tim1
     0000920D  _TIM1_SelectHallSensor             stm8s_tim1
     00009238  _TIM1_SelectOnePulseMode           stm8s_tim1
     00009263  _TIM1_SelectOutputTrigger          stm8s_tim1
     000092A5  _TIM1_SelectSlaveMode              stm8s_tim1
     000092D7  _TIM1_SelectMasterSlaveMode        stm8s_tim1
     00009302  _TIM1_EncoderInterfaceConfig       stm8s_tim1
     00009397  _TIM1_PrescalerConfig              stm8s_tim1
     000093C0  _TIM1_CounterModeConfig            stm8s_tim1
     000093F6  _TIM1_ForcedOC1Config              stm8s_tim1
     0000941C  _TIM1_ForcedOC2Config              stm8s_tim1
     00009442  _TIM1_ForcedOC3Config              stm8s_tim1
     00009468  _TIM1_ForcedOC4Config              stm8s_tim1
     0000948E  _TIM1_ARRPreloadConfig             stm8s_tim1
     000094B9  _TIM1_SelectCOM                    stm8s_tim1
     000094E4  _TIM1_CCPreloadControl             stm8s_tim1
     0000950F  _TIM1_OC1PreloadConfig             stm8s_tim1
     0000953A  _TIM1_OC2PreloadConfig             stm8s_tim1
     00009565  _TIM1_OC3PreloadConfig             stm8s_tim1
     00009590  _TIM1_OC4PreloadConfig             stm8s_tim1
     000095BB  _TIM1_OC1FastConfig                stm8s_tim1
     000095E6  _TIM1_OC2FastConfig                stm8s_tim1
     00009611  _TIM1_OC3FastConfig                stm8s_tim1
     0000963C  _TIM1_OC4FastConfig                stm8s_tim1
     00009667  _TIM1_GenerateEvent                stm8s_tim1
     00009681  _TIM1_OC1PolarityConfig            stm8s_tim1
     000096AD  _TIM1_OC1NPolarityConfig           stm8s_tim1
     000096D9  _TIM1_OC2PolarityConfig            stm8s_tim1
     00009705  _TIM1_OC2NPolarityConfig           stm8s_tim1
     00009731  _TIM1_OC3PolarityConfig            stm8s_tim1
     0000975D  _TIM1_OC3NPolarityConfig           stm8s_tim1
     00009789  _TIM1_OC4PolarityConfig            stm8s_tim1
     000097B5  _TIM1_CCxCmd                       stm8s_tim1
     00009869  _TIM1_CCxNCmd                      stm8s_tim1
     000098F2  _TIM1_SelectOCxM                   stm8s_tim1
     000099BD  _TIM1_SetCounter                   stm8s_tim1
     000099C8  _TIM1_SetAutoreload                stm8s_tim1
     000099D3  _TIM1_SetCompare1                  stm8s_tim1
     000099DE  _TIM1_SetCompare2                  stm8s_tim1
     000099E9  _TIM1_SetCompare3                  stm8s_tim1
     000099F4  _TIM1_SetCompare4                  stm8s_tim1
     000099FF  _TIM1_SetIC1Prescaler              stm8s_tim1
     00009A2F  _TIM1_SetIC2Prescaler              stm8s_tim1
     00009A5F  _TIM1_SetIC3Prescaler              stm8s_tim1
     00009A8F  _TIM1_SetIC4Prescaler              stm8s_tim1
ASxxxx Linker V03.00 + NoICE + sdld,  page 12.
Hexadecimal  [32-Bits]

Area                                    Addr        Size        Decimal Bytes (Attributes)
--------------------------------        ----        ----        ------- ----- ------------
CODE                                00008457    00004992 =       18834. bytes (REL,CON)

      Value  Global                              Global Defined In Module
      -----  --------------------------------   ------------------------
     00009ABF  _TIM1_GetCapture1                  stm8s_tim1
     00009AD6  _TIM1_GetCapture2                  stm8s_tim1
     00009AED  _TIM1_GetCapture3                  stm8s_tim1
     00009B04  _TIM1_GetCapture4                  stm8s_tim1
     00009B1B  _TIM1_GetCounter                   stm8s_tim1
     00009B33  _TIM1_GetPrescaler                 stm8s_tim1
     00009B4B  _TIM1_GetFlagStatus                stm8s_tim1
     00009BBA  _TIM1_ClearFlag                    stm8s_tim1
     00009BE8  _TIM1_GetITStatus                  stm8s_tim1
     00009C41  _TIM1_ClearITPendingBit            stm8s_tim1
     00009D23  _TIM2_DeInit                       stm8s_tim2
     00009D7C  _TIM2_TimeBaseInit                 stm8s_tim2
     00009D8D  _TIM2_OC1Init                      stm8s_tim2
     00009E25  _TIM2_OC2Init                      stm8s_tim2
     00009EBD  _TIM2_OC3Init                      stm8s_tim2
     00009F55  _TIM2_ICInit                       stm8s_tim2
     0000A03F  _TIM2_PWMIConfig                   stm8s_tim2
     0000A140  _TIM2_Cmd                          stm8s_tim2
     0000A16B  _TIM2_ITConfig                     stm8s_tim2
     0000A1B9  _TIM2_UpdateDisableConfig          stm8s_tim2
     0000A1E4  _TIM2_UpdateRequestConfig          stm8s_tim2
     0000A20F  _TIM2_SelectOnePulseMode           stm8s_tim2
     0000A23A  _TIM2_PrescalerConfig              stm8s_tim2
     0000A2CB  _TIM2_ForcedOC1Config              stm8s_tim2
     0000A2F1  _TIM2_ForcedOC2Config              stm8s_tim2
     0000A317  _TIM2_ForcedOC3Config              stm8s_tim2
     0000A33D  _TIM2_ARRPreloadConfig             stm8s_tim2
     0000A368  _TIM2_OC1PreloadConfig             stm8s_tim2
     0000A393  _TIM2_OC2PreloadConfig             stm8s_tim2
     0000A3BE  _TIM2_OC3PreloadConfig             stm8s_tim2
     0000A3E9  _TIM2_GenerateEvent                stm8s_tim2
     0000A403  _TIM2_OC1PolarityConfig            stm8s_tim2
     0000A42F  _TIM2_OC2PolarityConfig            stm8s_tim2
     0000A45B  _TIM2_OC3PolarityConfig            stm8s_tim2
     0000A487  _TIM2_CCxCmd                       stm8s_tim2
     0000A510  _TIM2_SelectOCxM                   stm8s_tim2
     0000A5AF  _TIM2_SetCounter                   stm8s_tim2
     0000A5BA  _TIM2_SetAutoreload                stm8s_tim2
     0000A5C5  _TIM2_SetCompare1                  stm8s_tim2
     0000A5D0  _TIM2_SetCompare2                  stm8s_tim2
     0000A5DB  _TIM2_SetCompare3                  stm8s_tim2
     0000A5E6  _TIM2_SetIC1Prescaler              stm8s_tim2
     0000A616  _TIM2_SetIC2Prescaler              stm8s_tim2
     0000A646  _TIM2_SetIC3Prescaler              stm8s_tim2
     0000A676  _TIM2_GetCapture1                  stm8s_tim2
     0000A68D  _TIM2_GetCapture2                  stm8s_tim2
     0000A6A4  _TIM2_GetCapture3                  stm8s_tim2
     0000A6BB  _TIM2_GetCounter                   stm8s_tim2
     0000A6D3  _TIM2_GetPrescaler                 stm8s_tim2
     0000A6D7  _TIM2_GetFlagStatus                stm8s_tim2
     0000A72D  _TIM2_ClearFlag                    stm8s_tim2
ASxxxx Linker V03.00 + NoICE + sdld,  page 13.
Hexadecimal  [32-Bits]

Area                                    Addr        Size        Decimal Bytes (Attributes)
--------------------------------        ----        ----        ------- ----- ------------
CODE                                00008457    00004992 =       18834. bytes (REL,CON)

      Value  Global                              Global Defined In Module
      -----  --------------------------------   ------------------------
     0000A75E  _TIM2_GetITStatus                  stm8s_tim2
     0000A79F  _TIM2_ClearITPendingBit            stm8s_tim2
     0000A852  _TIM3_DeInit                       stm8s_tim3
     0000A897  _TIM3_TimeBaseInit                 stm8s_tim3
     0000A8A8  _TIM3_OC1Init                      stm8s_tim3
     0000A940  _TIM3_OC2Init                      stm8s_tim3
     0000A9D8  _TIM3_ICInit                       stm8s_tim3
     0000AAA1  _TIM3_PWMIConfig                   stm8s_tim3
     0000ABAF  _TIM3_Cmd                          stm8s_tim3
     0000ABDA  _TIM3_ITConfig                     stm8s_tim3
     0000AC28  _TIM3_UpdateDisableConfig          stm8s_tim3
     0000AC53  _TIM3_UpdateRequestConfig          stm8s_tim3
     0000AC7E  _TIM3_SelectOnePulseMode           stm8s_tim3
     0000ACA9  _TIM3_PrescalerConfig              stm8s_tim3
     0000AD3A  _TIM3_ForcedOC1Config              stm8s_tim3
     0000AD60  _TIM3_ForcedOC2Config              stm8s_tim3
     0000AD86  _TIM3_ARRPreloadConfig             stm8s_tim3
     0000ADB1  _TIM3_OC1PreloadConfig             stm8s_tim3
     0000ADDC  _TIM3_OC2PreloadConfig             stm8s_tim3
     0000AE07  _TIM3_GenerateEvent                stm8s_tim3
     0000AE21  _TIM3_OC1PolarityConfig            stm8s_tim3
     0000AE4D  _TIM3_OC2PolarityConfig            stm8s_tim3
     0000AE79  _TIM3_CCxCmd                       stm8s_tim3
     0000AED0  _TIM3_SelectOCxM                   stm8s_tim3
     0000AF4C  _TIM3_SetCounter                   stm8s_tim3
     0000AF57  _TIM3_SetAutoreload                stm8s_tim3
     0000AF62  _TIM3_SetCompare1                  stm8s_tim3
     0000AF6D  _TIM3_SetCompare2                  stm8s_tim3
     0000AF78  _TIM3_SetIC1Prescaler              stm8s_tim3
     0000AFA8  _TIM3_SetIC2Prescaler              stm8s_tim3
     0000AFD8  _TIM3_GetCapture1                  stm8s_tim3
     0000AFEF  _TIM3_GetCapture2                  stm8s_tim3
     0000B006  _TIM3_GetCounter                   stm8s_tim3
     0000B01E  _TIM3_GetPrescaler                 stm8s_tim3
     0000B022  _TIM3_GetFlagStatus                stm8s_tim3
     0000B06E  _TIM3_ClearFlag                    stm8s_tim3
     0000B0A7  _TIM3_GetITStatus                  stm8s_tim3
     0000B0E2  _TIM3_ClearITPendingBit            stm8s_tim3
     0000B164  _TIM4_DeInit                       stm8s_tim4
     0000B17D  _TIM4_TimeBaseInit                 stm8s_tim4
     0000B1C6  _TIM4_Cmd                          stm8s_tim4
     0000B1F1  _TIM4_ITConfig                     stm8s_tim4
     0000B23A  _TIM4_UpdateDisableConfig          stm8s_tim4
     0000B265  _TIM4_UpdateRequestConfig          stm8s_tim4
     0000B290  _TIM4_SelectOnePulseMode           stm8s_tim4
     0000B2BB  _TIM4_PrescalerConfig              stm8s_tim4
     0000B31C  _TIM4_ARRPreloadConfig             stm8s_tim4
     0000B347  _TIM4_GenerateEvent                stm8s_tim4
     0000B362  _TIM4_SetCounter                   stm8s_tim4
     0000B369  _TIM4_SetAutoreload                stm8s_tim4
     0000B370  _TIM4_GetCounter                   stm8s_tim4
ASxxxx Linker V03.00 + NoICE + sdld,  page 14.
Hexadecimal  [32-Bits]

Area                                    Addr        Size        Decimal Bytes (Attributes)
--------------------------------        ----        ----        ------- ----- ------------
CODE                                00008457    00004992 =       18834. bytes (REL,CON)

      Value  Global                              Global Defined In Module
      -----  --------------------------------   ------------------------
     0000B374  _TIM4_GetPrescaler                 stm8s_tim4
     0000B378  _TIM4_GetFlagStatus                stm8s_tim4
     0000B398  _TIM4_ClearFlag                    stm8s_tim4
     0000B3B3  _TIM4_GetITStatus                  stm8s_tim4
     0000B3E2  _TIM4_ClearITPendingBit            stm8s_tim4
     0000B3FD  _GPIO_DeInit                       stm8s_gpio
     0000B40C  _GPIO_Init                         stm8s_gpio
     0000B4E9  _GPIO_Write                        stm8s_gpio
     0000B4EF  _GPIO_WriteHigh                    stm8s_gpio
     0000B4F6  _GPIO_WriteLow                     stm8s_gpio
     0000B504  _GPIO_WriteReverse                 stm8s_gpio
     0000B50B  _GPIO_ReadOutputData               stm8s_gpio
     0000B50F  _GPIO_ReadInputData                stm8s_gpio
     0000B514  _GPIO_ReadInputPin                 stm8s_gpio
     0000B51B  _GPIO_ExternalPullUpConfig         stm8s_gpio
     0000B562  _EXTI_DeInit                       stm8s_exti
     0000B56B  _EXTI_SetExtIntSensitivity         stm8s_exti
     0000B649  _EXTI_SetTLISensitivity            stm8s_exti
     0000B673  _EXTI_GetExtIntSensitivity         stm8s_exti
     0000B6EC  _EXTI_GetTLISensitivity            stm8s_exti
     0000B6F2  _UART2_DeInit                      stm8s_uart2
     0000B719  _UART2_Init                        stm8s_uart2
     0000B960  _UART2_Cmd                         stm8s_uart2
     0000B973  _UART2_ITConfig                    stm8s_uart2
     0000BA68  _UART2_IrDAConfig                  stm8s_uart2
     0000BA93  _UART2_IrDACmd                     stm8s_uart2
     0000BABE  _UART2_LINBreakDetectionConfig     stm8s_uart2
     0000BAE9  _UART2_LINConfig                   stm8s_uart2
     0000BB6A  _UART2_LINCmd                      stm8s_uart2
     0000BB95  _UART2_SmartCardCmd                stm8s_uart2
     0000BBC0  _UART2_SmartCardNACKCmd            stm8s_uart2
     0000BBEB  _UART2_WakeUpConfig                stm8s_uart2
     0000BC11  _UART2_ReceiverWakeUpCmd           stm8s_uart2
     0000BC3C  _UART2_ReceiveData8                stm8s_uart2
     0000BC40  _UART2_ReceiveData9                stm8s_uart2
     0000BC5B  _UART2_SendData8                   stm8s_uart2
     0000BC62  _UART2_SendData9                   stm8s_uart2
     0000BC7F  _UART2_SendBreak                   stm8s_uart2
     0000BC84  _UART2_SetAddress                  stm8s_uart2
     0000BCAA  _UART2_SetGuardTime                stm8s_uart2
     0000BCB1  _UART2_SetPrescaler                stm8s_uart2
     0000BCB8  _UART2_GetFlagStatus               stm8s_uart2
     0000BD7C  _UART2_ClearFlag                   stm8s_uart2
     0000BDF1  _UART2_GetITStatus                 stm8s_uart2
     0000BEDE  _UART2_ClearITPendingBit           stm8s_uart2
     0000BF2E  _CLK_DeInit                        stm8s_clk
     0000BF65  _CLK_FastHaltWakeUpCmd             stm8s_clk
     0000BF90  _CLK_HSECmd                        stm8s_clk
     0000BFBB  _CLK_HSICmd                        stm8s_clk
     0000BFE6  _CLK_LSICmd                        stm8s_clk
     0000C011  _CLK_CCOCmd                        stm8s_clk
ASxxxx Linker V03.00 + NoICE + sdld,  page 15.
Hexadecimal  [32-Bits]

Area                                    Addr        Size        Decimal Bytes (Attributes)
--------------------------------        ----        ----        ------- ----- ------------
CODE                                00008457    00004992 =       18834. bytes (REL,CON)

      Value  Global                              Global Defined In Module
      -----  --------------------------------   ------------------------
     0000C03C  _CLK_ClockSwitchCmd                stm8s_clk
     0000C067  _CLK_SlowActiveHaltWakeUpCmd       stm8s_clk
     0000C092  _CLK_PeripheralClockConfig         stm8s_clk
     0000C15D  _CLK_ClockSwitchConfig             stm8s_clk
     0000C280  _CLK_HSIPrescalerConfig            stm8s_clk
     0000C2B6  _CLK_CCOConfig                     stm8s_clk
     0000C326  _CLK_ITConfig                      stm8s_clk
     0000C39B  _CLK_SYSCLKConfig                  stm8s_clk
     0000C422  _CLK_SWIMConfig                    stm8s_clk
     0000C44D  _CLK_ClockSecuritySystemEnable     stm8s_clk
     0000C452  _CLK_GetSYSCLKSource               stm8s_clk
     0000C456  _CLK_GetClockFreq                  stm8s_clk
     0000C4A4  _CLK_AdjustHSICalibrationValue     stm8s_clk
     0000C4EB  _CLK_SYSCLKEmergencyClear          stm8s_clk
     0000C4F0  _CLK_GetFlagStatus                 stm8s_clk
     0000C571  _CLK_GetITStatus                   stm8s_clk
     0000C5B3  _CLK_ClearITPendingBit             stm8s_clk
     0000C5E5  _IWDG_WriteAccessCmd               stm8s_iwdg
     0000C605  _IWDG_SetPrescaler                 stm8s_iwdg
     0000C642  _IWDG_SetReload                    stm8s_iwdg
     0000C649  _IWDG_ReloadCounter                stm8s_iwdg
     0000C64E  _IWDG_Enable                       stm8s_iwdg
     0000C653  __divulong                         
     0000C6AD  _puts                              puts
     0000C6DC  _vprintf                           vprintf
     0000C6EE  _printf                            vprintf
     0000C702  __mullong                          
     0000C81A  __print_format                     printf_large
     0000CDDA  _strlen                            _strlen

ASxxxx Linker V03.00 + NoICE + sdld,  page 16.

Files Linked                              [ module(s) ]

CMakeFiles/new_air.dir/src/main.c.rel     [ main ]
CMakeFiles/new_air.dir/src/assert.c.rel   [ assert ]
CMakeFiles/new_air.dir/src/ir.c.rel       [ ir ]
CMakeFiles/new_air.dir/src/fan.c.rel      [ fan ]
CMakeFiles/new_air.dir/src/stm8s_it.c.rel
                                          [ stm8s_it ]
CMakeFiles/new_air.dir/Users/mybays/develop/stm8/stm8_proj.dev/StdPeriph_Driver/STM8S_StdPeriph_Driver/src/stm8s_tim1.c.rel
                                          [ stm8s_tim1 ]
CMakeFiles/new_air.dir/Users/mybays/develop/stm8/stm8_proj.dev/StdPeriph_Driver/STM8S_StdPeriph_Driver/src/stm8s_tim2.c.rel
                                          [ stm8s_tim2 ]
CMakeFiles/new_air.dir/Users/mybays/develop/stm8/stm8_proj.dev/StdPeriph_Driver/STM8S_StdPeriph_Driver/src/stm8s_tim3.c.rel
                                          [ stm8s_tim3 ]
CMakeFiles/new_air.dir/Users/mybays/develop/stm8/stm8_proj.dev/StdPeriph_Driver/STM8S_StdPeriph_Driver/src/stm8s_tim4.c.rel
                                          [ stm8s_tim4 ]
CMakeFiles/new_air.dir/Users/mybays/develop/stm8/stm8_proj.dev/StdPeriph_Driver/STM8S_StdPeriph_Driver/src/stm8s_gpio.c.rel
                                          [ stm8s_gpio ]
CMakeFiles/new_air.dir/Users/mybays/develop/stm8/stm8_proj.dev/StdPeriph_Driver/STM8S_StdPeriph_Driver/src/stm8s_exti.c.rel
                                          [ stm8s_exti ]
CMakeFiles/new_air.dir/Users/mybays/develop/stm8/stm8_proj.dev/StdPeriph_Driver/STM8S_StdPeriph_Driver/src/stm8s_uart2.c.rel
                                          [ stm8s_uart2 ]
CMakeFiles/new_air.dir/Users/mybays/develop/stm8/stm8_proj.dev/StdPeriph_Driver/STM8S_StdPeriph_Driver/src/stm8s_clk.c.rel
                                          [ stm8s_clk ]
CMakeFiles/new_air.dir/Users/mybays/develop/stm8/stm8_proj.dev/StdPeriph_Driver/STM8S_StdPeriph_Driver/src/stm8s_iwdg.c.rel
                                          [ stm8s_iwdg ]


Libraries Linked                          [ object file ]

/usr/local/bin/../share/sdcc/lib/stm8/stm8.lib
                                          [ _divulong.rel ]
/usr/local/bin/../share/sdcc/lib/stm8/stm8.lib
                                          [ puts.rel ]
/usr/local/bin/../share/sdcc/lib/stm8/stm8.lib
                                          [ vprintf.rel ]
/usr/local/bin/../share/sdcc/lib/stm8/stm8.lib
                                          [ _mullong.rel ]
/usr/local/bin/../share/sdcc/lib/stm8/stm8.lib
                                          [ printf_large.rel ]
/usr/local/bin/../share/sdcc/lib/stm8/stm8.lib
                                          [ _strlen.rel ]

ASxxxx Linker V03.00 + NoICE + sdld,  page 17.

User Base Address Definitions

HOME = 0x8000
DATA = 0x0001

