                                      1 ;--------------------------------------------------------
                                      2 ; File Created by SDCC : free open source ANSI-C Compiler
                                      3 ; Version 4.1.0 #12072 (Mac OS X x86_64)
                                      4 ;--------------------------------------------------------
                                      5 	.module CMakeCCompilerId
                                      6 	.optsdcc -mmcs51 --model-small
                                      7 	
                                      8 ;--------------------------------------------------------
                                      9 ; Public variables in this module
                                     10 ;--------------------------------------------------------
                                     11 	.globl _main_PARM_2
                                     12 	.globl _info_version
                                     13 	.globl _main
                                     14 	.globl _info_language_dialect_default
                                     15 	.globl _info_arch
                                     16 	.globl _info_platform
                                     17 	.globl _info_compiler
                                     18 ;--------------------------------------------------------
                                     19 ; special function registers
                                     20 ;--------------------------------------------------------
                                     21 	.area RSEG    (ABS,DATA)
      000000                         22 	.org 0x0000
                                     23 ;--------------------------------------------------------
                                     24 ; special function bits
                                     25 ;--------------------------------------------------------
                                     26 	.area RSEG    (ABS,DATA)
      000000                         27 	.org 0x0000
                                     28 ;--------------------------------------------------------
                                     29 ; overlayable register banks
                                     30 ;--------------------------------------------------------
                                     31 	.area REG_BANK_0	(REL,OVR,DATA)
      000000                         32 	.ds 8
                                     33 ;--------------------------------------------------------
                                     34 ; internal ram data
                                     35 ;--------------------------------------------------------
                                     36 	.area DSEG    (DATA)
      000000                         37 _info_compiler::
      000000                         38 	.ds 3
      000003                         39 _info_platform::
      000003                         40 	.ds 3
      000006                         41 _info_arch::
      000006                         42 	.ds 3
      000009                         43 _info_language_dialect_default::
      000009                         44 	.ds 3
                                     45 ;--------------------------------------------------------
                                     46 ; overlayable items in internal ram 
                                     47 ;--------------------------------------------------------
                                     48 	.area	OSEG    (OVR,DATA)
      000000                         49 _main_PARM_2:
      000000                         50 	.ds 3
                                     51 ;--------------------------------------------------------
                                     52 ; Stack segment in internal ram 
                                     53 ;--------------------------------------------------------
                                     54 	.area	SSEG
      000000                         55 __start__stack:
      000000                         56 	.ds	1
                                     57 
                                     58 ;--------------------------------------------------------
                                     59 ; indirectly addressable internal ram data
                                     60 ;--------------------------------------------------------
                                     61 	.area ISEG    (DATA)
                                     62 ;--------------------------------------------------------
                                     63 ; absolute internal ram data
                                     64 ;--------------------------------------------------------
                                     65 	.area IABS    (ABS,DATA)
                                     66 	.area IABS    (ABS,DATA)
                                     67 ;--------------------------------------------------------
                                     68 ; bit data
                                     69 ;--------------------------------------------------------
                                     70 	.area BSEG    (BIT)
                                     71 ;--------------------------------------------------------
                                     72 ; paged external ram data
                                     73 ;--------------------------------------------------------
                                     74 	.area PSEG    (PAG,XDATA)
                                     75 ;--------------------------------------------------------
                                     76 ; external ram data
                                     77 ;--------------------------------------------------------
                                     78 	.area XSEG    (XDATA)
                                     79 ;--------------------------------------------------------
                                     80 ; absolute external ram data
                                     81 ;--------------------------------------------------------
                                     82 	.area XABS    (ABS,XDATA)
                                     83 ;--------------------------------------------------------
                                     84 ; external initialized ram data
                                     85 ;--------------------------------------------------------
                                     86 	.area XISEG   (XDATA)
                                     87 	.area HOME    (CODE)
                                     88 	.area GSINIT0 (CODE)
                                     89 	.area GSINIT1 (CODE)
                                     90 	.area GSINIT2 (CODE)
                                     91 	.area GSINIT3 (CODE)
                                     92 	.area GSINIT4 (CODE)
                                     93 	.area GSINIT5 (CODE)
                                     94 	.area GSINIT  (CODE)
                                     95 	.area GSFINAL (CODE)
                                     96 	.area CSEG    (CODE)
                                     97 ;--------------------------------------------------------
                                     98 ; interrupt vector 
                                     99 ;--------------------------------------------------------
                                    100 	.area HOME    (CODE)
      000000                        101 __interrupt_vect:
      000000 02r00r00         [24]  102 	ljmp	__sdcc_gsinit_startup
                                    103 ;--------------------------------------------------------
                                    104 ; global & static initialisations
                                    105 ;--------------------------------------------------------
                                    106 	.area HOME    (CODE)
                                    107 	.area GSINIT  (CODE)
                                    108 	.area GSFINAL (CODE)
                                    109 	.area GSINIT  (CODE)
                                    110 	.globl __sdcc_gsinit_startup
                                    111 	.globl __sdcc_program_startup
                                    112 	.globl __start__stack
                                    113 	.globl __mcs51_genXINIT
                                    114 	.globl __mcs51_genXRAMCLEAR
                                    115 	.globl __mcs51_genRAMCLEAR
                                    116 ;	CMakeCCompilerId.c:403: char const* info_compiler = "INFO" ":" "compiler[" COMPILER_ID "]";
      000000 75*00r32         [24]  117 	mov	_info_compiler,#___str_0
      000003 75*01s00         [24]  118 	mov	(_info_compiler + 1),#(___str_0 >> 8)
      000006 75*02 80         [24]  119 	mov	(_info_compiler + 2),#0x80
                                    120 ;	CMakeCCompilerId.c:732: char const* info_platform = "INFO" ":" "platform[" PLATFORM_ID "]";
      000009 75*03r46         [24]  121 	mov	_info_platform,#___str_1
      00000C 75*04s00         [24]  122 	mov	(_info_platform + 1),#(___str_1 >> 8)
      00000F 75*05 80         [24]  123 	mov	(_info_platform + 2),#0x80
                                    124 ;	CMakeCCompilerId.c:733: char const* info_arch = "INFO" ":" "arch[" ARCHITECTURE_ID "]";
      000012 75*06r56         [24]  125 	mov	_info_arch,#___str_2
      000015 75*07s00         [24]  126 	mov	(_info_arch + 1),#(___str_2 >> 8)
      000018 75*08 80         [24]  127 	mov	(_info_arch + 2),#0x80
                                    128 ;	CMakeCCompilerId.c:754: const char* info_language_dialect_default =
      00001B 75*09r62         [24]  129 	mov	_info_language_dialect_default,#___str_3
      00001E 75*0As00         [24]  130 	mov	(_info_language_dialect_default + 1),#(___str_3 >> 8)
      000021 75*0B 80         [24]  131 	mov	(_info_language_dialect_default + 2),#0x80
                                    132 	.area GSFINAL (CODE)
      000000 02r00r03         [24]  133 	ljmp	__sdcc_program_startup
                                    134 ;--------------------------------------------------------
                                    135 ; Home
                                    136 ;--------------------------------------------------------
                                    137 	.area HOME    (CODE)
                                    138 	.area HOME    (CODE)
      000003                        139 __sdcc_program_startup:
      000003 02r00r00         [24]  140 	ljmp	_main
                                    141 ;	return from main will return to caller
                                    142 ;--------------------------------------------------------
                                    143 ; code
                                    144 ;--------------------------------------------------------
                                    145 	.area CSEG    (CODE)
                                    146 ;------------------------------------------------------------
                                    147 ;Allocation info for local variables in function 'main'
                                    148 ;------------------------------------------------------------
                                    149 ;argv                      Allocated with name '_main_PARM_2'
                                    150 ;argc                      Allocated to registers r6 r7 
                                    151 ;require                   Allocated to registers r2 r5 
                                    152 ;------------------------------------------------------------
                                    153 ;	CMakeCCompilerId.c:765: int main(int argc, char* argv[])
                                    154 ;	-----------------------------------------
                                    155 ;	 function main
                                    156 ;	-----------------------------------------
      000000                        157 _main:
                           000007   158 	ar7 = 0x07
                           000006   159 	ar6 = 0x06
                           000005   160 	ar5 = 0x05
                           000004   161 	ar4 = 0x04
                           000003   162 	ar3 = 0x03
                           000002   163 	ar2 = 0x02
                           000001   164 	ar1 = 0x01
                           000000   165 	ar0 = 0x00
      000000 AE 82            [24]  166 	mov	r6,dpl
      000002 AF 83            [24]  167 	mov	r7,dph
                                    168 ;	CMakeCCompilerId.c:769: require += info_compiler[argc];
      000004 EE               [12]  169 	mov	a,r6
      000005 25*00            [12]  170 	add	a,_info_compiler
      000007 FB               [12]  171 	mov	r3,a
      000008 EF               [12]  172 	mov	a,r7
      000009 35*01            [12]  173 	addc	a,(_info_compiler + 1)
      00000B FC               [12]  174 	mov	r4,a
      00000C AD*02            [24]  175 	mov	r5,(_info_compiler + 2)
      00000E 8B 82            [24]  176 	mov	dpl,r3
      000010 8C 83            [24]  177 	mov	dph,r4
      000012 8D F0            [24]  178 	mov	b,r5
      000014 12r00r00         [24]  179 	lcall	__gptrget
      000017 FB               [12]  180 	mov	r3,a
      000018 7D 00            [12]  181 	mov	r5,#0x00
                                    182 ;	CMakeCCompilerId.c:770: require += info_platform[argc];
      00001A EE               [12]  183 	mov	a,r6
      00001B 25*03            [12]  184 	add	a,_info_platform
      00001D F9               [12]  185 	mov	r1,a
      00001E EF               [12]  186 	mov	a,r7
      00001F 35*04            [12]  187 	addc	a,(_info_platform + 1)
      000021 FA               [12]  188 	mov	r2,a
      000022 AC*05            [24]  189 	mov	r4,(_info_platform + 2)
      000024 89 82            [24]  190 	mov	dpl,r1
      000026 8A 83            [24]  191 	mov	dph,r2
      000028 8C F0            [24]  192 	mov	b,r4
      00002A 12r00r00         [24]  193 	lcall	__gptrget
      00002D 7C 00            [12]  194 	mov	r4,#0x00
      00002F 2B               [12]  195 	add	a,r3
      000030 F9               [12]  196 	mov	r1,a
      000031 EC               [12]  197 	mov	a,r4
      000032 3D               [12]  198 	addc	a,r5
      000033 FC               [12]  199 	mov	r4,a
                                    200 ;	CMakeCCompilerId.c:771: require += info_arch[argc];
      000034 EE               [12]  201 	mov	a,r6
      000035 25*06            [12]  202 	add	a,_info_arch
      000037 FA               [12]  203 	mov	r2,a
      000038 EF               [12]  204 	mov	a,r7
      000039 35*07            [12]  205 	addc	a,(_info_arch + 1)
      00003B FB               [12]  206 	mov	r3,a
      00003C AD*08            [24]  207 	mov	r5,(_info_arch + 2)
      00003E 8A 82            [24]  208 	mov	dpl,r2
      000040 8B 83            [24]  209 	mov	dph,r3
      000042 8D F0            [24]  210 	mov	b,r5
      000044 12r00r00         [24]  211 	lcall	__gptrget
      000047 7D 00            [12]  212 	mov	r5,#0x00
      000049 29               [12]  213 	add	a,r1
      00004A FA               [12]  214 	mov	r2,a
      00004B ED               [12]  215 	mov	a,r5
      00004C 3C               [12]  216 	addc	a,r4
      00004D FD               [12]  217 	mov	r5,a
                                    218 ;	CMakeCCompilerId.c:773: require += info_version[argc];
      00004E EE               [12]  219 	mov	a,r6
      00004F 24r00            [12]  220 	add	a,#_info_version
      000051 F5 82            [12]  221 	mov	dpl,a
      000053 EF               [12]  222 	mov	a,r7
      000054 34s00            [12]  223 	addc	a,#(_info_version >> 8)
      000056 F5 83            [12]  224 	mov	dph,a
      000058 E4               [12]  225 	clr	a
      000059 93               [24]  226 	movc	a,@a+dptr
      00005A 7B 00            [12]  227 	mov	r3,#0x00
      00005C 2A               [12]  228 	add	a,r2
      00005D FA               [12]  229 	mov	r2,a
      00005E EB               [12]  230 	mov	a,r3
      00005F 3D               [12]  231 	addc	a,r5
      000060 FD               [12]  232 	mov	r5,a
                                    233 ;	CMakeCCompilerId.c:787: require += info_language_dialect_default[argc];
      000061 EE               [12]  234 	mov	a,r6
      000062 25*09            [12]  235 	add	a,_info_language_dialect_default
      000064 FE               [12]  236 	mov	r6,a
      000065 EF               [12]  237 	mov	a,r7
      000066 35*0A            [12]  238 	addc	a,(_info_language_dialect_default + 1)
      000068 FF               [12]  239 	mov	r7,a
      000069 AC*0B            [24]  240 	mov	r4,(_info_language_dialect_default + 2)
      00006B 8E 82            [24]  241 	mov	dpl,r6
      00006D 8F 83            [24]  242 	mov	dph,r7
      00006F 8C F0            [24]  243 	mov	b,r4
      000071 12r00r00         [24]  244 	lcall	__gptrget
      000074 7F 00            [12]  245 	mov	r7,#0x00
      000076 2A               [12]  246 	add	a,r2
      000077 F5 82            [12]  247 	mov	dpl,a
      000079 EF               [12]  248 	mov	a,r7
      00007A 3D               [12]  249 	addc	a,r5
      00007B F5 83            [12]  250 	mov	dph,a
                                    251 ;	CMakeCCompilerId.c:789: return require;
                                    252 ;	CMakeCCompilerId.c:790: }
      00007D 22               [24]  253 	ret
                                    254 	.area CSEG    (CODE)
                                    255 	.area CONST   (CODE)
      000000                        256 _info_version:
      000000 49                     257 	.db #0x49	; 73	'I'
      000001 4E                     258 	.db #0x4e	; 78	'N'
      000002 46                     259 	.db #0x46	; 70	'F'
      000003 4F                     260 	.db #0x4f	; 79	'O'
      000004 3A                     261 	.db #0x3a	; 58
      000005 63                     262 	.db #0x63	; 99	'c'
      000006 6F                     263 	.db #0x6f	; 111	'o'
      000007 6D                     264 	.db #0x6d	; 109	'm'
      000008 70                     265 	.db #0x70	; 112	'p'
      000009 69                     266 	.db #0x69	; 105	'i'
      00000A 6C                     267 	.db #0x6c	; 108	'l'
      00000B 65                     268 	.db #0x65	; 101	'e'
      00000C 72                     269 	.db #0x72	; 114	'r'
      00000D 5F                     270 	.db #0x5f	; 95
      00000E 76                     271 	.db #0x76	; 118	'v'
      00000F 65                     272 	.db #0x65	; 101	'e'
      000010 72                     273 	.db #0x72	; 114	'r'
      000011 73                     274 	.db #0x73	; 115	's'
      000012 69                     275 	.db #0x69	; 105	'i'
      000013 6F                     276 	.db #0x6f	; 111	'o'
      000014 6E                     277 	.db #0x6e	; 110	'n'
      000015 5B                     278 	.db #0x5b	; 91
      000016 30                     279 	.db #0x30	; 48	'0'
      000017 30                     280 	.db #0x30	; 48	'0'
      000018 30                     281 	.db #0x30	; 48	'0'
      000019 30                     282 	.db #0x30	; 48	'0'
      00001A 30                     283 	.db #0x30	; 48	'0'
      00001B 30                     284 	.db #0x30	; 48	'0'
      00001C 30                     285 	.db #0x30	; 48	'0'
      00001D 34                     286 	.db #0x34	; 52	'4'
      00001E 2E                     287 	.db #0x2e	; 46
      00001F 30                     288 	.db #0x30	; 48	'0'
      000020 30                     289 	.db #0x30	; 48	'0'
      000021 30                     290 	.db #0x30	; 48	'0'
      000022 30                     291 	.db #0x30	; 48	'0'
      000023 30                     292 	.db #0x30	; 48	'0'
      000024 30                     293 	.db #0x30	; 48	'0'
      000025 30                     294 	.db #0x30	; 48	'0'
      000026 31                     295 	.db #0x31	; 49	'1'
      000027 2E                     296 	.db #0x2e	; 46
      000028 30                     297 	.db #0x30	; 48	'0'
      000029 30                     298 	.db #0x30	; 48	'0'
      00002A 30                     299 	.db #0x30	; 48	'0'
      00002B 30                     300 	.db #0x30	; 48	'0'
      00002C 30                     301 	.db #0x30	; 48	'0'
      00002D 30                     302 	.db #0x30	; 48	'0'
      00002E 30                     303 	.db #0x30	; 48	'0'
      00002F 30                     304 	.db #0x30	; 48	'0'
      000030 5D                     305 	.db #0x5d	; 93
      000031 00                     306 	.db #0x00	; 0
                                    307 	.area CONST   (CODE)
      000032                        308 ___str_0:
      000032 49 4E 46 4F 3A 63 6F   309 	.ascii "INFO:compiler[SDCC]"
             6D 70 69 6C 65 72 5B
             53 44 43 43 5D
      000045 00                     310 	.db 0x00
                                    311 	.area CSEG    (CODE)
                                    312 	.area CONST   (CODE)
      000046                        313 ___str_1:
      000046 49 4E 46 4F 3A 70 6C   314 	.ascii "INFO:platform[]"
             61 74 66 6F 72 6D 5B
             5D
      000055 00                     315 	.db 0x00
                                    316 	.area CSEG    (CODE)
                                    317 	.area CONST   (CODE)
      000056                        318 ___str_2:
      000056 49 4E 46 4F 3A 61 72   319 	.ascii "INFO:arch[]"
             63 68 5B 5D
      000061 00                     320 	.db 0x00
                                    321 	.area CSEG    (CODE)
                                    322 	.area CONST   (CODE)
      000062                        323 ___str_3:
      000062 49 4E 46 4F 3A 64 69   324 	.ascii "INFO:dialect_default[11]"
             61 6C 65 63 74 5F 64
             65 66 61 75 6C 74 5B
             31 31 5D
      00007A 00                     325 	.db 0x00
                                    326 	.area CSEG    (CODE)
                                    327 	.area XINIT   (CODE)
                                    328 	.area CABS    (ABS,CODE)
