                                      1 ;--------------------------------------------------------
                                      2 ; File Created by SDCC : free open source ANSI-C Compiler
                                      3 ; Version 4.1.0 #12072 (Mac OS X x86_64)
                                      4 ;--------------------------------------------------------
                                      5 	.module main
                                      6 	.optsdcc -mstm8
                                      7 	
                                      8 ;--------------------------------------------------------
                                      9 ; Public variables in this module
                                     10 ;--------------------------------------------------------
                                     11 	.globl _main
                                     12 	.globl _printf
                                     13 	.globl _UART2_GetFlagStatus
                                     14 	.globl _UART2_SendData8
                                     15 	.globl _UART2_ReceiveData8
                                     16 	.globl _UART2_Init
                                     17 	.globl _UART2_DeInit
                                     18 	.globl _TIM3_ClearFlag
                                     19 	.globl _TIM3_ITConfig
                                     20 	.globl _TIM3_Cmd
                                     21 	.globl _TIM3_ICInit
                                     22 	.globl _TIM3_TimeBaseInit
                                     23 	.globl _TIM1_Cmd
                                     24 	.globl _TIM1_ICInit
                                     25 	.globl _GPIO_WriteReverse
                                     26 	.globl _GPIO_Init
                                     27 	.globl _EXTI_SetTLISensitivity
                                     28 	.globl _EXTI_SetExtIntSensitivity
                                     29 	.globl _CLK_HSIPrescalerConfig
                                     30 	.globl _ICValue2
                                     31 	.globl _ICValue1
                                     32 	.globl _TIM3_Config
                                     33 	.globl _putchar
                                     34 	.globl _getchar
                                     35 ;--------------------------------------------------------
                                     36 ; ram data
                                     37 ;--------------------------------------------------------
                                     38 	.area DATA
                                     39 ;--------------------------------------------------------
                                     40 ; ram data
                                     41 ;--------------------------------------------------------
                                     42 	.area INITIALIZED
      000000                         43 _ICValue1::
      000000                         44 	.ds 2
      000002                         45 _ICValue2::
      000002                         46 	.ds 2
                                     47 ;--------------------------------------------------------
                                     48 ; Stack segment in internal ram 
                                     49 ;--------------------------------------------------------
                                     50 	.area	SSEG
      000000                         51 __start__stack:
      000000                         52 	.ds	1
                                     53 
                                     54 ;--------------------------------------------------------
                                     55 ; absolute external ram data
                                     56 ;--------------------------------------------------------
                                     57 	.area DABS (ABS)
                                     58 
                                     59 ; default segment ordering for linker
                                     60 	.area HOME
                                     61 	.area GSINIT
                                     62 	.area GSFINAL
                                     63 	.area CONST
                                     64 	.area INITIALIZER
                                     65 	.area CODE
                                     66 
                                     67 ;--------------------------------------------------------
                                     68 ; interrupt vector 
                                     69 ;--------------------------------------------------------
                                     70 	.area HOME
      000000                         71 __interrupt_vect:
      000000 82v00u00u00             72 	int s_GSINIT ; reset
      000004 82v00u00u00             73 	int _TRAP_IRQHandler ; trap
      000008 82v00u00u00             74 	int _TLI_IRQHandler ; int0
      00000C 82v00u00u00             75 	int _AWU_IRQHandler ; int1
      000010 82v00u00u00             76 	int _CLK_IRQHandler ; int2
      000014 82v00u00u00             77 	int _EXTI_PORTA_IRQHandler ; int3
      000018 82v00u00u00             78 	int _EXTI_PORTB_IRQHandler ; int4
      00001C 82v00u00u00             79 	int _EXTI_PORTC_IRQHandler ; int5
      000020 82v00u00u00             80 	int _EXTI_PORTD_IRQHandler ; int6
      000024 82v00u00u00             81 	int _EXTI_PORTE_IRQHandler ; int7
      000028 82 00 00 00             82 	int 0x000000 ; int8
      00002C 82 00 00 00             83 	int 0x000000 ; int9
      000030 82v00u00u00             84 	int _SPI_IRQHandler ; int10
      000034 82v00u00u00             85 	int _TIM1_UPD_OVF_TRG_BRK_IRQHandler ; int11
      000038 82v00u00u00             86 	int _TIM1_CAP_COM_IRQHandler ; int12
      00003C 82v00u00u00             87 	int _TIM2_UPD_OVF_BRK_IRQHandler ; int13
      000040 82v00u00u00             88 	int _TIM2_CAP_COM_IRQHandler ; int14
      000044 82v00u00u00             89 	int _TIM3_UPD_OVF_BRK_IRQHandler ; int15
      000048 82v00u00u00             90 	int _TIM3_CAP_COM_IRQHandler ; int16
      00004C 82 00 00 00             91 	int 0x000000 ; int17
      000050 82 00 00 00             92 	int 0x000000 ; int18
      000054 82v00u00u00             93 	int _I2C_IRQHandler ; int19
      000058 82v00u00u00             94 	int _UART2_TX_IRQHandler ; int20
      00005C 82v00u00u00             95 	int _UART2_RX_IRQHandler ; int21
      000060 82v00u00u00             96 	int _ADC1_IRQHandler ; int22
      000064 82v00u00u00             97 	int _TIM4_UPD_OVF_IRQHandler ; int23
      000068 82v00u00u00             98 	int _EEPROM_EEC_IRQHandler ; int24
                                     99 ;--------------------------------------------------------
                                    100 ; global & static initialisations
                                    101 ;--------------------------------------------------------
                                    102 	.area HOME
                                    103 	.area GSINIT
                                    104 	.area GSFINAL
                                    105 	.area GSINIT
      000000                        106 __sdcc_init_data:
                                    107 ; stm8_genXINIT() start
      000000 AEr00r00         [ 2]  108 	ldw x, #l_DATA
      000003 27 07            [ 1]  109 	jreq	00002$
      000005                        110 00001$:
      000005 72 4FuFFuFF      [ 1]  111 	clr (s_DATA - 1, x)
      000009 5A               [ 2]  112 	decw x
      00000A 26 F9            [ 1]  113 	jrne	00001$
      00000C                        114 00002$:
      00000C AEr00r00         [ 2]  115 	ldw	x, #l_INITIALIZER
      00000F 27 09            [ 1]  116 	jreq	00004$
      000011                        117 00003$:
      000011 D6uFFuFF         [ 1]  118 	ld	a, (s_INITIALIZER - 1, x)
      000014 D7uFFuFF         [ 1]  119 	ld	(s_INITIALIZED - 1, x), a
      000017 5A               [ 2]  120 	decw	x
      000018 26 F7            [ 1]  121 	jrne	00003$
      00001A                        122 00004$:
                                    123 ; stm8_genXINIT() end
                                    124 	.area GSFINAL
      000000 CCr00r6C         [ 2]  125 	jp	__sdcc_program_startup
                                    126 ;--------------------------------------------------------
                                    127 ; Home
                                    128 ;--------------------------------------------------------
                                    129 	.area HOME
                                    130 	.area HOME
      00006C                        131 __sdcc_program_startup:
      00006C CCr00r00         [ 2]  132 	jp	_main
                                    133 ;	return from main will return to caller
                                    134 ;--------------------------------------------------------
                                    135 ; code
                                    136 ;--------------------------------------------------------
                                    137 	.area CODE
                                    138 ;	/Users/mybays/develop/stm8/stm8_proj.dev/new_air/newair/src/main.c: 86: void main(void)
                                    139 ;	-----------------------------------------
                                    140 ;	 function main
                                    141 ;	-----------------------------------------
      000000                        142 _main:
      000000 52 12            [ 2]  143 	sub	sp, #18
                                    144 ;	/Users/mybays/develop/stm8/stm8_proj.dev/new_air/newair/src/main.c: 90: CLK_HSIPrescalerConfig(CLK_PRESCALER_HSIDIV1);
      000002 4B 00            [ 1]  145 	push	#0x00
      000004 CDr00r00         [ 4]  146 	call	_CLK_HSIPrescalerConfig
      000007 84               [ 1]  147 	pop	a
                                    148 ;	/Users/mybays/develop/stm8/stm8_proj.dev/new_air/newair/src/main.c: 92: GPIO_Config();  
      000008 CDr01r0A         [ 4]  149 	call	_GPIO_Config
                                    150 ;	/Users/mybays/develop/stm8/stm8_proj.dev/new_air/newair/src/main.c: 96: EXTI_SetExtIntSensitivity(EXTI_PORT_GPIOC, EXTI_SENSITIVITY_RISE_FALL);
      00000B 4B 03            [ 1]  151 	push	#0x03
      00000D 4B 02            [ 1]  152 	push	#0x02
      00000F CDr00r00         [ 4]  153 	call	_EXTI_SetExtIntSensitivity
      000012 85               [ 2]  154 	popw	x
                                    155 ;	/Users/mybays/develop/stm8/stm8_proj.dev/new_air/newair/src/main.c: 98: EXTI_SetExtIntSensitivity(EXTI_PORT_GPIOD, EXTI_SENSITIVITY_FALL_ONLY);
      000013 4B 02            [ 1]  156 	push	#0x02
      000015 4B 03            [ 1]  157 	push	#0x03
      000017 CDr00r00         [ 4]  158 	call	_EXTI_SetExtIntSensitivity
      00001A 85               [ 2]  159 	popw	x
                                    160 ;	/Users/mybays/develop/stm8/stm8_proj.dev/new_air/newair/src/main.c: 99: EXTI_SetTLISensitivity(EXTI_TLISENSITIVITY_FALL_ONLY);
      00001B 4B 00            [ 1]  161 	push	#0x00
      00001D CDr00r00         [ 4]  162 	call	_EXTI_SetTLISensitivity
      000020 84               [ 1]  163 	pop	a
                                    164 ;	/Users/mybays/develop/stm8/stm8_proj.dev/new_air/newair/src/main.c: 103: GPIO_WriteReverse(LED_PORT, LED_PIN);
      000021 4B 10            [ 1]  165 	push	#0x10
      000023 4B 19            [ 1]  166 	push	#0x19
      000025 4B 50            [ 1]  167 	push	#0x50
      000027 CDr00r00         [ 4]  168 	call	_GPIO_WriteReverse
      00002A 5B 03            [ 2]  169 	addw	sp, #3
                                    170 ;	/Users/mybays/develop/stm8/stm8_proj.dev/new_air/newair/src/main.c: 106: UART2_DeInit();
      00002C CDr00r00         [ 4]  171 	call	_UART2_DeInit
                                    172 ;	/Users/mybays/develop/stm8/stm8_proj.dev/new_air/newair/src/main.c: 116: UART2_Init((uint32_t)115200, UART2_WORDLENGTH_8D, UART2_STOPBITS_1, UART2_PARITY_NO,
      00002F 4B 0C            [ 1]  173 	push	#0x0c
      000031 4B 80            [ 1]  174 	push	#0x80
      000033 4B 00            [ 1]  175 	push	#0x00
      000035 4B 00            [ 1]  176 	push	#0x00
      000037 4B 00            [ 1]  177 	push	#0x00
      000039 4B 00            [ 1]  178 	push	#0x00
      00003B 4B C2            [ 1]  179 	push	#0xc2
      00003D 4B 01            [ 1]  180 	push	#0x01
      00003F 4B 00            [ 1]  181 	push	#0x00
      000041 CDr00r00         [ 4]  182 	call	_UART2_Init
      000044 5B 09            [ 2]  183 	addw	sp, #9
                                    184 ;	/Users/mybays/develop/stm8/stm8_proj.dev/new_air/newair/src/main.c: 120: printf("\n\rUART1 Example :retarget the C library printf()/getchar() functions to the UART\n\r");
      000046 4Br00            [ 1]  185 	push	#<(___str_0+0)
      000048 4Bs00            [ 1]  186 	push	#((___str_0+0) >> 8)
      00004A CDr00r00         [ 4]  187 	call	_printf
      00004D 85               [ 2]  188 	popw	x
                                    189 ;	/Users/mybays/develop/stm8/stm8_proj.dev/new_air/newair/src/main.c: 121: printf("\n\rEnter Text\n\r");
      00004E 4Br53            [ 1]  190 	push	#<(___str_1+0)
      000050 4Bs00            [ 1]  191 	push	#((___str_1+0) >> 8)
      000052 CDr00r00         [ 4]  192 	call	_printf
      000055 85               [ 2]  193 	popw	x
                                    194 ;	/Users/mybays/develop/stm8/stm8_proj.dev/new_air/newair/src/main.c: 123: TIM3_Config();
      000056 CDr01r32         [ 4]  195 	call	_TIM3_Config
                                    196 ;	/Users/mybays/develop/stm8/stm8_proj.dev/new_air/newair/src/main.c: 125: enableInterrupts();
      000059 9A               [ 1]  197 	rim
                                    198 ;	/Users/mybays/develop/stm8/stm8_proj.dev/new_air/newair/src/main.c: 127: printf("unique:x:0x%x y:0x%x wafer number:%d lot:%d%d%d%d%d%d%d\r\n",UX,UY,WN,LN1,LN2,LN3,LN4,LN5,LN6,LN7);
      00005A C6 48 70         [ 1]  199 	ld	a, 0x4870
      00005D 97               [ 1]  200 	ld	xl, a
      00005E 49               [ 1]  201 	rlc	a
      00005F 4F               [ 1]  202 	clr	a
      000060 A2 00            [ 1]  203 	sbc	a, #0x00
      000062 6B 01            [ 1]  204 	ld	(0x01, sp), a
      000064 C6 48 6F         [ 1]  205 	ld	a, 0x486f
      000067 90 97            [ 1]  206 	ld	yl, a
      000069 49               [ 1]  207 	rlc	a
      00006A 4F               [ 1]  208 	clr	a
      00006B A2 00            [ 1]  209 	sbc	a, #0x00
      00006D 90 95            [ 1]  210 	ld	yh, a
      00006F C6 48 6E         [ 1]  211 	ld	a, 0x486e
      000072 95               [ 1]  212 	ld	xh, a
      000073 49               [ 1]  213 	rlc	a
      000074 4F               [ 1]  214 	clr	a
      000075 A2 00            [ 1]  215 	sbc	a, #0x00
      000077 6B 03            [ 1]  216 	ld	(0x03, sp), a
      000079 C6 48 6D         [ 1]  217 	ld	a, 0x486d
      00007C 6B 06            [ 1]  218 	ld	(0x06, sp), a
      00007E 49               [ 1]  219 	rlc	a
      00007F 4F               [ 1]  220 	clr	a
      000080 A2 00            [ 1]  221 	sbc	a, #0x00
      000082 6B 05            [ 1]  222 	ld	(0x05, sp), a
      000084 C6 48 6C         [ 1]  223 	ld	a, 0x486c
      000087 6B 08            [ 1]  224 	ld	(0x08, sp), a
      000089 49               [ 1]  225 	rlc	a
      00008A 4F               [ 1]  226 	clr	a
      00008B A2 00            [ 1]  227 	sbc	a, #0x00
      00008D 6B 07            [ 1]  228 	ld	(0x07, sp), a
      00008F C6 48 6B         [ 1]  229 	ld	a, 0x486b
      000092 6B 0A            [ 1]  230 	ld	(0x0a, sp), a
      000094 49               [ 1]  231 	rlc	a
      000095 4F               [ 1]  232 	clr	a
      000096 A2 00            [ 1]  233 	sbc	a, #0x00
      000098 6B 09            [ 1]  234 	ld	(0x09, sp), a
      00009A C6 48 6A         [ 1]  235 	ld	a, 0x486a
      00009D 6B 0C            [ 1]  236 	ld	(0x0c, sp), a
      00009F 49               [ 1]  237 	rlc	a
      0000A0 4F               [ 1]  238 	clr	a
      0000A1 A2 00            [ 1]  239 	sbc	a, #0x00
      0000A3 6B 0B            [ 1]  240 	ld	(0x0b, sp), a
      0000A5 C6 48 69         [ 1]  241 	ld	a, 0x4869
      0000A8 6B 0E            [ 1]  242 	ld	(0x0e, sp), a
      0000AA 49               [ 1]  243 	rlc	a
      0000AB 4F               [ 1]  244 	clr	a
      0000AC A2 00            [ 1]  245 	sbc	a, #0x00
      0000AE 6B 0D            [ 1]  246 	ld	(0x0d, sp), a
      0000B0 89               [ 2]  247 	pushw	x
      0000B1 AE 48 67         [ 2]  248 	ldw	x, #0x4867
      0000B4 E6 01            [ 1]  249 	ld	a, (0x1, x)
      0000B6 6B 12            [ 1]  250 	ld	(0x12, sp), a
      0000B8 F6               [ 1]  251 	ld	a, (x)
      0000B9 6B 11            [ 1]  252 	ld	(0x11, sp), a
      0000BB AE 48 65         [ 2]  253 	ldw	x, #0x4865
      0000BE E6 01            [ 1]  254 	ld	a, (0x1, x)
      0000C0 6B 14            [ 1]  255 	ld	(0x14, sp), a
      0000C2 F6               [ 1]  256 	ld	a, (x)
      0000C3 6B 13            [ 1]  257 	ld	(0x13, sp), a
      0000C5 85               [ 2]  258 	popw	x
      0000C6 9F               [ 1]  259 	ld	a, xl
      0000C7 88               [ 1]  260 	push	a
      0000C8 7B 02            [ 1]  261 	ld	a, (0x02, sp)
      0000CA 88               [ 1]  262 	push	a
      0000CB 90 89            [ 2]  263 	pushw	y
      0000CD 9E               [ 1]  264 	ld	a, xh
      0000CE 88               [ 1]  265 	push	a
      0000CF 7B 08            [ 1]  266 	ld	a, (0x08, sp)
      0000D1 88               [ 1]  267 	push	a
      0000D2 1E 0B            [ 2]  268 	ldw	x, (0x0b, sp)
      0000D4 89               [ 2]  269 	pushw	x
      0000D5 1E 0F            [ 2]  270 	ldw	x, (0x0f, sp)
      0000D7 89               [ 2]  271 	pushw	x
      0000D8 1E 13            [ 2]  272 	ldw	x, (0x13, sp)
      0000DA 89               [ 2]  273 	pushw	x
      0000DB 1E 17            [ 2]  274 	ldw	x, (0x17, sp)
      0000DD 89               [ 2]  275 	pushw	x
      0000DE 1E 1B            [ 2]  276 	ldw	x, (0x1b, sp)
      0000E0 89               [ 2]  277 	pushw	x
      0000E1 1E 1F            [ 2]  278 	ldw	x, (0x1f, sp)
      0000E3 89               [ 2]  279 	pushw	x
      0000E4 1E 23            [ 2]  280 	ldw	x, (0x23, sp)
      0000E6 89               [ 2]  281 	pushw	x
      0000E7 4Br62            [ 1]  282 	push	#<(___str_2+0)
      0000E9 4Bs00            [ 1]  283 	push	#((___str_2+0) >> 8)
      0000EB CDr00r00         [ 4]  284 	call	_printf
      0000EE 5B 16            [ 2]  285 	addw	sp, #22
                                    286 ;	/Users/mybays/develop/stm8/stm8_proj.dev/new_air/newair/src/main.c: 130: TIM1_ICInit( TIM1_CHANNEL_1, TIM1_ICPOLARITY_FALLING, TIM1_ICSELECTION_DIRECTTI,
      0000F0 4B 00            [ 1]  287 	push	#0x00
      0000F2 4B 0C            [ 1]  288 	push	#0x0c
      0000F4 4B 01            [ 1]  289 	push	#0x01
      0000F6 4B 01            [ 1]  290 	push	#0x01
      0000F8 4B 00            [ 1]  291 	push	#0x00
      0000FA CDr00r00         [ 4]  292 	call	_TIM1_ICInit
      0000FD 5B 05            [ 2]  293 	addw	sp, #5
                                    294 ;	/Users/mybays/develop/stm8/stm8_proj.dev/new_air/newair/src/main.c: 132: TIM1_Cmd(ENABLE);
      0000FF 4B 01            [ 1]  295 	push	#0x01
      000101 CDr00r00         [ 4]  296 	call	_TIM1_Cmd
      000104 84               [ 1]  297 	pop	a
                                    298 ;	/Users/mybays/develop/stm8/stm8_proj.dev/new_air/newair/src/main.c: 136: while (1)
      000105                        299 00102$:
      000105 20 FE            [ 2]  300 	jra	00102$
                                    301 ;	/Users/mybays/develop/stm8/stm8_proj.dev/new_air/newair/src/main.c: 142: }
      000107 5B 12            [ 2]  302 	addw	sp, #18
      000109 81               [ 4]  303 	ret
                                    304 ;	/Users/mybays/develop/stm8/stm8_proj.dev/new_air/newair/src/main.c: 145: static void GPIO_Config(void)
                                    305 ;	-----------------------------------------
                                    306 ;	 function GPIO_Config
                                    307 ;	-----------------------------------------
      00010A                        308 _GPIO_Config:
                                    309 ;	/Users/mybays/develop/stm8/stm8_proj.dev/new_air/newair/src/main.c: 148: GPIO_Init(LED_PORT, (GPIO_Pin_TypeDef)(LED_PIN),GPIO_MODE_OUT_PP_HIGH_FAST);
      00010A 4B F0            [ 1]  310 	push	#0xf0
      00010C 4B 10            [ 1]  311 	push	#0x10
      00010E 4B 19            [ 1]  312 	push	#0x19
      000110 4B 50            [ 1]  313 	push	#0x50
      000112 CDr00r00         [ 4]  314 	call	_GPIO_Init
      000115 5B 04            [ 2]  315 	addw	sp, #4
                                    316 ;	/Users/mybays/develop/stm8/stm8_proj.dev/new_air/newair/src/main.c: 151: GPIO_Init(KEY_PORT, (GPIO_Pin_TypeDef)(KEY_PIN),GPIO_MODE_IN_FL_IT);
      000117 4B 20            [ 1]  317 	push	#0x20
      000119 4B 08            [ 1]  318 	push	#0x08
      00011B 4B 0A            [ 1]  319 	push	#0x0a
      00011D 4B 50            [ 1]  320 	push	#0x50
      00011F CDr00r00         [ 4]  321 	call	_GPIO_Init
      000122 5B 04            [ 2]  322 	addw	sp, #4
                                    323 ;	/Users/mybays/develop/stm8/stm8_proj.dev/new_air/newair/src/main.c: 155: GPIO_Init(IR_PORT, (GPIO_Pin_TypeDef)(IR_PIN),GPIO_MODE_IN_FL_NO_IT);
      000124 4B 00            [ 1]  324 	push	#0x00
      000126 4B 04            [ 1]  325 	push	#0x04
      000128 4B 0F            [ 1]  326 	push	#0x0f
      00012A 4B 50            [ 1]  327 	push	#0x50
      00012C CDr00r00         [ 4]  328 	call	_GPIO_Init
      00012F 5B 04            [ 2]  329 	addw	sp, #4
                                    330 ;	/Users/mybays/develop/stm8/stm8_proj.dev/new_air/newair/src/main.c: 157: }
      000131 81               [ 4]  331 	ret
                                    332 ;	/Users/mybays/develop/stm8/stm8_proj.dev/new_air/newair/src/main.c: 161: void TIM3_Config(void)
                                    333 ;	-----------------------------------------
                                    334 ;	 function TIM3_Config
                                    335 ;	-----------------------------------------
      000132                        336 _TIM3_Config:
                                    337 ;	/Users/mybays/develop/stm8/stm8_proj.dev/new_air/newair/src/main.c: 163: TIM3_TimeBaseInit(TIM3_PRESCALER_16,60000-1);
      000132 4B 5F            [ 1]  338 	push	#0x5f
      000134 4B EA            [ 1]  339 	push	#0xea
      000136 4B 04            [ 1]  340 	push	#0x04
      000138 CDr00r00         [ 4]  341 	call	_TIM3_TimeBaseInit
      00013B 5B 03            [ 2]  342 	addw	sp, #3
                                    343 ;	/Users/mybays/develop/stm8/stm8_proj.dev/new_air/newair/src/main.c: 165: TIM3_ICInit( TIM3_CHANNEL_1, TIM3_ICPOLARITY_FALLING, TIM3_ICSELECTION_DIRECTTI,
      00013D 4B 00            [ 1]  344 	push	#0x00
      00013F 4B 00            [ 1]  345 	push	#0x00
      000141 4B 01            [ 1]  346 	push	#0x01
      000143 4B 44            [ 1]  347 	push	#0x44
      000145 4B 00            [ 1]  348 	push	#0x00
      000147 CDr00r00         [ 4]  349 	call	_TIM3_ICInit
      00014A 5B 05            [ 2]  350 	addw	sp, #5
                                    351 ;	/Users/mybays/develop/stm8/stm8_proj.dev/new_air/newair/src/main.c: 168: TIM3_ClearFlag(TIM3_FLAG_CC1);
      00014C 4B 02            [ 1]  352 	push	#0x02
      00014E 4B 00            [ 1]  353 	push	#0x00
      000150 CDr00r00         [ 4]  354 	call	_TIM3_ClearFlag
      000153 85               [ 2]  355 	popw	x
                                    356 ;	/Users/mybays/develop/stm8/stm8_proj.dev/new_air/newair/src/main.c: 169: TIM3_ITConfig(TIM3_IT_UPDATE,ENABLE);
      000154 4B 01            [ 1]  357 	push	#0x01
      000156 4B 01            [ 1]  358 	push	#0x01
      000158 CDr00r00         [ 4]  359 	call	_TIM3_ITConfig
      00015B 85               [ 2]  360 	popw	x
                                    361 ;	/Users/mybays/develop/stm8/stm8_proj.dev/new_air/newair/src/main.c: 170: TIM3_ITConfig(TIM3_IT_CC1,ENABLE);
      00015C 4B 01            [ 1]  362 	push	#0x01
      00015E 4B 02            [ 1]  363 	push	#0x02
      000160 CDr00r00         [ 4]  364 	call	_TIM3_ITConfig
      000163 85               [ 2]  365 	popw	x
                                    366 ;	/Users/mybays/develop/stm8/stm8_proj.dev/new_air/newair/src/main.c: 171: TIM3_Cmd(ENABLE);
      000164 4B 01            [ 1]  367 	push	#0x01
      000166 CDr00r00         [ 4]  368 	call	_TIM3_Cmd
      000169 84               [ 1]  369 	pop	a
                                    370 ;	/Users/mybays/develop/stm8/stm8_proj.dev/new_air/newair/src/main.c: 173: return;
                                    371 ;	/Users/mybays/develop/stm8/stm8_proj.dev/new_air/newair/src/main.c: 189: ICValue2 = 0;
                                    372 ;	/Users/mybays/develop/stm8/stm8_proj.dev/new_air/newair/src/main.c: 190: }
      00016A 81               [ 4]  373 	ret
                                    374 ;	/Users/mybays/develop/stm8/stm8_proj.dev/new_air/newair/src/main.c: 197: PUTCHAR_PROTOTYPE
                                    375 ;	-----------------------------------------
                                    376 ;	 function putchar
                                    377 ;	-----------------------------------------
      00016B                        378 _putchar:
                                    379 ;	/Users/mybays/develop/stm8/stm8_proj.dev/new_air/newair/src/main.c: 200: UART2_SendData8(c);
      00016B 7B 04            [ 1]  380 	ld	a, (0x04, sp)
      00016D 88               [ 1]  381 	push	a
      00016E CDr00r00         [ 4]  382 	call	_UART2_SendData8
      000171 84               [ 1]  383 	pop	a
                                    384 ;	/Users/mybays/develop/stm8/stm8_proj.dev/new_air/newair/src/main.c: 202: while (UART2_GetFlagStatus(UART2_FLAG_TXE) == RESET);
      000172                        385 00101$:
      000172 4B 80            [ 1]  386 	push	#0x80
      000174 4B 00            [ 1]  387 	push	#0x00
      000176 CDr00r00         [ 4]  388 	call	_UART2_GetFlagStatus
      000179 85               [ 2]  389 	popw	x
      00017A 4D               [ 1]  390 	tnz	a
      00017B 27 F5            [ 1]  391 	jreq	00101$
                                    392 ;	/Users/mybays/develop/stm8/stm8_proj.dev/new_air/newair/src/main.c: 207: }
      00017D 81               [ 4]  393 	ret
                                    394 ;	/Users/mybays/develop/stm8/stm8_proj.dev/new_air/newair/src/main.c: 214: GETCHAR_PROTOTYPE
                                    395 ;	-----------------------------------------
                                    396 ;	 function getchar
                                    397 ;	-----------------------------------------
      00017E                        398 _getchar:
                                    399 ;	/Users/mybays/develop/stm8/stm8_proj.dev/new_air/newair/src/main.c: 222: while (UART2_GetFlagStatus(UART2_FLAG_RXNE) == RESET);
      00017E                        400 00101$:
      00017E 4B 20            [ 1]  401 	push	#0x20
      000180 4B 00            [ 1]  402 	push	#0x00
      000182 CDr00r00         [ 4]  403 	call	_UART2_GetFlagStatus
      000185 85               [ 2]  404 	popw	x
      000186 4D               [ 1]  405 	tnz	a
      000187 27 F5            [ 1]  406 	jreq	00101$
                                    407 ;	/Users/mybays/develop/stm8/stm8_proj.dev/new_air/newair/src/main.c: 223: c = UART2_ReceiveData8();
      000189 CDr00r00         [ 4]  408 	call	_UART2_ReceiveData8
      00018C 5F               [ 1]  409 	clrw	x
      00018D 97               [ 1]  410 	ld	xl, a
                                    411 ;	/Users/mybays/develop/stm8/stm8_proj.dev/new_air/newair/src/main.c: 224: return (c);
                                    412 ;	/Users/mybays/develop/stm8/stm8_proj.dev/new_air/newair/src/main.c: 225: }
      00018E 81               [ 4]  413 	ret
                                    414 	.area CODE
                                    415 	.area CONST
                                    416 	.area CONST
      000000                        417 ___str_0:
      000000 0A                     418 	.db 0x0a
      000001 0D                     419 	.db 0x0d
      000002 55 41 52 54 31 20 45   420 	.ascii "UART1 Example :retarget the C library printf()/getchar() fun"
             78 61 6D 70 6C 65 20
             3A 72 65 74 61 72 67
             65 74 20 74 68 65 20
             43 20 6C 69 62 72 61
             72 79 20 70 72 69 6E
             74 66 28 29 2F 67 65
             74 63 68 61 72 28 29
             20 66 75 6E
      00003E 63 74 69 6F 6E 73 20   421 	.ascii "ctions to the UART"
             74 6F 20 74 68 65 20
             55 41 52 54
      000050 0A                     422 	.db 0x0a
      000051 0D                     423 	.db 0x0d
      000052 00                     424 	.db 0x00
                                    425 	.area CODE
                                    426 	.area CONST
      000053                        427 ___str_1:
      000053 0A                     428 	.db 0x0a
      000054 0D                     429 	.db 0x0d
      000055 45 6E 74 65 72 20 54   430 	.ascii "Enter Text"
             65 78 74
      00005F 0A                     431 	.db 0x0a
      000060 0D                     432 	.db 0x0d
      000061 00                     433 	.db 0x00
                                    434 	.area CODE
                                    435 	.area CONST
      000062                        436 ___str_2:
      000062 75 6E 69 71 75 65 3A   437 	.ascii "unique:x:0x%x y:0x%x wafer number:%d lot:%d%d%d%d%d%d%d"
             78 3A 30 78 25 78 20
             79 3A 30 78 25 78 20
             77 61 66 65 72 20 6E
             75 6D 62 65 72 3A 25
             64 20 6C 6F 74 3A 25
             64 25 64 25 64 25 64
             25 64 25 64 25 64
      000099 0D                     438 	.db 0x0d
      00009A 0A                     439 	.db 0x0a
      00009B 00                     440 	.db 0x00
                                    441 	.area CODE
                                    442 	.area CONST
      00009C                        443 ___str_3:
      00009C 31 3A 25 64 2C 32 3A   444 	.ascii "1:%d,2:%d"
             25 64
      0000A5 0D                     445 	.db 0x0d
      0000A6 0A                     446 	.db 0x0a
      0000A7 00                     447 	.db 0x00
                                    448 	.area CODE
                                    449 	.area INITIALIZER
      000000                        450 __xinit__ICValue1:
      000000 00 00                  451 	.dw #0x0000
      000002                        452 __xinit__ICValue2:
      000002 00 00                  453 	.dw #0x0000
                                    454 	.area CABS (ABS)
