The target system is: Generic -  - 
The host system is: Darwin - 21.1.0 - x86_64
Compiling the C compiler identification source file "CMakeCCompilerId.c" succeeded.
Compiler: /usr/local/bin/sdcc 
Build flags: 
Id flags:  

The output was:
0


Compilation of the C compiler identification source "CMakeCCompilerId.c" produced "CMakeCCompilerId.asm"

Compilation of the C compiler identification source "CMakeCCompilerId.c" produced "CMakeCCompilerId.ihx"

Compilation of the C compiler identification source "CMakeCCompilerId.c" produced "CMakeCCompilerId.lk"

Compilation of the C compiler identification source "CMakeCCompilerId.c" produced "CMakeCCompilerId.lst"

Compilation of the C compiler identification source "CMakeCCompilerId.c" produced "CMakeCCompilerId.map"

Compilation of the C compiler identification source "CMakeCCompilerId.c" produced "CMakeCCompilerId.mem"

Compilation of the C compiler identification source "CMakeCCompilerId.c" produced "CMakeCCompilerId.rel"

Compilation of the C compiler identification source "CMakeCCompilerId.c" produced "CMakeCCompilerId.rst"

Compilation of the C compiler identification source "CMakeCCompilerId.c" produced "CMakeCCompilerId.sym"

The C compiler identification is SDCC, found in "/Users/mybays/develop/stm8/stm8_proj.dev/new_air/newair/build/CMakeFiles/3.21.3/CompilerIdC/CMakeCCompilerId.asm"

Detecting C compiler ABI info compiled with the following output:
Change Dir: /Users/mybays/develop/stm8/stm8_proj.dev/new_air/newair/build/CMakeFiles/CMakeTmp

Run Build Command(s):/usr/bin/make -f Makefile cmTC_adfc6/fast && /Library/Developer/CommandLineTools/usr/bin/make  -f CMakeFiles/cmTC_adfc6.dir/build.make CMakeFiles/cmTC_adfc6.dir/build
Building C object CMakeFiles/cmTC_adfc6.dir/CMakeCCompilerABI.c.rel
/usr/local/bin/sdcc    -o CMakeFiles/cmTC_adfc6.dir/CMakeCCompilerABI.c.rel -c /usr/local/Cellar/cmake/3.21.3/share/cmake/Modules/CMakeCCompilerABI.c
Linking C executable cmTC_adfc6.ihx
/usr/local/Cellar/cmake/3.21.3/bin/cmake -E cmake_link_script CMakeFiles/cmTC_adfc6.dir/link.txt --verbose=1
/usr/local/bin/sdcc CMakeFiles/cmTC_adfc6.dir/CMakeCCompilerABI.c.rel -o cmTC_adfc6.ihx 



