ASxxxx Linker V03.00 + NoICE + sdld,  page 1.
Hexadecimal  [32-Bits]

Area                                    Addr        Size        Decimal Bytes (Attributes)
--------------------------------        ----        ----        ------- ----- ------------
.  .ABS.                            00000000    00000000 =           0. bytes (ABS,CON)

      Value  Global                              Global Defined In Module
      -----  --------------------------------   ------------------------
     00000000  .__.ABS.                           _strlen
     00000000  l_CABS                          
     00000000  l_DABS                          
     00000000  l__CODE                         
     00000000  s_CABS                          
     00000000  s_DABS                          
     00000000  s__CODE                         
     00000001  l_SSEG                          
     00000001  s_DATA                          
     00000003  l_GSFINAL                       
     00000006  l_INITIALIZED                   
     00000006  l_INITIALIZER                   
     00000007  l_DATA                          
     00000008  s_INITIALIZED                   
     0000001A  l_GSINIT                        
     0000006F  l_HOME                          
     000002F2  l_CONST                         
     000050B0  l_CODE                          
     00008000  s_HOME                          
     0000806F  s_GSINIT                        
     00008089  s_GSFINAL                       
     0000808C  s_CONST                         
     0000837E  s_INITIALIZER                   
     00008384  s_CODE                          
     0000D434  s_SSEG                          

ASxxxx Linker V03.00 + NoICE + sdld,  page 2.
Hexadecimal  [32-Bits]

Area                                    Addr        Size        Decimal Bytes (Attributes)
--------------------------------        ----        ----        ------- ----- ------------
DATA                                00000001    00000007 =           7. bytes (REL,CON)

      Value  Global                              Global Defined In Module
      -----  --------------------------------   ------------------------
     00000001  _status                            ir
     00000002  _shift                             ir
     00000004  _addr                              ir
     00000006  _cmd                               ir

ASxxxx Linker V03.00 + NoICE + sdld,  page 3.
Hexadecimal  [32-Bits]

Area                                    Addr        Size        Decimal Bytes (Attributes)
--------------------------------        ----        ----        ------- ----- ------------
INITIALIZED                         00000008    00000006 =           6. bytes (REL,CON)

      Value  Global                              Global Defined In Module
      -----  --------------------------------   ------------------------
     00000008  _onoff_state                       fan
     00000009  _speed                             fan
     0000000A  _speed_counter                     fan
     0000000C  _nCounter                          fan

ASxxxx Linker V03.00 + NoICE + sdld,  page 4.
Hexadecimal  [32-Bits]

Area                                    Addr        Size        Decimal Bytes (Attributes)
--------------------------------        ----        ----        ------- ----- ------------
HOME                                00008000    0000006F =         111. bytes (REL,CON)

      Value  Global                              Global Defined In Module
      -----  --------------------------------   ------------------------
ASxxxx Linker V03.00 + NoICE + sdld,  page 5.
Hexadecimal  [32-Bits]

Area                                    Addr        Size        Decimal Bytes (Attributes)
--------------------------------        ----        ----        ------- ----- ------------
GSINIT                              0000806F    0000001A =          26. bytes (REL,CON)

      Value  Global                              Global Defined In Module
      -----  --------------------------------   ------------------------
ASxxxx Linker V03.00 + NoICE + sdld,  page 6.
Hexadecimal  [32-Bits]

Area                                    Addr        Size        Decimal Bytes (Attributes)
--------------------------------        ----        ----        ------- ----- ------------
GSFINAL                             00008089    00000003 =           3. bytes (REL,CON)

      Value  Global                              Global Defined In Module
      -----  --------------------------------   ------------------------
ASxxxx Linker V03.00 + NoICE + sdld,  page 7.
Hexadecimal  [32-Bits]

Area                                    Addr        Size        Decimal Bytes (Attributes)
--------------------------------        ----        ----        ------- ----- ------------
CONST                               0000808C    000002F2 =         754. bytes (REL,CON)

      Value  Global                              Global Defined In Module
      -----  --------------------------------   ------------------------
     0000811E  _HSIDivFactor                      stm8s_clk
     00008122  _CLKPrescTable                     stm8s_clk

ASxxxx Linker V03.00 + NoICE + sdld,  page 8.
Hexadecimal  [32-Bits]

Area                                    Addr        Size        Decimal Bytes (Attributes)
--------------------------------        ----        ----        ------- ----- ------------
INITIALIZER                         0000837E    00000006 =           6. bytes (REL,CON)

      Value  Global                              Global Defined In Module
      -----  --------------------------------   ------------------------
ASxxxx Linker V03.00 + NoICE + sdld,  page 9.
Hexadecimal  [32-Bits]

Area                                    Addr        Size        Decimal Bytes (Attributes)
--------------------------------        ----        ----        ------- ----- ------------
CODE                                00008384    000050B0 =       20656. bytes (REL,CON)

      Value  Global                              Global Defined In Module
      -----  --------------------------------   ------------------------
     00008384  _assert_failed                     assert
     00008387  _write_fan_speed                   fan
     000083AC  _fan_init                          fan
     000083F6  _fan_on                            fan
     00008411  _fan_off                           fan
     0000842C  _fan_sw                            fan
     00008458  _fan_up                            fan
     00008493  _fan_down                          fan
     000084CE  _sd_on_cap                         fan
     000084DD  _sd_on_ovf                         fan
     000084ED  _ms2_update                        fan
     000084F5  _ov_handler                        ir
     00008524  _cap_handler                       ir
     0000862F  _main                              main
     000086D5  _UART2_Config                      main
     000086F8  _TIM1_Config                       main
     0000872E  _TIM2_Config                       main
     00008767  _TIM3_Config                       main
     000087A0  _TIM4_Config                       main
     000087BD  _IWDG_Config                       main
     000087D5  _putchar                           main
     000087EA  _getchar                           main
     000087FB  _TRAP_IRQHandler                   stm8s_it
     000087FC  _TLI_IRQHandler                    stm8s_it
     000087FD  _AWU_IRQHandler                    stm8s_it
     000087FE  _CLK_IRQHandler                    stm8s_it
     000087FF  _EXTI_PORTA_IRQHandler             stm8s_it
     00008800  _EXTI_PORTB_IRQHandler             stm8s_it
     00008801  _EXTI_PORTC_IRQHandler             stm8s_it
     00008812  _EXTI_PORTD_IRQHandler             stm8s_it
     0000882E  _EXTI_PORTE_IRQHandler             stm8s_it
     0000882F  _SPI_IRQHandler                    stm8s_it
     00008830  _TIM1_UPD_OVF_TRG_BRK_IRQHandler   stm8s_it
     00008831  _TIM1_CAP_COM_IRQHandler           stm8s_it
     00008832  _TIM2_UPD_OVF_BRK_IRQHandler       stm8s_it
     0000883D  _TIM2_CAP_COM_IRQHandler           stm8s_it
     00008856  _TIM3_UPD_OVF_BRK_IRQHandler       stm8s_it
     00008870  _TIM3_CAP_COM_IRQHandler           stm8s_it
     00008889  _I2C_IRQHandler                    stm8s_it
     0000888A  _UART2_TX_IRQHandler               stm8s_it
     0000888B  _UART2_RX_IRQHandler               stm8s_it
     0000888C  _ADC1_IRQHandler                   stm8s_it
     0000888D  _TIM4_UPD_OVF_IRQHandler           stm8s_it
     00008898  _EEPROM_EEC_IRQHandler             stm8s_it
     00008899  _UART2_DeInit                      stm8s_uart2
     000088C0  _UART2_Init                        stm8s_uart2
     00008B07  _UART2_Cmd                         stm8s_uart2
     00008B1A  _UART2_ITConfig                    stm8s_uart2
     00008C0F  _UART2_IrDAConfig                  stm8s_uart2
     00008C3A  _UART2_IrDACmd                     stm8s_uart2
ASxxxx Linker V03.00 + NoICE + sdld,  page 10.
Hexadecimal  [32-Bits]

Area                                    Addr        Size        Decimal Bytes (Attributes)
--------------------------------        ----        ----        ------- ----- ------------
CODE                                00008384    000050B0 =       20656. bytes (REL,CON)

      Value  Global                              Global Defined In Module
      -----  --------------------------------   ------------------------
     00008C65  _UART2_LINBreakDetectionConfig     stm8s_uart2
     00008C90  _UART2_LINConfig                   stm8s_uart2
     00008D11  _UART2_LINCmd                      stm8s_uart2
     00008D3C  _UART2_SmartCardCmd                stm8s_uart2
     00008D67  _UART2_SmartCardNACKCmd            stm8s_uart2
     00008D92  _UART2_WakeUpConfig                stm8s_uart2
     00008DB8  _UART2_ReceiverWakeUpCmd           stm8s_uart2
     00008DE3  _UART2_ReceiveData8                stm8s_uart2
     00008DE7  _UART2_ReceiveData9                stm8s_uart2
     00008E02  _UART2_SendData8                   stm8s_uart2
     00008E09  _UART2_SendData9                   stm8s_uart2
     00008E26  _UART2_SendBreak                   stm8s_uart2
     00008E2B  _UART2_SetAddress                  stm8s_uart2
     00008E51  _UART2_SetGuardTime                stm8s_uart2
     00008E58  _UART2_SetPrescaler                stm8s_uart2
     00008E5F  _UART2_GetFlagStatus               stm8s_uart2
     00008F23  _UART2_ClearFlag                   stm8s_uart2
     00008F98  _UART2_GetITStatus                 stm8s_uart2
     00009085  _UART2_ClearITPendingBit           stm8s_uart2
     000090D5  _CLK_DeInit                        stm8s_clk
     0000910C  _CLK_FastHaltWakeUpCmd             stm8s_clk
     00009137  _CLK_HSECmd                        stm8s_clk
     00009162  _CLK_HSICmd                        stm8s_clk
     0000918D  _CLK_LSICmd                        stm8s_clk
     000091B8  _CLK_CCOCmd                        stm8s_clk
     000091E3  _CLK_ClockSwitchCmd                stm8s_clk
     0000920E  _CLK_SlowActiveHaltWakeUpCmd       stm8s_clk
     00009239  _CLK_PeripheralClockConfig         stm8s_clk
     00009304  _CLK_ClockSwitchConfig             stm8s_clk
     00009427  _CLK_HSIPrescalerConfig            stm8s_clk
     0000945D  _CLK_CCOConfig                     stm8s_clk
     000094CD  _CLK_ITConfig                      stm8s_clk
     00009542  _CLK_SYSCLKConfig                  stm8s_clk
     000095C9  _CLK_SWIMConfig                    stm8s_clk
     000095F4  _CLK_ClockSecuritySystemEnable     stm8s_clk
     000095F9  _CLK_GetSYSCLKSource               stm8s_clk
     000095FD  _CLK_GetClockFreq                  stm8s_clk
     0000964B  _CLK_AdjustHSICalibrationValue     stm8s_clk
     00009692  _CLK_SYSCLKEmergencyClear          stm8s_clk
     00009697  _CLK_GetFlagStatus                 stm8s_clk
     00009718  _CLK_GetITStatus                   stm8s_clk
     0000975A  _CLK_ClearITPendingBit             stm8s_clk
     0000978C  _TIM1_DeInit                       stm8s_tim1
     00009825  _TIM1_TimeBaseInit                 stm8s_tim1
     00009876  _TIM1_OC1Init                      stm8s_tim1
     000099A2  _TIM1_OC2Init                      stm8s_tim1
     00009ACE  _TIM1_OC3Init                      stm8s_tim1
     00009BFA  _TIM1_OC4Init                      stm8s_tim1
     00009CBE  _TIM1_BDTRConfig                   stm8s_tim1
     00009D60  _TIM1_ICInit                       stm8s_tim1
     00009E74  _TIM1_PWMIConfig                   stm8s_tim1
ASxxxx Linker V03.00 + NoICE + sdld,  page 11.
Hexadecimal  [32-Bits]

Area                                    Addr        Size        Decimal Bytes (Attributes)
--------------------------------        ----        ----        ------- ----- ------------
CODE                                00008384    000050B0 =       20656. bytes (REL,CON)

      Value  Global                              Global Defined In Module
      -----  --------------------------------   ------------------------
     00009F75  _TIM1_Cmd                          stm8s_tim1
     00009FA0  _TIM1_CtrlPWMOutputs               stm8s_tim1
     00009FCB  _TIM1_ITConfig                     stm8s_tim1
     0000A013  _TIM1_InternalClockConfig          stm8s_tim1
     0000A01C  _TIM1_ETRClockMode1Config          stm8s_tim1
     0000A073  _TIM1_ETRClockMode2Config          stm8s_tim1
     0000A0C4  _TIM1_ETRConfig                    stm8s_tim1
     0000A0EC  _TIM1_TIxExternalClockConfig       stm8s_tim1
     0000A176  _TIM1_SelectInputTrigger           stm8s_tim1
     0000A1B2  _TIM1_UpdateDisableConfig          stm8s_tim1
     0000A1DD  _TIM1_UpdateRequestConfig          stm8s_tim1
     0000A208  _TIM1_SelectHallSensor             stm8s_tim1
     0000A233  _TIM1_SelectOnePulseMode           stm8s_tim1
     0000A25E  _TIM1_SelectOutputTrigger          stm8s_tim1
     0000A2A0  _TIM1_SelectSlaveMode              stm8s_tim1
     0000A2D2  _TIM1_SelectMasterSlaveMode        stm8s_tim1
     0000A2FD  _TIM1_EncoderInterfaceConfig       stm8s_tim1
     0000A392  _TIM1_PrescalerConfig              stm8s_tim1
     0000A3BB  _TIM1_CounterModeConfig            stm8s_tim1
     0000A3F1  _TIM1_ForcedOC1Config              stm8s_tim1
     0000A417  _TIM1_ForcedOC2Config              stm8s_tim1
     0000A43D  _TIM1_ForcedOC3Config              stm8s_tim1
     0000A463  _TIM1_ForcedOC4Config              stm8s_tim1
     0000A489  _TIM1_ARRPreloadConfig             stm8s_tim1
     0000A4B4  _TIM1_SelectCOM                    stm8s_tim1
     0000A4DF  _TIM1_CCPreloadControl             stm8s_tim1
     0000A50A  _TIM1_OC1PreloadConfig             stm8s_tim1
     0000A535  _TIM1_OC2PreloadConfig             stm8s_tim1
     0000A560  _TIM1_OC3PreloadConfig             stm8s_tim1
     0000A58B  _TIM1_OC4PreloadConfig             stm8s_tim1
     0000A5B6  _TIM1_OC1FastConfig                stm8s_tim1
     0000A5E1  _TIM1_OC2FastConfig                stm8s_tim1
     0000A60C  _TIM1_OC3FastConfig                stm8s_tim1
     0000A637  _TIM1_OC4FastConfig                stm8s_tim1
     0000A662  _TIM1_GenerateEvent                stm8s_tim1
     0000A67C  _TIM1_OC1PolarityConfig            stm8s_tim1
     0000A6A8  _TIM1_OC1NPolarityConfig           stm8s_tim1
     0000A6D4  _TIM1_OC2PolarityConfig            stm8s_tim1
     0000A700  _TIM1_OC2NPolarityConfig           stm8s_tim1
     0000A72C  _TIM1_OC3PolarityConfig            stm8s_tim1
     0000A758  _TIM1_OC3NPolarityConfig           stm8s_tim1
     0000A784  _TIM1_OC4PolarityConfig            stm8s_tim1
     0000A7B0  _TIM1_CCxCmd                       stm8s_tim1
     0000A864  _TIM1_CCxNCmd                      stm8s_tim1
     0000A8ED  _TIM1_SelectOCxM                   stm8s_tim1
     0000A9B8  _TIM1_SetCounter                   stm8s_tim1
     0000A9C3  _TIM1_SetAutoreload                stm8s_tim1
     0000A9CE  _TIM1_SetCompare1                  stm8s_tim1
     0000A9D9  _TIM1_SetCompare2                  stm8s_tim1
     0000A9E4  _TIM1_SetCompare3                  stm8s_tim1
     0000A9EF  _TIM1_SetCompare4                  stm8s_tim1
ASxxxx Linker V03.00 + NoICE + sdld,  page 12.
Hexadecimal  [32-Bits]

Area                                    Addr        Size        Decimal Bytes (Attributes)
--------------------------------        ----        ----        ------- ----- ------------
CODE                                00008384    000050B0 =       20656. bytes (REL,CON)

      Value  Global                              Global Defined In Module
      -----  --------------------------------   ------------------------
     0000A9FA  _TIM1_SetIC1Prescaler              stm8s_tim1
     0000AA2A  _TIM1_SetIC2Prescaler              stm8s_tim1
     0000AA5A  _TIM1_SetIC3Prescaler              stm8s_tim1
     0000AA8A  _TIM1_SetIC4Prescaler              stm8s_tim1
     0000AABA  _TIM1_GetCapture1                  stm8s_tim1
     0000AAD1  _TIM1_GetCapture2                  stm8s_tim1
     0000AAE8  _TIM1_GetCapture3                  stm8s_tim1
     0000AAFF  _TIM1_GetCapture4                  stm8s_tim1
     0000AB16  _TIM1_GetCounter                   stm8s_tim1
     0000AB2E  _TIM1_GetPrescaler                 stm8s_tim1
     0000AB46  _TIM1_GetFlagStatus                stm8s_tim1
     0000ABB5  _TIM1_ClearFlag                    stm8s_tim1
     0000ABE3  _TIM1_GetITStatus                  stm8s_tim1
     0000AC3C  _TIM1_ClearITPendingBit            stm8s_tim1
     0000AD1E  _TIM2_DeInit                       stm8s_tim2
     0000AD77  _TIM2_TimeBaseInit                 stm8s_tim2
     0000AD88  _TIM2_OC1Init                      stm8s_tim2
     0000AE20  _TIM2_OC2Init                      stm8s_tim2
     0000AEB8  _TIM2_OC3Init                      stm8s_tim2
     0000AF50  _TIM2_ICInit                       stm8s_tim2
     0000B03A  _TIM2_PWMIConfig                   stm8s_tim2
     0000B13B  _TIM2_Cmd                          stm8s_tim2
     0000B166  _TIM2_ITConfig                     stm8s_tim2
     0000B1B4  _TIM2_UpdateDisableConfig          stm8s_tim2
     0000B1DF  _TIM2_UpdateRequestConfig          stm8s_tim2
     0000B20A  _TIM2_SelectOnePulseMode           stm8s_tim2
     0000B235  _TIM2_PrescalerConfig              stm8s_tim2
     0000B2C6  _TIM2_ForcedOC1Config              stm8s_tim2
     0000B2EC  _TIM2_ForcedOC2Config              stm8s_tim2
     0000B312  _TIM2_ForcedOC3Config              stm8s_tim2
     0000B338  _TIM2_ARRPreloadConfig             stm8s_tim2
     0000B363  _TIM2_OC1PreloadConfig             stm8s_tim2
     0000B38E  _TIM2_OC2PreloadConfig             stm8s_tim2
     0000B3B9  _TIM2_OC3PreloadConfig             stm8s_tim2
     0000B3E4  _TIM2_GenerateEvent                stm8s_tim2
     0000B3FE  _TIM2_OC1PolarityConfig            stm8s_tim2
     0000B42A  _TIM2_OC2PolarityConfig            stm8s_tim2
     0000B456  _TIM2_OC3PolarityConfig            stm8s_tim2
     0000B482  _TIM2_CCxCmd                       stm8s_tim2
     0000B50B  _TIM2_SelectOCxM                   stm8s_tim2
     0000B5AA  _TIM2_SetCounter                   stm8s_tim2
     0000B5B5  _TIM2_SetAutoreload                stm8s_tim2
     0000B5C0  _TIM2_SetCompare1                  stm8s_tim2
     0000B5CB  _TIM2_SetCompare2                  stm8s_tim2
     0000B5D6  _TIM2_SetCompare3                  stm8s_tim2
     0000B5E1  _TIM2_SetIC1Prescaler              stm8s_tim2
     0000B611  _TIM2_SetIC2Prescaler              stm8s_tim2
     0000B641  _TIM2_SetIC3Prescaler              stm8s_tim2
     0000B671  _TIM2_GetCapture1                  stm8s_tim2
     0000B688  _TIM2_GetCapture2                  stm8s_tim2
     0000B69F  _TIM2_GetCapture3                  stm8s_tim2
ASxxxx Linker V03.00 + NoICE + sdld,  page 13.
Hexadecimal  [32-Bits]

Area                                    Addr        Size        Decimal Bytes (Attributes)
--------------------------------        ----        ----        ------- ----- ------------
CODE                                00008384    000050B0 =       20656. bytes (REL,CON)

      Value  Global                              Global Defined In Module
      -----  --------------------------------   ------------------------
     0000B6B6  _TIM2_GetCounter                   stm8s_tim2
     0000B6CE  _TIM2_GetPrescaler                 stm8s_tim2
     0000B6D2  _TIM2_GetFlagStatus                stm8s_tim2
     0000B728  _TIM2_ClearFlag                    stm8s_tim2
     0000B759  _TIM2_GetITStatus                  stm8s_tim2
     0000B79A  _TIM2_ClearITPendingBit            stm8s_tim2
     0000B84D  _TIM3_DeInit                       stm8s_tim3
     0000B892  _TIM3_TimeBaseInit                 stm8s_tim3
     0000B8A3  _TIM3_OC1Init                      stm8s_tim3
     0000B93B  _TIM3_OC2Init                      stm8s_tim3
     0000B9D3  _TIM3_ICInit                       stm8s_tim3
     0000BA9C  _TIM3_PWMIConfig                   stm8s_tim3
     0000BBAA  _TIM3_Cmd                          stm8s_tim3
     0000BBD5  _TIM3_ITConfig                     stm8s_tim3
     0000BC23  _TIM3_UpdateDisableConfig          stm8s_tim3
     0000BC4E  _TIM3_UpdateRequestConfig          stm8s_tim3
     0000BC79  _TIM3_SelectOnePulseMode           stm8s_tim3
     0000BCA4  _TIM3_PrescalerConfig              stm8s_tim3
     0000BD35  _TIM3_ForcedOC1Config              stm8s_tim3
     0000BD5B  _TIM3_ForcedOC2Config              stm8s_tim3
     0000BD81  _TIM3_ARRPreloadConfig             stm8s_tim3
     0000BDAC  _TIM3_OC1PreloadConfig             stm8s_tim3
     0000BDD7  _TIM3_OC2PreloadConfig             stm8s_tim3
     0000BE02  _TIM3_GenerateEvent                stm8s_tim3
     0000BE1C  _TIM3_OC1PolarityConfig            stm8s_tim3
     0000BE48  _TIM3_OC2PolarityConfig            stm8s_tim3
     0000BE74  _TIM3_CCxCmd                       stm8s_tim3
     0000BECB  _TIM3_SelectOCxM                   stm8s_tim3
     0000BF47  _TIM3_SetCounter                   stm8s_tim3
     0000BF52  _TIM3_SetAutoreload                stm8s_tim3
     0000BF5D  _TIM3_SetCompare1                  stm8s_tim3
     0000BF68  _TIM3_SetCompare2                  stm8s_tim3
     0000BF73  _TIM3_SetIC1Prescaler              stm8s_tim3
     0000BFA3  _TIM3_SetIC2Prescaler              stm8s_tim3
     0000BFD3  _TIM3_GetCapture1                  stm8s_tim3
     0000BFEA  _TIM3_GetCapture2                  stm8s_tim3
     0000C001  _TIM3_GetCounter                   stm8s_tim3
     0000C019  _TIM3_GetPrescaler                 stm8s_tim3
     0000C01D  _TIM3_GetFlagStatus                stm8s_tim3
     0000C069  _TIM3_ClearFlag                    stm8s_tim3
     0000C0A2  _TIM3_GetITStatus                  stm8s_tim3
     0000C0DD  _TIM3_ClearITPendingBit            stm8s_tim3
     0000C15F  _TIM4_DeInit                       stm8s_tim4
     0000C178  _TIM4_TimeBaseInit                 stm8s_tim4
     0000C1C1  _TIM4_Cmd                          stm8s_tim4
     0000C1EC  _TIM4_ITConfig                     stm8s_tim4
     0000C235  _TIM4_UpdateDisableConfig          stm8s_tim4
     0000C260  _TIM4_UpdateRequestConfig          stm8s_tim4
     0000C28B  _TIM4_SelectOnePulseMode           stm8s_tim4
     0000C2B6  _TIM4_PrescalerConfig              stm8s_tim4
     0000C317  _TIM4_ARRPreloadConfig             stm8s_tim4
ASxxxx Linker V03.00 + NoICE + sdld,  page 14.
Hexadecimal  [32-Bits]

Area                                    Addr        Size        Decimal Bytes (Attributes)
--------------------------------        ----        ----        ------- ----- ------------
CODE                                00008384    000050B0 =       20656. bytes (REL,CON)

      Value  Global                              Global Defined In Module
      -----  --------------------------------   ------------------------
     0000C342  _TIM4_GenerateEvent                stm8s_tim4
     0000C35D  _TIM4_SetCounter                   stm8s_tim4
     0000C364  _TIM4_SetAutoreload                stm8s_tim4
     0000C36B  _TIM4_GetCounter                   stm8s_tim4
     0000C36F  _TIM4_GetPrescaler                 stm8s_tim4
     0000C373  _TIM4_GetFlagStatus                stm8s_tim4
     0000C393  _TIM4_ClearFlag                    stm8s_tim4
     0000C3AE  _TIM4_GetITStatus                  stm8s_tim4
     0000C3DD  _TIM4_ClearITPendingBit            stm8s_tim4
     0000C3F8  _GPIO_DeInit                       stm8s_gpio
     0000C407  _GPIO_Init                         stm8s_gpio
     0000C4E4  _GPIO_Write                        stm8s_gpio
     0000C4EA  _GPIO_WriteHigh                    stm8s_gpio
     0000C4F1  _GPIO_WriteLow                     stm8s_gpio
     0000C4FF  _GPIO_WriteReverse                 stm8s_gpio
     0000C506  _GPIO_ReadOutputData               stm8s_gpio
     0000C50A  _GPIO_ReadInputData                stm8s_gpio
     0000C50F  _GPIO_ReadInputPin                 stm8s_gpio
     0000C516  _GPIO_ExternalPullUpConfig         stm8s_gpio
     0000C55D  _EXTI_DeInit                       stm8s_exti
     0000C566  _EXTI_SetExtIntSensitivity         stm8s_exti
     0000C644  _EXTI_SetTLISensitivity            stm8s_exti
     0000C66E  _EXTI_GetExtIntSensitivity         stm8s_exti
     0000C6E7  _EXTI_GetTLISensitivity            stm8s_exti
     0000C6ED  _IWDG_WriteAccessCmd               stm8s_iwdg
     0000C70D  _IWDG_SetPrescaler                 stm8s_iwdg
     0000C74A  _IWDG_SetReload                    stm8s_iwdg
     0000C751  _IWDG_ReloadCounter                stm8s_iwdg
     0000C756  _IWDG_Enable                       stm8s_iwdg
     0000C75B  _FLASH_Unlock                      stm8s_flash
     0000C795  _FLASH_Lock                        stm8s_flash
     0000C7B9  _FLASH_DeInit                      stm8s_flash
     0000C7D1  _FLASH_ITConfig                    stm8s_flash
     0000C7FC  _FLASH_EraseByte                   stm8s_flash
     0000C83E  _FLASH_ProgramByte                 stm8s_flash
     0000C882  _FLASH_ReadByte                    stm8s_flash
     0000C8C4  _FLASH_ProgramWord                 stm8s_flash
     0000C93E  _FLASH_ProgramOptionByte           stm8s_flash
     0000C995  _FLASH_EraseOptionByte             stm8s_flash
     0000C9DD  _FLASH_ReadOptionByte              stm8s_flash
     0000CA2A  _FLASH_SetLowPowerMode             stm8s_flash
     0000CA60  _FLASH_SetProgrammingTime          stm8s_flash
     0000CA89  _FLASH_GetLowPowerMode             stm8s_flash
     0000CA8F  _FLASH_GetProgrammingTime          stm8s_flash
     0000CA95  _FLASH_GetBootSize                 stm8s_flash
     0000CABA  _FLASH_GetFlagStatus               stm8s_flash
     0000CAF2  _FLASH_WaitForLastOperation        stm8s_flash
     0000CB22  _FLASH_EraseBlock                  stm8s_flash
     0000CBAA  _FLASH_ProgramBlock                stm8s_flash
     0000CC85  __mulint                           
     0000CC9E  __divulong                         
ASxxxx Linker V03.00 + NoICE + sdld,  page 15.
Hexadecimal  [32-Bits]

Area                                    Addr        Size        Decimal Bytes (Attributes)
--------------------------------        ----        ----        ------- ----- ------------
CODE                                00008384    000050B0 =       20656. bytes (REL,CON)

      Value  Global                              Global Defined In Module
      -----  --------------------------------   ------------------------
     0000CCF8  _puts                              puts
     0000CD27  _vprintf                           vprintf
     0000CD39  _printf                            vprintf
     0000CD4D  __mullong                          
     0000CE65  __print_format                     printf_large
     0000D425  _strlen                            _strlen

ASxxxx Linker V03.00 + NoICE + sdld,  page 16.
Hexadecimal  [32-Bits]

Area                                    Addr        Size        Decimal Bytes (Attributes)
--------------------------------        ----        ----        ------- ----- ------------
SSEG                                0000D434    00000001 =           1. bytes (REL,CON)

      Value  Global                              Global Defined In Module
      -----  --------------------------------   ------------------------
ASxxxx Linker V03.00 + NoICE + sdld,  page 17.

Files Linked                              [ module(s) ]

STM8S005/assert.c.rel                     [ assert ]
STM8S005/fan.c.rel                        [ fan ]
STM8S005/ir.c.rel                         [ ir ]
STM8S005/main.c.rel                       [ main ]
STM8S005/stm8s_it.c.rel                   [ stm8s_it ]
STM8S005/stm8s_uart2.c.rel                [ stm8s_uart2 ]
STM8S005/stm8s_clk.c.rel                  [ stm8s_clk ]
STM8S005/stm8s_tim1.c.rel                 [ stm8s_tim1 ]
STM8S005/stm8s_tim2.c.rel                 [ stm8s_tim2 ]
STM8S005/stm8s_tim3.c.rel                 [ stm8s_tim3 ]
STM8S005/stm8s_tim4.c.rel                 [ stm8s_tim4 ]
STM8S005/stm8s_gpio.c.rel                 [ stm8s_gpio ]
STM8S005/stm8s_exti.c.rel                 [ stm8s_exti ]
STM8S005/stm8s_iwdg.c.rel                 [ stm8s_iwdg ]
STM8S005/stm8s_flash.c.rel                [ stm8s_flash ]


Libraries Linked                          [ object file ]

/usr/local/bin/../share/sdcc/lib/stm8/stm8.lib
                                          [ _mulint.rel ]
/usr/local/bin/../share/sdcc/lib/stm8/stm8.lib
                                          [ _divulong.rel ]
/usr/local/bin/../share/sdcc/lib/stm8/stm8.lib
                                          [ puts.rel ]
/usr/local/bin/../share/sdcc/lib/stm8/stm8.lib
                                          [ vprintf.rel ]
/usr/local/bin/../share/sdcc/lib/stm8/stm8.lib
                                          [ _mullong.rel ]
/usr/local/bin/../share/sdcc/lib/stm8/stm8.lib
                                          [ printf_large.rel ]
/usr/local/bin/../share/sdcc/lib/stm8/stm8.lib
                                          [ _strlen.rel ]

ASxxxx Linker V03.00 + NoICE + sdld,  page 18.

User Base Address Definitions

HOME = 0x8000
DATA = 0x0001

