                                      1 ;--------------------------------------------------------
                                      2 ; File Created by SDCC : free open source ANSI-C Compiler
                                      3 ; Version 4.1.0 #12072 (Mac OS X x86_64)
                                      4 ;--------------------------------------------------------
                                      5 	.module stm8s_flash
                                      6 	.optsdcc -mstm8
                                      7 	
                                      8 ;--------------------------------------------------------
                                      9 ; Public variables in this module
                                     10 ;--------------------------------------------------------
                                     11 	.globl _assert_failed
                                     12 	.globl _FLASH_Unlock
                                     13 	.globl _FLASH_Lock
                                     14 	.globl _FLASH_DeInit
                                     15 	.globl _FLASH_ITConfig
                                     16 	.globl _FLASH_EraseByte
                                     17 	.globl _FLASH_ProgramByte
                                     18 	.globl _FLASH_ReadByte
                                     19 	.globl _FLASH_ProgramWord
                                     20 	.globl _FLASH_ProgramOptionByte
                                     21 	.globl _FLASH_EraseOptionByte
                                     22 	.globl _FLASH_ReadOptionByte
                                     23 	.globl _FLASH_SetLowPowerMode
                                     24 	.globl _FLASH_SetProgrammingTime
                                     25 	.globl _FLASH_GetLowPowerMode
                                     26 	.globl _FLASH_GetProgrammingTime
                                     27 	.globl _FLASH_GetBootSize
                                     28 	.globl _FLASH_GetFlagStatus
                                     29 	.globl _FLASH_WaitForLastOperation
                                     30 	.globl _FLASH_EraseBlock
                                     31 	.globl _FLASH_ProgramBlock
                                     32 ;--------------------------------------------------------
                                     33 ; ram data
                                     34 ;--------------------------------------------------------
                                     35 	.area DATA
                                     36 ;--------------------------------------------------------
                                     37 ; ram data
                                     38 ;--------------------------------------------------------
                                     39 	.area INITIALIZED
                                     40 ;--------------------------------------------------------
                                     41 ; absolute external ram data
                                     42 ;--------------------------------------------------------
                                     43 	.area DABS (ABS)
                                     44 
                                     45 ; default segment ordering for linker
                                     46 	.area HOME
                                     47 	.area GSINIT
                                     48 	.area GSFINAL
                                     49 	.area CONST
                                     50 	.area INITIALIZER
                                     51 	.area CODE
                                     52 
                                     53 ;--------------------------------------------------------
                                     54 ; global & static initialisations
                                     55 ;--------------------------------------------------------
                                     56 	.area HOME
                                     57 	.area GSINIT
                                     58 	.area GSFINAL
                                     59 	.area GSINIT
                                     60 ;--------------------------------------------------------
                                     61 ; Home
                                     62 ;--------------------------------------------------------
                                     63 	.area HOME
                                     64 	.area HOME
                                     65 ;--------------------------------------------------------
                                     66 ; code
                                     67 ;--------------------------------------------------------
                                     68 	.area CODE
                                     69 ;	../..//StdPeriph_Driver/STM8S_StdPeriph_Driver//src/stm8s_flash.c: 168: void FLASH_Unlock(FLASH_MemType_TypeDef FLASH_MemType)
                                     70 ;	-----------------------------------------
                                     71 ;	 function FLASH_Unlock
                                     72 ;	-----------------------------------------
      000000                         73 _FLASH_Unlock:
                                     74 ;	../..//StdPeriph_Driver/STM8S_StdPeriph_Driver//src/stm8s_flash.c: 171: assert_param(IS_MEMORY_TYPE_OK(FLASH_MemType));
      000000 7B 03            [ 1]   75 	ld	a, (0x03, sp)
      000002 A0 FD            [ 1]   76 	sub	a, #0xfd
      000004 26 02            [ 1]   77 	jrne	00127$
      000006 4C               [ 1]   78 	inc	a
      000007 21                      79 	.byte 0x21
      000008                         80 00127$:
      000008 4F               [ 1]   81 	clr	a
      000009                         82 00128$:
      000009 4D               [ 1]   83 	tnz	a
      00000A 26 19            [ 1]   84 	jrne	00107$
      00000C 88               [ 1]   85 	push	a
      00000D 7B 04            [ 1]   86 	ld	a, (0x04, sp)
      00000F A1 F7            [ 1]   87 	cp	a, #0xf7
      000011 84               [ 1]   88 	pop	a
      000012 27 11            [ 1]   89 	jreq	00107$
      000014 88               [ 1]   90 	push	a
      000015 4B AB            [ 1]   91 	push	#0xab
      000017 5F               [ 1]   92 	clrw	x
      000018 89               [ 2]   93 	pushw	x
      000019 4B 00            [ 1]   94 	push	#0x00
      00001B 4Br00            [ 1]   95 	push	#<(___str_0+0)
      00001D 4Bs00            [ 1]   96 	push	#((___str_0+0) >> 8)
      00001F CDr00r00         [ 4]   97 	call	_assert_failed
      000022 5B 06            [ 2]   98 	addw	sp, #6
      000024 84               [ 1]   99 	pop	a
      000025                        100 00107$:
                                    101 ;	../..//StdPeriph_Driver/STM8S_StdPeriph_Driver//src/stm8s_flash.c: 174: if(FLASH_MemType == FLASH_MEMTYPE_PROG)
      000025 4D               [ 1]  102 	tnz	a
      000026 27 09            [ 1]  103 	jreq	00102$
                                    104 ;	../..//StdPeriph_Driver/STM8S_StdPeriph_Driver//src/stm8s_flash.c: 176: FLASH->PUKR = FLASH_RASS_KEY1;
      000028 35 56 50 62      [ 1]  105 	mov	0x5062+0, #0x56
                                    106 ;	../..//StdPeriph_Driver/STM8S_StdPeriph_Driver//src/stm8s_flash.c: 177: FLASH->PUKR = FLASH_RASS_KEY2;
      00002C 35 AE 50 62      [ 1]  107 	mov	0x5062+0, #0xae
      000030 81               [ 4]  108 	ret
      000031                        109 00102$:
                                    110 ;	../..//StdPeriph_Driver/STM8S_StdPeriph_Driver//src/stm8s_flash.c: 182: FLASH->DUKR = FLASH_RASS_KEY2; /* Warning: keys are reversed on data memory !!! */
      000031 35 AE 50 64      [ 1]  111 	mov	0x5064+0, #0xae
                                    112 ;	../..//StdPeriph_Driver/STM8S_StdPeriph_Driver//src/stm8s_flash.c: 183: FLASH->DUKR = FLASH_RASS_KEY1;
      000035 35 56 50 64      [ 1]  113 	mov	0x5064+0, #0x56
                                    114 ;	../..//StdPeriph_Driver/STM8S_StdPeriph_Driver//src/stm8s_flash.c: 185: }
      000039 81               [ 4]  115 	ret
                                    116 ;	../..//StdPeriph_Driver/STM8S_StdPeriph_Driver//src/stm8s_flash.c: 193: void FLASH_Lock(FLASH_MemType_TypeDef FLASH_MemType)
                                    117 ;	-----------------------------------------
                                    118 ;	 function FLASH_Lock
                                    119 ;	-----------------------------------------
      00003A                        120 _FLASH_Lock:
                                    121 ;	../..//StdPeriph_Driver/STM8S_StdPeriph_Driver//src/stm8s_flash.c: 196: assert_param(IS_MEMORY_TYPE_OK(FLASH_MemType));
      00003A 7B 03            [ 1]  122 	ld	a, (0x03, sp)
      00003C A1 FD            [ 1]  123 	cp	a, #0xfd
      00003E 27 15            [ 1]  124 	jreq	00104$
      000040 7B 03            [ 1]  125 	ld	a, (0x03, sp)
      000042 A1 F7            [ 1]  126 	cp	a, #0xf7
      000044 27 0F            [ 1]  127 	jreq	00104$
      000046 4B C4            [ 1]  128 	push	#0xc4
      000048 5F               [ 1]  129 	clrw	x
      000049 89               [ 2]  130 	pushw	x
      00004A 4B 00            [ 1]  131 	push	#0x00
      00004C 4Br00            [ 1]  132 	push	#<(___str_0+0)
      00004E 4Bs00            [ 1]  133 	push	#((___str_0+0) >> 8)
      000050 CDr00r00         [ 4]  134 	call	_assert_failed
      000053 5B 06            [ 2]  135 	addw	sp, #6
      000055                        136 00104$:
                                    137 ;	../..//StdPeriph_Driver/STM8S_StdPeriph_Driver//src/stm8s_flash.c: 199: FLASH->IAPSR &= (uint8_t)FLASH_MemType;
      000055 C6 50 5F         [ 1]  138 	ld	a, 0x505f
      000058 14 03            [ 1]  139 	and	a, (0x03, sp)
      00005A C7 50 5F         [ 1]  140 	ld	0x505f, a
                                    141 ;	../..//StdPeriph_Driver/STM8S_StdPeriph_Driver//src/stm8s_flash.c: 200: }
      00005D 81               [ 4]  142 	ret
                                    143 ;	../..//StdPeriph_Driver/STM8S_StdPeriph_Driver//src/stm8s_flash.c: 207: void FLASH_DeInit(void)
                                    144 ;	-----------------------------------------
                                    145 ;	 function FLASH_DeInit
                                    146 ;	-----------------------------------------
      00005E                        147 _FLASH_DeInit:
                                    148 ;	../..//StdPeriph_Driver/STM8S_StdPeriph_Driver//src/stm8s_flash.c: 209: FLASH->CR1 = FLASH_CR1_RESET_VALUE;
      00005E 35 00 50 5A      [ 1]  149 	mov	0x505a+0, #0x00
                                    150 ;	../..//StdPeriph_Driver/STM8S_StdPeriph_Driver//src/stm8s_flash.c: 210: FLASH->CR2 = FLASH_CR2_RESET_VALUE;
      000062 35 00 50 5B      [ 1]  151 	mov	0x505b+0, #0x00
                                    152 ;	../..//StdPeriph_Driver/STM8S_StdPeriph_Driver//src/stm8s_flash.c: 211: FLASH->NCR2 = FLASH_NCR2_RESET_VALUE;
      000066 35 FF 50 5C      [ 1]  153 	mov	0x505c+0, #0xff
                                    154 ;	../..//StdPeriph_Driver/STM8S_StdPeriph_Driver//src/stm8s_flash.c: 212: FLASH->IAPSR &= (uint8_t)(~FLASH_IAPSR_DUL);
      00006A 72 17 50 5F      [ 1]  155 	bres	20575, #3
                                    156 ;	../..//StdPeriph_Driver/STM8S_StdPeriph_Driver//src/stm8s_flash.c: 213: FLASH->IAPSR &= (uint8_t)(~FLASH_IAPSR_PUL);
      00006E 72 13 50 5F      [ 1]  157 	bres	20575, #1
                                    158 ;	../..//StdPeriph_Driver/STM8S_StdPeriph_Driver//src/stm8s_flash.c: 214: (void) FLASH->IAPSR; /* Reading of this register causes the clearing of status flags */
      000072 C6 50 5F         [ 1]  159 	ld	a, 0x505f
                                    160 ;	../..//StdPeriph_Driver/STM8S_StdPeriph_Driver//src/stm8s_flash.c: 215: }
      000075 81               [ 4]  161 	ret
                                    162 ;	../..//StdPeriph_Driver/STM8S_StdPeriph_Driver//src/stm8s_flash.c: 223: void FLASH_ITConfig(FunctionalState NewState)
                                    163 ;	-----------------------------------------
                                    164 ;	 function FLASH_ITConfig
                                    165 ;	-----------------------------------------
      000076                        166 _FLASH_ITConfig:
                                    167 ;	../..//StdPeriph_Driver/STM8S_StdPeriph_Driver//src/stm8s_flash.c: 226: assert_param(IS_FUNCTIONALSTATE_OK(NewState));
      000076 0D 03            [ 1]  168 	tnz	(0x03, sp)
      000078 27 14            [ 1]  169 	jreq	00107$
      00007A 7B 03            [ 1]  170 	ld	a, (0x03, sp)
      00007C 4A               [ 1]  171 	dec	a
      00007D 27 0F            [ 1]  172 	jreq	00107$
      00007F 4B E2            [ 1]  173 	push	#0xe2
      000081 5F               [ 1]  174 	clrw	x
      000082 89               [ 2]  175 	pushw	x
      000083 4B 00            [ 1]  176 	push	#0x00
      000085 4Br00            [ 1]  177 	push	#<(___str_0+0)
      000087 4Bs00            [ 1]  178 	push	#((___str_0+0) >> 8)
      000089 CDr00r00         [ 4]  179 	call	_assert_failed
      00008C 5B 06            [ 2]  180 	addw	sp, #6
      00008E                        181 00107$:
                                    182 ;	../..//StdPeriph_Driver/STM8S_StdPeriph_Driver//src/stm8s_flash.c: 230: FLASH->CR1 |= FLASH_CR1_IE; /* Enables the interrupt sources */
      00008E C6 50 5A         [ 1]  183 	ld	a, 0x505a
                                    184 ;	../..//StdPeriph_Driver/STM8S_StdPeriph_Driver//src/stm8s_flash.c: 228: if(NewState != DISABLE)
      000091 0D 03            [ 1]  185 	tnz	(0x03, sp)
      000093 27 06            [ 1]  186 	jreq	00102$
                                    187 ;	../..//StdPeriph_Driver/STM8S_StdPeriph_Driver//src/stm8s_flash.c: 230: FLASH->CR1 |= FLASH_CR1_IE; /* Enables the interrupt sources */
      000095 AA 02            [ 1]  188 	or	a, #0x02
      000097 C7 50 5A         [ 1]  189 	ld	0x505a, a
      00009A 81               [ 4]  190 	ret
      00009B                        191 00102$:
                                    192 ;	../..//StdPeriph_Driver/STM8S_StdPeriph_Driver//src/stm8s_flash.c: 234: FLASH->CR1 &= (uint8_t)(~FLASH_CR1_IE); /* Disables the interrupt sources */
      00009B A4 FD            [ 1]  193 	and	a, #0xfd
      00009D C7 50 5A         [ 1]  194 	ld	0x505a, a
                                    195 ;	../..//StdPeriph_Driver/STM8S_StdPeriph_Driver//src/stm8s_flash.c: 236: }
      0000A0 81               [ 4]  196 	ret
                                    197 ;	../..//StdPeriph_Driver/STM8S_StdPeriph_Driver//src/stm8s_flash.c: 245: void FLASH_EraseByte(uint32_t Address)
                                    198 ;	-----------------------------------------
                                    199 ;	 function FLASH_EraseByte
                                    200 ;	-----------------------------------------
      0000A1                        201 _FLASH_EraseByte:
                                    202 ;	../..//StdPeriph_Driver/STM8S_StdPeriph_Driver//src/stm8s_flash.c: 248: assert_param(IS_FLASH_ADDRESS_OK(Address));
      0000A1 1E 05            [ 2]  203 	ldw	x, (0x05, sp)
      0000A3 A3 80 00         [ 2]  204 	cpw	x, #0x8000
      0000A6 7B 04            [ 1]  205 	ld	a, (0x04, sp)
      0000A8 A2 00            [ 1]  206 	sbc	a, #0x00
      0000AA 7B 03            [ 1]  207 	ld	a, (0x03, sp)
      0000AC A2 00            [ 1]  208 	sbc	a, #0x00
      0000AE 25 04            [ 1]  209 	jrc	00110$
      0000B0 1E 03            [ 2]  210 	ldw	x, (0x03, sp)
      0000B2 27 2B            [ 1]  211 	jreq	00104$
      0000B4                        212 00110$:
      0000B4 1E 05            [ 2]  213 	ldw	x, (0x05, sp)
      0000B6 A3 40 00         [ 2]  214 	cpw	x, #0x4000
      0000B9 7B 04            [ 1]  215 	ld	a, (0x04, sp)
      0000BB A2 00            [ 1]  216 	sbc	a, #0x00
      0000BD 7B 03            [ 1]  217 	ld	a, (0x03, sp)
      0000BF A2 00            [ 1]  218 	sbc	a, #0x00
      0000C1 25 0D            [ 1]  219 	jrc	00103$
      0000C3 AE 43 FF         [ 2]  220 	ldw	x, #0x43ff
      0000C6 13 05            [ 2]  221 	cpw	x, (0x05, sp)
      0000C8 4F               [ 1]  222 	clr	a
      0000C9 12 04            [ 1]  223 	sbc	a, (0x04, sp)
      0000CB 4F               [ 1]  224 	clr	a
      0000CC 12 03            [ 1]  225 	sbc	a, (0x03, sp)
      0000CE 24 0F            [ 1]  226 	jrnc	00104$
      0000D0                        227 00103$:
      0000D0 4B F8            [ 1]  228 	push	#0xf8
      0000D2 5F               [ 1]  229 	clrw	x
      0000D3 89               [ 2]  230 	pushw	x
      0000D4 4B 00            [ 1]  231 	push	#0x00
      0000D6 4Br00            [ 1]  232 	push	#<(___str_0+0)
      0000D8 4Bs00            [ 1]  233 	push	#((___str_0+0) >> 8)
      0000DA CDr00r00         [ 4]  234 	call	_assert_failed
      0000DD 5B 06            [ 2]  235 	addw	sp, #6
      0000DF                        236 00104$:
                                    237 ;	../..//StdPeriph_Driver/STM8S_StdPeriph_Driver//src/stm8s_flash.c: 253: *(PointerAttr uint8_t*) (MemoryAddressCast)Address = FLASH_CLEAR_BYTE;
      0000DF 1E 05            [ 2]  238 	ldw	x, (0x05, sp)
      0000E1 7F               [ 1]  239 	clr	(x)
                                    240 ;	../..//StdPeriph_Driver/STM8S_StdPeriph_Driver//src/stm8s_flash.c: 257: }
      0000E2 81               [ 4]  241 	ret
                                    242 ;	../..//StdPeriph_Driver/STM8S_StdPeriph_Driver//src/stm8s_flash.c: 267: void FLASH_ProgramByte(uint32_t Address, uint8_t Data)
                                    243 ;	-----------------------------------------
                                    244 ;	 function FLASH_ProgramByte
                                    245 ;	-----------------------------------------
      0000E3                        246 _FLASH_ProgramByte:
                                    247 ;	../..//StdPeriph_Driver/STM8S_StdPeriph_Driver//src/stm8s_flash.c: 270: assert_param(IS_FLASH_ADDRESS_OK(Address));
      0000E3 1E 05            [ 2]  248 	ldw	x, (0x05, sp)
      0000E5 A3 80 00         [ 2]  249 	cpw	x, #0x8000
      0000E8 7B 04            [ 1]  250 	ld	a, (0x04, sp)
      0000EA A2 00            [ 1]  251 	sbc	a, #0x00
      0000EC 7B 03            [ 1]  252 	ld	a, (0x03, sp)
      0000EE A2 00            [ 1]  253 	sbc	a, #0x00
      0000F0 25 04            [ 1]  254 	jrc	00110$
      0000F2 1E 03            [ 2]  255 	ldw	x, (0x03, sp)
      0000F4 27 2B            [ 1]  256 	jreq	00104$
      0000F6                        257 00110$:
      0000F6 1E 05            [ 2]  258 	ldw	x, (0x05, sp)
      0000F8 A3 40 00         [ 2]  259 	cpw	x, #0x4000
      0000FB 7B 04            [ 1]  260 	ld	a, (0x04, sp)
      0000FD A2 00            [ 1]  261 	sbc	a, #0x00
      0000FF 7B 03            [ 1]  262 	ld	a, (0x03, sp)
      000101 A2 00            [ 1]  263 	sbc	a, #0x00
      000103 25 0D            [ 1]  264 	jrc	00103$
      000105 AE 43 FF         [ 2]  265 	ldw	x, #0x43ff
      000108 13 05            [ 2]  266 	cpw	x, (0x05, sp)
      00010A 4F               [ 1]  267 	clr	a
      00010B 12 04            [ 1]  268 	sbc	a, (0x04, sp)
      00010D 4F               [ 1]  269 	clr	a
      00010E 12 03            [ 1]  270 	sbc	a, (0x03, sp)
      000110 24 0F            [ 1]  271 	jrnc	00104$
      000112                        272 00103$:
      000112 4B 0E            [ 1]  273 	push	#0x0e
      000114 4B 01            [ 1]  274 	push	#0x01
      000116 5F               [ 1]  275 	clrw	x
      000117 89               [ 2]  276 	pushw	x
      000118 4Br00            [ 1]  277 	push	#<(___str_0+0)
      00011A 4Bs00            [ 1]  278 	push	#((___str_0+0) >> 8)
      00011C CDr00r00         [ 4]  279 	call	_assert_failed
      00011F 5B 06            [ 2]  280 	addw	sp, #6
      000121                        281 00104$:
                                    282 ;	../..//StdPeriph_Driver/STM8S_StdPeriph_Driver//src/stm8s_flash.c: 275: *(PointerAttr uint8_t*) (MemoryAddressCast)Address = Data;
      000121 1E 05            [ 2]  283 	ldw	x, (0x05, sp)
      000123 7B 07            [ 1]  284 	ld	a, (0x07, sp)
      000125 F7               [ 1]  285 	ld	(x), a
                                    286 ;	../..//StdPeriph_Driver/STM8S_StdPeriph_Driver//src/stm8s_flash.c: 279: }
      000126 81               [ 4]  287 	ret
                                    288 ;	../..//StdPeriph_Driver/STM8S_StdPeriph_Driver//src/stm8s_flash.c: 288: uint8_t FLASH_ReadByte(uint32_t Address)
                                    289 ;	-----------------------------------------
                                    290 ;	 function FLASH_ReadByte
                                    291 ;	-----------------------------------------
      000127                        292 _FLASH_ReadByte:
                                    293 ;	../..//StdPeriph_Driver/STM8S_StdPeriph_Driver//src/stm8s_flash.c: 291: assert_param(IS_FLASH_ADDRESS_OK(Address));
      000127 1E 05            [ 2]  294 	ldw	x, (0x05, sp)
      000129 A3 80 00         [ 2]  295 	cpw	x, #0x8000
      00012C 7B 04            [ 1]  296 	ld	a, (0x04, sp)
      00012E A2 00            [ 1]  297 	sbc	a, #0x00
      000130 7B 03            [ 1]  298 	ld	a, (0x03, sp)
      000132 A2 00            [ 1]  299 	sbc	a, #0x00
      000134 25 04            [ 1]  300 	jrc	00110$
      000136 1E 03            [ 2]  301 	ldw	x, (0x03, sp)
      000138 27 2B            [ 1]  302 	jreq	00104$
      00013A                        303 00110$:
      00013A 1E 05            [ 2]  304 	ldw	x, (0x05, sp)
      00013C A3 40 00         [ 2]  305 	cpw	x, #0x4000
      00013F 7B 04            [ 1]  306 	ld	a, (0x04, sp)
      000141 A2 00            [ 1]  307 	sbc	a, #0x00
      000143 7B 03            [ 1]  308 	ld	a, (0x03, sp)
      000145 A2 00            [ 1]  309 	sbc	a, #0x00
      000147 25 0D            [ 1]  310 	jrc	00103$
      000149 AE 43 FF         [ 2]  311 	ldw	x, #0x43ff
      00014C 13 05            [ 2]  312 	cpw	x, (0x05, sp)
      00014E 4F               [ 1]  313 	clr	a
      00014F 12 04            [ 1]  314 	sbc	a, (0x04, sp)
      000151 4F               [ 1]  315 	clr	a
      000152 12 03            [ 1]  316 	sbc	a, (0x03, sp)
      000154 24 0F            [ 1]  317 	jrnc	00104$
      000156                        318 00103$:
      000156 4B 23            [ 1]  319 	push	#0x23
      000158 4B 01            [ 1]  320 	push	#0x01
      00015A 5F               [ 1]  321 	clrw	x
      00015B 89               [ 2]  322 	pushw	x
      00015C 4Br00            [ 1]  323 	push	#<(___str_0+0)
      00015E 4Bs00            [ 1]  324 	push	#((___str_0+0) >> 8)
      000160 CDr00r00         [ 4]  325 	call	_assert_failed
      000163 5B 06            [ 2]  326 	addw	sp, #6
      000165                        327 00104$:
                                    328 ;	../..//StdPeriph_Driver/STM8S_StdPeriph_Driver//src/stm8s_flash.c: 296: return(*(PointerAttr uint8_t *) (MemoryAddressCast)Address); 
      000165 1E 05            [ 2]  329 	ldw	x, (0x05, sp)
      000167 F6               [ 1]  330 	ld	a, (x)
                                    331 ;	../..//StdPeriph_Driver/STM8S_StdPeriph_Driver//src/stm8s_flash.c: 300: }
      000168 81               [ 4]  332 	ret
                                    333 ;	../..//StdPeriph_Driver/STM8S_StdPeriph_Driver//src/stm8s_flash.c: 310: void FLASH_ProgramWord(uint32_t Address, uint32_t Data)
                                    334 ;	-----------------------------------------
                                    335 ;	 function FLASH_ProgramWord
                                    336 ;	-----------------------------------------
      000169                        337 _FLASH_ProgramWord:
      000169 89               [ 2]  338 	pushw	x
                                    339 ;	../..//StdPeriph_Driver/STM8S_StdPeriph_Driver//src/stm8s_flash.c: 313: assert_param(IS_FLASH_ADDRESS_OK(Address));
      00016A 1E 07            [ 2]  340 	ldw	x, (0x07, sp)
      00016C A3 80 00         [ 2]  341 	cpw	x, #0x8000
      00016F 7B 06            [ 1]  342 	ld	a, (0x06, sp)
      000171 A2 00            [ 1]  343 	sbc	a, #0x00
      000173 7B 05            [ 1]  344 	ld	a, (0x05, sp)
      000175 A2 00            [ 1]  345 	sbc	a, #0x00
      000177 25 04            [ 1]  346 	jrc	00110$
      000179 1E 05            [ 2]  347 	ldw	x, (0x05, sp)
      00017B 27 2B            [ 1]  348 	jreq	00104$
      00017D                        349 00110$:
      00017D 1E 07            [ 2]  350 	ldw	x, (0x07, sp)
      00017F A3 40 00         [ 2]  351 	cpw	x, #0x4000
      000182 7B 06            [ 1]  352 	ld	a, (0x06, sp)
      000184 A2 00            [ 1]  353 	sbc	a, #0x00
      000186 7B 05            [ 1]  354 	ld	a, (0x05, sp)
      000188 A2 00            [ 1]  355 	sbc	a, #0x00
      00018A 25 0D            [ 1]  356 	jrc	00103$
      00018C AE 43 FF         [ 2]  357 	ldw	x, #0x43ff
      00018F 13 07            [ 2]  358 	cpw	x, (0x07, sp)
      000191 4F               [ 1]  359 	clr	a
      000192 12 06            [ 1]  360 	sbc	a, (0x06, sp)
      000194 4F               [ 1]  361 	clr	a
      000195 12 05            [ 1]  362 	sbc	a, (0x05, sp)
      000197 24 0F            [ 1]  363 	jrnc	00104$
      000199                        364 00103$:
      000199 4B 39            [ 1]  365 	push	#0x39
      00019B 4B 01            [ 1]  366 	push	#0x01
      00019D 5F               [ 1]  367 	clrw	x
      00019E 89               [ 2]  368 	pushw	x
      00019F 4Br00            [ 1]  369 	push	#<(___str_0+0)
      0001A1 4Bs00            [ 1]  370 	push	#((___str_0+0) >> 8)
      0001A3 CDr00r00         [ 4]  371 	call	_assert_failed
      0001A6 5B 06            [ 2]  372 	addw	sp, #6
      0001A8                        373 00104$:
                                    374 ;	../..//StdPeriph_Driver/STM8S_StdPeriph_Driver//src/stm8s_flash.c: 316: FLASH->CR2 |= FLASH_CR2_WPRG;
      0001A8 72 1C 50 5B      [ 1]  375 	bset	20571, #6
                                    376 ;	../..//StdPeriph_Driver/STM8S_StdPeriph_Driver//src/stm8s_flash.c: 317: FLASH->NCR2 &= (uint8_t)(~FLASH_NCR2_NWPRG);
      0001AC C6 50 5C         [ 1]  377 	ld	a, 0x505c
      0001AF A4 BF            [ 1]  378 	and	a, #0xbf
      0001B1 C7 50 5C         [ 1]  379 	ld	0x505c, a
                                    380 ;	../..//StdPeriph_Driver/STM8S_StdPeriph_Driver//src/stm8s_flash.c: 322: *((PointerAttr uint8_t*)(MemoryAddressCast)Address)       = *((uint8_t*)(&Data));
      0001B4 16 07            [ 2]  381 	ldw	y, (0x07, sp)
      0001B6 7B 09            [ 1]  382 	ld  a, (9, sp)
      0001B8 90 F7            [ 1]  383 	ld	(y), a
                                    384 ;	../..//StdPeriph_Driver/STM8S_StdPeriph_Driver//src/stm8s_flash.c: 324: *(((PointerAttr uint8_t*)(MemoryAddressCast)Address) + 1) = *((uint8_t*)(&Data)+1); 
      0001BA 93               [ 1]  385 	ldw	x, y
      0001BB 5C               [ 1]  386 	incw	x
      0001BC 1F 01            [ 2]  387 	ldw	(0x01, sp), x
      0001BE 96               [ 1]  388 	ldw	x, sp
      0001BF 1C 00 09         [ 2]  389 	addw	x, #9
      0001C2 E6 01            [ 1]  390 	ld	a, (0x1, x)
      0001C4 1E 01            [ 2]  391 	ldw	x, (0x01, sp)
      0001C6 F7               [ 1]  392 	ld	(x), a
                                    393 ;	../..//StdPeriph_Driver/STM8S_StdPeriph_Driver//src/stm8s_flash.c: 326: *(((PointerAttr uint8_t*)(MemoryAddressCast)Address) + 2) = *((uint8_t*)(&Data)+2); 
      0001C7 93               [ 1]  394 	ldw	x, y
      0001C8 5C               [ 1]  395 	incw	x
      0001C9 5C               [ 1]  396 	incw	x
      0001CA 1F 01            [ 2]  397 	ldw	(0x01, sp), x
      0001CC 96               [ 1]  398 	ldw	x, sp
      0001CD 1C 00 09         [ 2]  399 	addw	x, #9
      0001D0 E6 02            [ 1]  400 	ld	a, (0x2, x)
      0001D2 1E 01            [ 2]  401 	ldw	x, (0x01, sp)
      0001D4 F7               [ 1]  402 	ld	(x), a
                                    403 ;	../..//StdPeriph_Driver/STM8S_StdPeriph_Driver//src/stm8s_flash.c: 328: *(((PointerAttr uint8_t*)(MemoryAddressCast)Address) + 3) = *((uint8_t*)(&Data)+3); 
      0001D5 72 A9 00 03      [ 2]  404 	addw	y, #0x0003
      0001D9 96               [ 1]  405 	ldw	x, sp
      0001DA 1C 00 09         [ 2]  406 	addw	x, #9
      0001DD E6 03            [ 1]  407 	ld	a, (0x3, x)
      0001DF 90 F7            [ 1]  408 	ld	(y), a
                                    409 ;	../..//StdPeriph_Driver/STM8S_StdPeriph_Driver//src/stm8s_flash.c: 335: }
      0001E1 85               [ 2]  410 	popw	x
      0001E2 81               [ 4]  411 	ret
                                    412 ;	../..//StdPeriph_Driver/STM8S_StdPeriph_Driver//src/stm8s_flash.c: 343: void FLASH_ProgramOptionByte(uint16_t Address, uint8_t Data)
                                    413 ;	-----------------------------------------
                                    414 ;	 function FLASH_ProgramOptionByte
                                    415 ;	-----------------------------------------
      0001E3                        416 _FLASH_ProgramOptionByte:
      0001E3 89               [ 2]  417 	pushw	x
                                    418 ;	../..//StdPeriph_Driver/STM8S_StdPeriph_Driver//src/stm8s_flash.c: 346: assert_param(IS_OPTION_BYTE_ADDRESS_OK(Address));
      0001E4 1E 05            [ 2]  419 	ldw	x, (0x05, sp)
      0001E6 A3 48 00         [ 2]  420 	cpw	x, #0x4800
      0001E9 25 07            [ 1]  421 	jrc	00106$
      0001EB 1E 05            [ 2]  422 	ldw	x, (0x05, sp)
      0001ED A3 48 7F         [ 2]  423 	cpw	x, #0x487f
      0001F0 23 0F            [ 2]  424 	jrule	00107$
      0001F2                        425 00106$:
      0001F2 4B 5A            [ 1]  426 	push	#0x5a
      0001F4 4B 01            [ 1]  427 	push	#0x01
      0001F6 5F               [ 1]  428 	clrw	x
      0001F7 89               [ 2]  429 	pushw	x
      0001F8 4Br00            [ 1]  430 	push	#<(___str_0+0)
      0001FA 4Bs00            [ 1]  431 	push	#((___str_0+0) >> 8)
      0001FC CDr00r00         [ 4]  432 	call	_assert_failed
      0001FF 5B 06            [ 2]  433 	addw	sp, #6
      000201                        434 00107$:
                                    435 ;	../..//StdPeriph_Driver/STM8S_StdPeriph_Driver//src/stm8s_flash.c: 349: FLASH->CR2 |= FLASH_CR2_OPT;
      000201 72 1E 50 5B      [ 1]  436 	bset	20571, #7
                                    437 ;	../..//StdPeriph_Driver/STM8S_StdPeriph_Driver//src/stm8s_flash.c: 350: FLASH->NCR2 &= (uint8_t)(~FLASH_NCR2_NOPT);
      000205 72 1F 50 5C      [ 1]  438 	bres	20572, #7
                                    439 ;	../..//StdPeriph_Driver/STM8S_StdPeriph_Driver//src/stm8s_flash.c: 353: if(Address == 0x4800)
      000209 1E 05            [ 2]  440 	ldw	x, (0x05, sp)
                                    441 ;	../..//StdPeriph_Driver/STM8S_StdPeriph_Driver//src/stm8s_flash.c: 356: *((NEAR uint8_t*)Address) = Data;
      00020B 16 05            [ 2]  442 	ldw	y, (0x05, sp)
      00020D 17 01            [ 2]  443 	ldw	(0x01, sp), y
                                    444 ;	../..//StdPeriph_Driver/STM8S_StdPeriph_Driver//src/stm8s_flash.c: 353: if(Address == 0x4800)
      00020F A3 48 00         [ 2]  445 	cpw	x, #0x4800
      000212 26 07            [ 1]  446 	jrne	00102$
                                    447 ;	../..//StdPeriph_Driver/STM8S_StdPeriph_Driver//src/stm8s_flash.c: 356: *((NEAR uint8_t*)Address) = Data;
      000214 1E 01            [ 2]  448 	ldw	x, (0x01, sp)
      000216 7B 07            [ 1]  449 	ld	a, (0x07, sp)
      000218 F7               [ 1]  450 	ld	(x), a
      000219 20 0F            [ 2]  451 	jra	00103$
      00021B                        452 00102$:
                                    453 ;	../..//StdPeriph_Driver/STM8S_StdPeriph_Driver//src/stm8s_flash.c: 361: *((NEAR uint8_t*)Address) = Data;
      00021B 16 01            [ 2]  454 	ldw	y, (0x01, sp)
      00021D 7B 07            [ 1]  455 	ld	a, (0x07, sp)
      00021F 90 F7            [ 1]  456 	ld	(y), a
                                    457 ;	../..//StdPeriph_Driver/STM8S_StdPeriph_Driver//src/stm8s_flash.c: 362: *((NEAR uint8_t*)((uint16_t)(Address + 1))) = (uint8_t)(~Data);
      000221 5C               [ 1]  458 	incw	x
      000222 1F 01            [ 2]  459 	ldw	(0x01, sp), x
      000224 7B 07            [ 1]  460 	ld	a, (0x07, sp)
      000226 43               [ 1]  461 	cpl	a
      000227 1E 01            [ 2]  462 	ldw	x, (0x01, sp)
      000229 F7               [ 1]  463 	ld	(x), a
      00022A                        464 00103$:
                                    465 ;	../..//StdPeriph_Driver/STM8S_StdPeriph_Driver//src/stm8s_flash.c: 364: FLASH_WaitForLastOperation(FLASH_MEMTYPE_PROG);
      00022A 4B FD            [ 1]  466 	push	#0xfd
      00022C CDr03r97         [ 4]  467 	call	_FLASH_WaitForLastOperation
      00022F 84               [ 1]  468 	pop	a
                                    469 ;	../..//StdPeriph_Driver/STM8S_StdPeriph_Driver//src/stm8s_flash.c: 367: FLASH->CR2 &= (uint8_t)(~FLASH_CR2_OPT);
      000230 72 1F 50 5B      [ 1]  470 	bres	20571, #7
                                    471 ;	../..//StdPeriph_Driver/STM8S_StdPeriph_Driver//src/stm8s_flash.c: 368: FLASH->NCR2 |= FLASH_NCR2_NOPT;
      000234 72 1E 50 5C      [ 1]  472 	bset	20572, #7
                                    473 ;	../..//StdPeriph_Driver/STM8S_StdPeriph_Driver//src/stm8s_flash.c: 369: }
      000238 85               [ 2]  474 	popw	x
      000239 81               [ 4]  475 	ret
                                    476 ;	../..//StdPeriph_Driver/STM8S_StdPeriph_Driver//src/stm8s_flash.c: 376: void FLASH_EraseOptionByte(uint16_t Address)
                                    477 ;	-----------------------------------------
                                    478 ;	 function FLASH_EraseOptionByte
                                    479 ;	-----------------------------------------
      00023A                        480 _FLASH_EraseOptionByte:
                                    481 ;	../..//StdPeriph_Driver/STM8S_StdPeriph_Driver//src/stm8s_flash.c: 379: assert_param(IS_OPTION_BYTE_ADDRESS_OK(Address));
      00023A 1E 03            [ 2]  482 	ldw	x, (0x03, sp)
      00023C A3 48 00         [ 2]  483 	cpw	x, #0x4800
      00023F 25 07            [ 1]  484 	jrc	00106$
      000241 1E 03            [ 2]  485 	ldw	x, (0x03, sp)
      000243 A3 48 7F         [ 2]  486 	cpw	x, #0x487f
      000246 23 0F            [ 2]  487 	jrule	00107$
      000248                        488 00106$:
      000248 4B 7B            [ 1]  489 	push	#0x7b
      00024A 4B 01            [ 1]  490 	push	#0x01
      00024C 5F               [ 1]  491 	clrw	x
      00024D 89               [ 2]  492 	pushw	x
      00024E 4Br00            [ 1]  493 	push	#<(___str_0+0)
      000250 4Bs00            [ 1]  494 	push	#((___str_0+0) >> 8)
      000252 CDr00r00         [ 4]  495 	call	_assert_failed
      000255 5B 06            [ 2]  496 	addw	sp, #6
      000257                        497 00107$:
                                    498 ;	../..//StdPeriph_Driver/STM8S_StdPeriph_Driver//src/stm8s_flash.c: 382: FLASH->CR2 |= FLASH_CR2_OPT;
      000257 72 1E 50 5B      [ 1]  499 	bset	20571, #7
                                    500 ;	../..//StdPeriph_Driver/STM8S_StdPeriph_Driver//src/stm8s_flash.c: 383: FLASH->NCR2 &= (uint8_t)(~FLASH_NCR2_NOPT);
      00025B 72 1F 50 5C      [ 1]  501 	bres	20572, #7
                                    502 ;	../..//StdPeriph_Driver/STM8S_StdPeriph_Driver//src/stm8s_flash.c: 386: if(Address == 0x4800)
      00025F 16 03            [ 2]  503 	ldw	y, (0x03, sp)
                                    504 ;	../..//StdPeriph_Driver/STM8S_StdPeriph_Driver//src/stm8s_flash.c: 389: *((NEAR uint8_t*)Address) = FLASH_CLEAR_BYTE;
      000261 1E 03            [ 2]  505 	ldw	x, (0x03, sp)
                                    506 ;	../..//StdPeriph_Driver/STM8S_StdPeriph_Driver//src/stm8s_flash.c: 386: if(Address == 0x4800)
      000263 90 A3 48 00      [ 2]  507 	cpw	y, #0x4800
      000267 26 03            [ 1]  508 	jrne	00102$
                                    509 ;	../..//StdPeriph_Driver/STM8S_StdPeriph_Driver//src/stm8s_flash.c: 389: *((NEAR uint8_t*)Address) = FLASH_CLEAR_BYTE;
      000269 7F               [ 1]  510 	clr	(x)
      00026A 20 07            [ 2]  511 	jra	00103$
      00026C                        512 00102$:
                                    513 ;	../..//StdPeriph_Driver/STM8S_StdPeriph_Driver//src/stm8s_flash.c: 394: *((NEAR uint8_t*)Address) = FLASH_CLEAR_BYTE;
      00026C 7F               [ 1]  514 	clr	(x)
                                    515 ;	../..//StdPeriph_Driver/STM8S_StdPeriph_Driver//src/stm8s_flash.c: 395: *((NEAR uint8_t*)((uint16_t)(Address + (uint16_t)1 ))) = FLASH_SET_BYTE;
      00026D 1E 03            [ 2]  516 	ldw	x, (0x03, sp)
      00026F 5C               [ 1]  517 	incw	x
      000270 A6 FF            [ 1]  518 	ld	a, #0xff
      000272 F7               [ 1]  519 	ld	(x), a
      000273                        520 00103$:
                                    521 ;	../..//StdPeriph_Driver/STM8S_StdPeriph_Driver//src/stm8s_flash.c: 397: FLASH_WaitForLastOperation(FLASH_MEMTYPE_PROG);
      000273 4B FD            [ 1]  522 	push	#0xfd
      000275 CDr03r97         [ 4]  523 	call	_FLASH_WaitForLastOperation
      000278 84               [ 1]  524 	pop	a
                                    525 ;	../..//StdPeriph_Driver/STM8S_StdPeriph_Driver//src/stm8s_flash.c: 400: FLASH->CR2 &= (uint8_t)(~FLASH_CR2_OPT);
      000279 72 1F 50 5B      [ 1]  526 	bres	20571, #7
                                    527 ;	../..//StdPeriph_Driver/STM8S_StdPeriph_Driver//src/stm8s_flash.c: 401: FLASH->NCR2 |= FLASH_NCR2_NOPT;
      00027D 72 1E 50 5C      [ 1]  528 	bset	20572, #7
                                    529 ;	../..//StdPeriph_Driver/STM8S_StdPeriph_Driver//src/stm8s_flash.c: 402: }
      000281 81               [ 4]  530 	ret
                                    531 ;	../..//StdPeriph_Driver/STM8S_StdPeriph_Driver//src/stm8s_flash.c: 409: uint16_t FLASH_ReadOptionByte(uint16_t Address)
                                    532 ;	-----------------------------------------
                                    533 ;	 function FLASH_ReadOptionByte
                                    534 ;	-----------------------------------------
      000282                        535 _FLASH_ReadOptionByte:
      000282 52 03            [ 2]  536 	sub	sp, #3
                                    537 ;	../..//StdPeriph_Driver/STM8S_StdPeriph_Driver//src/stm8s_flash.c: 415: assert_param(IS_OPTION_BYTE_ADDRESS_OK(Address));
      000284 1E 06            [ 2]  538 	ldw	x, (0x06, sp)
      000286 A3 48 00         [ 2]  539 	cpw	x, #0x4800
      000289 25 05            [ 1]  540 	jrc	00109$
      00028B A3 48 7F         [ 2]  541 	cpw	x, #0x487f
      00028E 23 0F            [ 2]  542 	jrule	00110$
      000290                        543 00109$:
      000290 4B 9F            [ 1]  544 	push	#0x9f
      000292 4B 01            [ 1]  545 	push	#0x01
      000294 5F               [ 1]  546 	clrw	x
      000295 89               [ 2]  547 	pushw	x
      000296 4Br00            [ 1]  548 	push	#<(___str_0+0)
      000298 4Bs00            [ 1]  549 	push	#((___str_0+0) >> 8)
      00029A CDr00r00         [ 4]  550 	call	_assert_failed
      00029D 5B 06            [ 2]  551 	addw	sp, #6
      00029F                        552 00110$:
                                    553 ;	../..//StdPeriph_Driver/STM8S_StdPeriph_Driver//src/stm8s_flash.c: 417: value_optbyte = *((NEAR uint8_t*)Address); /* Read option byte */
      00029F 1E 06            [ 2]  554 	ldw	x, (0x06, sp)
      0002A1 F6               [ 1]  555 	ld	a, (x)
      0002A2 6B 03            [ 1]  556 	ld	(0x03, sp), a
                                    557 ;	../..//StdPeriph_Driver/STM8S_StdPeriph_Driver//src/stm8s_flash.c: 418: value_optbyte_complement = *(((NEAR uint8_t*)Address) + 1); /* Read option byte complement */
      0002A4 E6 01            [ 1]  558 	ld	a, (0x1, x)
      0002A6 6B 01            [ 1]  559 	ld	(0x01, sp), a
                                    560 ;	../..//StdPeriph_Driver/STM8S_StdPeriph_Driver//src/stm8s_flash.c: 421: if(Address == 0x4800)	 
      0002A8 16 06            [ 2]  561 	ldw	y, (0x06, sp)
                                    562 ;	../..//StdPeriph_Driver/STM8S_StdPeriph_Driver//src/stm8s_flash.c: 423: res_value =	 value_optbyte;
      0002AA 5F               [ 1]  563 	clrw	x
      0002AB 7B 03            [ 1]  564 	ld	a, (0x03, sp)
      0002AD 97               [ 1]  565 	ld	xl, a
                                    566 ;	../..//StdPeriph_Driver/STM8S_StdPeriph_Driver//src/stm8s_flash.c: 421: if(Address == 0x4800)	 
      0002AE 90 A3 48 00      [ 2]  567 	cpw	y, #0x4800
      0002B2 27 18            [ 1]  568 	jreq	00106$
                                    569 ;	../..//StdPeriph_Driver/STM8S_StdPeriph_Driver//src/stm8s_flash.c: 423: res_value =	 value_optbyte;
                                    570 ;	../..//StdPeriph_Driver/STM8S_StdPeriph_Driver//src/stm8s_flash.c: 427: if(value_optbyte == (uint8_t)(~value_optbyte_complement))
      0002B4 7B 01            [ 1]  571 	ld	a, (0x01, sp)
      0002B6 43               [ 1]  572 	cpl	a
      0002B7 11 03            [ 1]  573 	cp	a, (0x03, sp)
      0002B9 26 0E            [ 1]  574 	jrne	00102$
                                    575 ;	../..//StdPeriph_Driver/STM8S_StdPeriph_Driver//src/stm8s_flash.c: 429: res_value = (uint16_t)((uint16_t)value_optbyte << 8);
      0002BB 4F               [ 1]  576 	clr	a
      0002BC 02               [ 1]  577 	rlwa	x
      0002BD 1F 02            [ 2]  578 	ldw	(0x02, sp), x
                                    579 ;	../..//StdPeriph_Driver/STM8S_StdPeriph_Driver//src/stm8s_flash.c: 430: res_value = res_value | (uint16_t)value_optbyte_complement;
      0002BF 7B 01            [ 1]  580 	ld	a, (0x01, sp)
      0002C1 5F               [ 1]  581 	clrw	x
      0002C2 1A 03            [ 1]  582 	or	a, (0x03, sp)
      0002C4 02               [ 1]  583 	rlwa	x
      0002C5 1A 02            [ 1]  584 	or	a, (0x02, sp)
      0002C7 95               [ 1]  585 	ld	xh, a
                                    586 ;	../..//StdPeriph_Driver/STM8S_StdPeriph_Driver//src/stm8s_flash.c: 434: res_value = FLASH_OPTIONBYTE_ERROR;
      0002C8 BC                     587 	.byte 0xbc
      0002C9                        588 00102$:
      0002C9 AE 55 55         [ 2]  589 	ldw	x, #0x5555
      0002CC                        590 00106$:
                                    591 ;	../..//StdPeriph_Driver/STM8S_StdPeriph_Driver//src/stm8s_flash.c: 437: return(res_value);
                                    592 ;	../..//StdPeriph_Driver/STM8S_StdPeriph_Driver//src/stm8s_flash.c: 438: }
      0002CC 5B 03            [ 2]  593 	addw	sp, #3
      0002CE 81               [ 4]  594 	ret
                                    595 ;	../..//StdPeriph_Driver/STM8S_StdPeriph_Driver//src/stm8s_flash.c: 446: void FLASH_SetLowPowerMode(FLASH_LPMode_TypeDef FLASH_LPMode)
                                    596 ;	-----------------------------------------
                                    597 ;	 function FLASH_SetLowPowerMode
                                    598 ;	-----------------------------------------
      0002CF                        599 _FLASH_SetLowPowerMode:
                                    600 ;	../..//StdPeriph_Driver/STM8S_StdPeriph_Driver//src/stm8s_flash.c: 449: assert_param(IS_FLASH_LOW_POWER_MODE_OK(FLASH_LPMode));
      0002CF 7B 03            [ 1]  601 	ld	a, (0x03, sp)
      0002D1 A1 04            [ 1]  602 	cp	a, #0x04
      0002D3 27 1F            [ 1]  603 	jreq	00104$
      0002D5 7B 03            [ 1]  604 	ld	a, (0x03, sp)
      0002D7 A1 08            [ 1]  605 	cp	a, #0x08
      0002D9 27 19            [ 1]  606 	jreq	00104$
      0002DB 0D 03            [ 1]  607 	tnz	(0x03, sp)
      0002DD 27 15            [ 1]  608 	jreq	00104$
      0002DF 7B 03            [ 1]  609 	ld	a, (0x03, sp)
      0002E1 A1 0C            [ 1]  610 	cp	a, #0x0c
      0002E3 27 0F            [ 1]  611 	jreq	00104$
      0002E5 4B C1            [ 1]  612 	push	#0xc1
      0002E7 4B 01            [ 1]  613 	push	#0x01
      0002E9 5F               [ 1]  614 	clrw	x
      0002EA 89               [ 2]  615 	pushw	x
      0002EB 4Br00            [ 1]  616 	push	#<(___str_0+0)
      0002ED 4Bs00            [ 1]  617 	push	#((___str_0+0) >> 8)
      0002EF CDr00r00         [ 4]  618 	call	_assert_failed
      0002F2 5B 06            [ 2]  619 	addw	sp, #6
      0002F4                        620 00104$:
                                    621 ;	../..//StdPeriph_Driver/STM8S_StdPeriph_Driver//src/stm8s_flash.c: 452: FLASH->CR1 &= (uint8_t)(~(FLASH_CR1_HALT | FLASH_CR1_AHALT)); 
      0002F4 C6 50 5A         [ 1]  622 	ld	a, 0x505a
      0002F7 A4 F3            [ 1]  623 	and	a, #0xf3
      0002F9 C7 50 5A         [ 1]  624 	ld	0x505a, a
                                    625 ;	../..//StdPeriph_Driver/STM8S_StdPeriph_Driver//src/stm8s_flash.c: 455: FLASH->CR1 |= (uint8_t)FLASH_LPMode; 
      0002FC C6 50 5A         [ 1]  626 	ld	a, 0x505a
      0002FF 1A 03            [ 1]  627 	or	a, (0x03, sp)
      000301 C7 50 5A         [ 1]  628 	ld	0x505a, a
                                    629 ;	../..//StdPeriph_Driver/STM8S_StdPeriph_Driver//src/stm8s_flash.c: 456: }
      000304 81               [ 4]  630 	ret
                                    631 ;	../..//StdPeriph_Driver/STM8S_StdPeriph_Driver//src/stm8s_flash.c: 464: void FLASH_SetProgrammingTime(FLASH_ProgramTime_TypeDef FLASH_ProgTime)
                                    632 ;	-----------------------------------------
                                    633 ;	 function FLASH_SetProgrammingTime
                                    634 ;	-----------------------------------------
      000305                        635 _FLASH_SetProgrammingTime:
                                    636 ;	../..//StdPeriph_Driver/STM8S_StdPeriph_Driver//src/stm8s_flash.c: 467: assert_param(IS_FLASH_PROGRAM_TIME_OK(FLASH_ProgTime));
      000305 0D 03            [ 1]  637 	tnz	(0x03, sp)
      000307 27 14            [ 1]  638 	jreq	00104$
      000309 7B 03            [ 1]  639 	ld	a, (0x03, sp)
      00030B 4A               [ 1]  640 	dec	a
      00030C 27 0F            [ 1]  641 	jreq	00104$
      00030E 4B D3            [ 1]  642 	push	#0xd3
      000310 4B 01            [ 1]  643 	push	#0x01
      000312 5F               [ 1]  644 	clrw	x
      000313 89               [ 2]  645 	pushw	x
      000314 4Br00            [ 1]  646 	push	#<(___str_0+0)
      000316 4Bs00            [ 1]  647 	push	#((___str_0+0) >> 8)
      000318 CDr00r00         [ 4]  648 	call	_assert_failed
      00031B 5B 06            [ 2]  649 	addw	sp, #6
      00031D                        650 00104$:
                                    651 ;	../..//StdPeriph_Driver/STM8S_StdPeriph_Driver//src/stm8s_flash.c: 469: FLASH->CR1 &= (uint8_t)(~FLASH_CR1_FIX);
      00031D C6 50 5A         [ 1]  652 	ld	a, 0x505a
      000320 A4 FE            [ 1]  653 	and	a, #0xfe
      000322 C7 50 5A         [ 1]  654 	ld	0x505a, a
                                    655 ;	../..//StdPeriph_Driver/STM8S_StdPeriph_Driver//src/stm8s_flash.c: 470: FLASH->CR1 |= (uint8_t)FLASH_ProgTime;
      000325 C6 50 5A         [ 1]  656 	ld	a, 0x505a
      000328 1A 03            [ 1]  657 	or	a, (0x03, sp)
      00032A C7 50 5A         [ 1]  658 	ld	0x505a, a
                                    659 ;	../..//StdPeriph_Driver/STM8S_StdPeriph_Driver//src/stm8s_flash.c: 471: }
      00032D 81               [ 4]  660 	ret
                                    661 ;	../..//StdPeriph_Driver/STM8S_StdPeriph_Driver//src/stm8s_flash.c: 478: FLASH_LPMode_TypeDef FLASH_GetLowPowerMode(void)
                                    662 ;	-----------------------------------------
                                    663 ;	 function FLASH_GetLowPowerMode
                                    664 ;	-----------------------------------------
      00032E                        665 _FLASH_GetLowPowerMode:
                                    666 ;	../..//StdPeriph_Driver/STM8S_StdPeriph_Driver//src/stm8s_flash.c: 480: return((FLASH_LPMode_TypeDef)(FLASH->CR1 & (uint8_t)(FLASH_CR1_HALT | FLASH_CR1_AHALT)));
      00032E C6 50 5A         [ 1]  667 	ld	a, 0x505a
      000331 A4 0C            [ 1]  668 	and	a, #0x0c
                                    669 ;	../..//StdPeriph_Driver/STM8S_StdPeriph_Driver//src/stm8s_flash.c: 481: }
      000333 81               [ 4]  670 	ret
                                    671 ;	../..//StdPeriph_Driver/STM8S_StdPeriph_Driver//src/stm8s_flash.c: 488: FLASH_ProgramTime_TypeDef FLASH_GetProgrammingTime(void)
                                    672 ;	-----------------------------------------
                                    673 ;	 function FLASH_GetProgrammingTime
                                    674 ;	-----------------------------------------
      000334                        675 _FLASH_GetProgrammingTime:
                                    676 ;	../..//StdPeriph_Driver/STM8S_StdPeriph_Driver//src/stm8s_flash.c: 490: return((FLASH_ProgramTime_TypeDef)(FLASH->CR1 & FLASH_CR1_FIX));
      000334 C6 50 5A         [ 1]  677 	ld	a, 0x505a
      000337 A4 01            [ 1]  678 	and	a, #0x01
                                    679 ;	../..//StdPeriph_Driver/STM8S_StdPeriph_Driver//src/stm8s_flash.c: 491: }
      000339 81               [ 4]  680 	ret
                                    681 ;	../..//StdPeriph_Driver/STM8S_StdPeriph_Driver//src/stm8s_flash.c: 498: uint32_t FLASH_GetBootSize(void)
                                    682 ;	-----------------------------------------
                                    683 ;	 function FLASH_GetBootSize
                                    684 ;	-----------------------------------------
      00033A                        685 _FLASH_GetBootSize:
      00033A 52 04            [ 2]  686 	sub	sp, #4
                                    687 ;	../..//StdPeriph_Driver/STM8S_StdPeriph_Driver//src/stm8s_flash.c: 503: temp = (uint32_t)((uint32_t)FLASH->FPR * (uint32_t)512);
      00033C C6 50 5D         [ 1]  688 	ld	a, 0x505d
      00033F 5F               [ 1]  689 	clrw	x
      000340 0F 01            [ 1]  690 	clr	(0x01, sp)
      000342 51               [ 1]  691 	exgw	x, y
      000343 95               [ 1]  692 	ld	xh, a
      000344 4F               [ 1]  693 	clr	a
      000345 97               [ 1]  694 	ld	xl, a
      000346 58               [ 2]  695 	sllw	x
      000347 90 59            [ 2]  696 	rlcw	y
      000349 51               [ 1]  697 	exgw	x, y
                                    698 ;	../..//StdPeriph_Driver/STM8S_StdPeriph_Driver//src/stm8s_flash.c: 506: if(FLASH->FPR == 0xFF)
      00034A C6 50 5D         [ 1]  699 	ld	a, 0x505d
      00034D 4C               [ 1]  700 	inc	a
      00034E 26 0B            [ 1]  701 	jrne	00102$
                                    702 ;	../..//StdPeriph_Driver/STM8S_StdPeriph_Driver//src/stm8s_flash.c: 508: temp += 512;
      000350 72 A9 02 00      [ 2]  703 	addw	y, #0x0200
      000354 9F               [ 1]  704 	ld	a, xl
      000355 A9 00            [ 1]  705 	adc	a, #0x00
      000357 02               [ 1]  706 	rlwa	x
      000358 A9 00            [ 1]  707 	adc	a, #0x00
      00035A 95               [ 1]  708 	ld	xh, a
      00035B                        709 00102$:
                                    710 ;	../..//StdPeriph_Driver/STM8S_StdPeriph_Driver//src/stm8s_flash.c: 512: return(temp);
      00035B 51               [ 1]  711 	exgw	x, y
                                    712 ;	../..//StdPeriph_Driver/STM8S_StdPeriph_Driver//src/stm8s_flash.c: 513: }
      00035C 5B 04            [ 2]  713 	addw	sp, #4
      00035E 81               [ 4]  714 	ret
                                    715 ;	../..//StdPeriph_Driver/STM8S_StdPeriph_Driver//src/stm8s_flash.c: 523: FlagStatus FLASH_GetFlagStatus(FLASH_Flag_TypeDef FLASH_FLAG)
                                    716 ;	-----------------------------------------
                                    717 ;	 function FLASH_GetFlagStatus
                                    718 ;	-----------------------------------------
      00035F                        719 _FLASH_GetFlagStatus:
                                    720 ;	../..//StdPeriph_Driver/STM8S_StdPeriph_Driver//src/stm8s_flash.c: 527: assert_param(IS_FLASH_FLAGS_OK(FLASH_FLAG));
      00035F 7B 03            [ 1]  721 	ld	a, (0x03, sp)
      000361 A1 40            [ 1]  722 	cp	a, #0x40
      000363 27 26            [ 1]  723 	jreq	00107$
      000365 7B 03            [ 1]  724 	ld	a, (0x03, sp)
      000367 A1 08            [ 1]  725 	cp	a, #0x08
      000369 27 20            [ 1]  726 	jreq	00107$
      00036B 7B 03            [ 1]  727 	ld	a, (0x03, sp)
      00036D A1 04            [ 1]  728 	cp	a, #0x04
      00036F 27 1A            [ 1]  729 	jreq	00107$
      000371 7B 03            [ 1]  730 	ld	a, (0x03, sp)
      000373 A1 02            [ 1]  731 	cp	a, #0x02
      000375 27 14            [ 1]  732 	jreq	00107$
      000377 7B 03            [ 1]  733 	ld	a, (0x03, sp)
      000379 4A               [ 1]  734 	dec	a
      00037A 27 0F            [ 1]  735 	jreq	00107$
      00037C 4B 0F            [ 1]  736 	push	#0x0f
      00037E 4B 02            [ 1]  737 	push	#0x02
      000380 5F               [ 1]  738 	clrw	x
      000381 89               [ 2]  739 	pushw	x
      000382 4Br00            [ 1]  740 	push	#<(___str_0+0)
      000384 4Bs00            [ 1]  741 	push	#((___str_0+0) >> 8)
      000386 CDr00r00         [ 4]  742 	call	_assert_failed
      000389 5B 06            [ 2]  743 	addw	sp, #6
      00038B                        744 00107$:
                                    745 ;	../..//StdPeriph_Driver/STM8S_StdPeriph_Driver//src/stm8s_flash.c: 530: if((FLASH->IAPSR & (uint8_t)FLASH_FLAG) != (uint8_t)RESET)
      00038B C6 50 5F         [ 1]  746 	ld	a, 0x505f
      00038E 14 03            [ 1]  747 	and	a, (0x03, sp)
      000390 27 03            [ 1]  748 	jreq	00102$
                                    749 ;	../..//StdPeriph_Driver/STM8S_StdPeriph_Driver//src/stm8s_flash.c: 532: status = SET; /* FLASH_FLAG is set */
      000392 A6 01            [ 1]  750 	ld	a, #0x01
      000394 81               [ 4]  751 	ret
      000395                        752 00102$:
                                    753 ;	../..//StdPeriph_Driver/STM8S_StdPeriph_Driver//src/stm8s_flash.c: 536: status = RESET; /* FLASH_FLAG is reset*/
      000395 4F               [ 1]  754 	clr	a
                                    755 ;	../..//StdPeriph_Driver/STM8S_StdPeriph_Driver//src/stm8s_flash.c: 540: return status;
                                    756 ;	../..//StdPeriph_Driver/STM8S_StdPeriph_Driver//src/stm8s_flash.c: 541: }
      000396 81               [ 4]  757 	ret
                                    758 ;	../..//StdPeriph_Driver/STM8S_StdPeriph_Driver//src/stm8s_flash.c: 660: IN_RAM(FLASH_Status_TypeDef FLASH_WaitForLastOperation(FLASH_MemType_TypeDef FLASH_MemType)) 
                                    759 ;	-----------------------------------------
                                    760 ;	 function FLASH_WaitForLastOperation
                                    761 ;	-----------------------------------------
      000397                        762 _FLASH_WaitForLastOperation:
                                    763 ;	../..//StdPeriph_Driver/STM8S_StdPeriph_Driver//src/stm8s_flash.c: 662: uint8_t flagstatus = 0x00;
      000397 4F               [ 1]  764 	clr	a
                                    765 ;	../..//StdPeriph_Driver/STM8S_StdPeriph_Driver//src/stm8s_flash.c: 668: if(FLASH_MemType == FLASH_MEMTYPE_PROG)
      000398 88               [ 1]  766 	push	a
      000399 7B 04            [ 1]  767 	ld	a, (0x04, sp)
      00039B A1 FD            [ 1]  768 	cp	a, #0xfd
      00039D 84               [ 1]  769 	pop	a
      00039E 26 10            [ 1]  770 	jrne	00121$
                                    771 ;	../..//StdPeriph_Driver/STM8S_StdPeriph_Driver//src/stm8s_flash.c: 670: while((flagstatus == 0x00) && (timeout != 0x00))
      0003A0 5F               [ 1]  772 	clrw	x
      0003A1 5A               [ 2]  773 	decw	x
      0003A2                        774 00102$:
      0003A2 4D               [ 1]  775 	tnz	a
      0003A3 26 1B            [ 1]  776 	jrne	00111$
      0003A5 5D               [ 2]  777 	tnzw	x
      0003A6 27 18            [ 1]  778 	jreq	00111$
                                    779 ;	../..//StdPeriph_Driver/STM8S_StdPeriph_Driver//src/stm8s_flash.c: 672: flagstatus = (uint8_t)(FLASH->IAPSR & (uint8_t)(FLASH_IAPSR_EOP |
      0003A8 C6 50 5F         [ 1]  780 	ld	a, 0x505f
      0003AB A4 05            [ 1]  781 	and	a, #0x05
                                    782 ;	../..//StdPeriph_Driver/STM8S_StdPeriph_Driver//src/stm8s_flash.c: 674: timeout--;
      0003AD 5A               [ 2]  783 	decw	x
      0003AE 20 F2            [ 2]  784 	jra	00102$
                                    785 ;	../..//StdPeriph_Driver/STM8S_StdPeriph_Driver//src/stm8s_flash.c: 679: while((flagstatus == 0x00) && (timeout != 0x00))
      0003B0                        786 00121$:
      0003B0 5F               [ 1]  787 	clrw	x
      0003B1 5A               [ 2]  788 	decw	x
      0003B2                        789 00106$:
      0003B2 4D               [ 1]  790 	tnz	a
      0003B3 26 0B            [ 1]  791 	jrne	00124$
      0003B5 5D               [ 2]  792 	tnzw	x
      0003B6 27 08            [ 1]  793 	jreq	00124$
                                    794 ;	../..//StdPeriph_Driver/STM8S_StdPeriph_Driver//src/stm8s_flash.c: 681: flagstatus = (uint8_t)(FLASH->IAPSR & (uint8_t)(FLASH_IAPSR_HVOFF |
      0003B8 C6 50 5F         [ 1]  795 	ld	a, 0x505f
      0003BB A4 41            [ 1]  796 	and	a, #0x41
                                    797 ;	../..//StdPeriph_Driver/STM8S_StdPeriph_Driver//src/stm8s_flash.c: 683: timeout--;
      0003BD 5A               [ 2]  798 	decw	x
      0003BE 20 F2            [ 2]  799 	jra	00106$
                                    800 ;	../..//StdPeriph_Driver/STM8S_StdPeriph_Driver//src/stm8s_flash.c: 700: return((FLASH_Status_TypeDef)flagstatus);
                                    801 ;	../..//StdPeriph_Driver/STM8S_StdPeriph_Driver//src/stm8s_flash.c: 683: timeout--;
      0003C0                        802 00124$:
      0003C0                        803 00111$:
                                    804 ;	../..//StdPeriph_Driver/STM8S_StdPeriph_Driver//src/stm8s_flash.c: 695: if(timeout == 0x00 )
      0003C0 5D               [ 2]  805 	tnzw	x
      0003C1 27 01            [ 1]  806 	jreq	00164$
      0003C3 81               [ 4]  807 	ret
      0003C4                        808 00164$:
                                    809 ;	../..//StdPeriph_Driver/STM8S_StdPeriph_Driver//src/stm8s_flash.c: 697: flagstatus = FLASH_STATUS_TIMEOUT;
      0003C4 A6 02            [ 1]  810 	ld	a, #0x02
                                    811 ;	../..//StdPeriph_Driver/STM8S_StdPeriph_Driver//src/stm8s_flash.c: 700: return((FLASH_Status_TypeDef)flagstatus);
                                    812 ;	../..//StdPeriph_Driver/STM8S_StdPeriph_Driver//src/stm8s_flash.c: 701: }
      0003C6 81               [ 4]  813 	ret
                                    814 ;	../..//StdPeriph_Driver/STM8S_StdPeriph_Driver//src/stm8s_flash.c: 710: IN_RAM(void FLASH_EraseBlock(uint16_t BlockNum, FLASH_MemType_TypeDef FLASH_MemType))
                                    815 ;	-----------------------------------------
                                    816 ;	 function FLASH_EraseBlock
                                    817 ;	-----------------------------------------
      0003C7                        818 _FLASH_EraseBlock:
      0003C7 52 06            [ 2]  819 	sub	sp, #6
                                    820 ;	../..//StdPeriph_Driver/STM8S_StdPeriph_Driver//src/stm8s_flash.c: 722: assert_param(IS_MEMORY_TYPE_OK(FLASH_MemType));
      0003C9 7B 0B            [ 1]  821 	ld	a, (0x0b, sp)
      0003CB A0 FD            [ 1]  822 	sub	a, #0xfd
      0003CD 26 02            [ 1]  823 	jrne	00141$
      0003CF 4C               [ 1]  824 	inc	a
      0003D0 21                     825 	.byte 0x21
      0003D1                        826 00141$:
      0003D1 4F               [ 1]  827 	clr	a
      0003D2                        828 00142$:
      0003D2 4D               [ 1]  829 	tnz	a
      0003D3 26 19            [ 1]  830 	jrne	00107$
      0003D5 88               [ 1]  831 	push	a
      0003D6 7B 0C            [ 1]  832 	ld	a, (0x0c, sp)
      0003D8 A1 F7            [ 1]  833 	cp	a, #0xf7
      0003DA 84               [ 1]  834 	pop	a
      0003DB 27 11            [ 1]  835 	jreq	00107$
      0003DD 88               [ 1]  836 	push	a
      0003DE 4B D2            [ 1]  837 	push	#0xd2
      0003E0 4B 02            [ 1]  838 	push	#0x02
      0003E2 5F               [ 1]  839 	clrw	x
      0003E3 89               [ 2]  840 	pushw	x
      0003E4 4Br00            [ 1]  841 	push	#<(___str_0+0)
      0003E6 4Bs00            [ 1]  842 	push	#((___str_0+0) >> 8)
      0003E8 CDr00r00         [ 4]  843 	call	_assert_failed
      0003EB 5B 06            [ 2]  844 	addw	sp, #6
      0003ED 84               [ 1]  845 	pop	a
      0003EE                        846 00107$:
                                    847 ;	../..//StdPeriph_Driver/STM8S_StdPeriph_Driver//src/stm8s_flash.c: 723: if(FLASH_MemType == FLASH_MEMTYPE_PROG)
      0003EE 4D               [ 1]  848 	tnz	a
      0003EF 27 1F            [ 1]  849 	jreq	00102$
                                    850 ;	../..//StdPeriph_Driver/STM8S_StdPeriph_Driver//src/stm8s_flash.c: 725: assert_param(IS_FLASH_PROG_BLOCK_NUMBER_OK(BlockNum));
      0003F1 1E 09            [ 2]  851 	ldw	x, (0x09, sp)
      0003F3 A3 01 00         [ 2]  852 	cpw	x, #0x0100
      0003F6 25 0F            [ 1]  853 	jrc	00112$
      0003F8 4B D5            [ 1]  854 	push	#0xd5
      0003FA 4B 02            [ 1]  855 	push	#0x02
      0003FC 5F               [ 1]  856 	clrw	x
      0003FD 89               [ 2]  857 	pushw	x
      0003FE 4Br00            [ 1]  858 	push	#<(___str_0+0)
      000400 4Bs00            [ 1]  859 	push	#((___str_0+0) >> 8)
      000402 CDr00r00         [ 4]  860 	call	_assert_failed
      000405 5B 06            [ 2]  861 	addw	sp, #6
      000407                        862 00112$:
                                    863 ;	../..//StdPeriph_Driver/STM8S_StdPeriph_Driver//src/stm8s_flash.c: 726: startaddress = FLASH_PROG_START_PHYSICAL_ADDRESS;
      000407 0F 04            [ 1]  864 	clr	(0x04, sp)
      000409 A6 80            [ 1]  865 	ld	a, #0x80
      00040B 5F               [ 1]  866 	clrw	x
      00040C 1F 01            [ 2]  867 	ldw	(0x01, sp), x
      00040E 20 1D            [ 2]  868 	jra	00103$
      000410                        869 00102$:
                                    870 ;	../..//StdPeriph_Driver/STM8S_StdPeriph_Driver//src/stm8s_flash.c: 730: assert_param(IS_FLASH_DATA_BLOCK_NUMBER_OK(BlockNum));
      000410 1E 09            [ 2]  871 	ldw	x, (0x09, sp)
      000412 A3 00 08         [ 2]  872 	cpw	x, #0x0008
      000415 25 0F            [ 1]  873 	jrc	00114$
      000417 4B DA            [ 1]  874 	push	#0xda
      000419 4B 02            [ 1]  875 	push	#0x02
      00041B 5F               [ 1]  876 	clrw	x
      00041C 89               [ 2]  877 	pushw	x
      00041D 4Br00            [ 1]  878 	push	#<(___str_0+0)
      00041F 4Bs00            [ 1]  879 	push	#((___str_0+0) >> 8)
      000421 CDr00r00         [ 4]  880 	call	_assert_failed
      000424 5B 06            [ 2]  881 	addw	sp, #6
      000426                        882 00114$:
                                    883 ;	../..//StdPeriph_Driver/STM8S_StdPeriph_Driver//src/stm8s_flash.c: 731: startaddress = FLASH_DATA_START_PHYSICAL_ADDRESS;
      000426 0F 04            [ 1]  884 	clr	(0x04, sp)
      000428 A6 40            [ 1]  885 	ld	a, #0x40
      00042A 5F               [ 1]  886 	clrw	x
      00042B 1F 01            [ 2]  887 	ldw	(0x01, sp), x
      00042D                        888 00103$:
                                    889 ;	../..//StdPeriph_Driver/STM8S_StdPeriph_Driver//src/stm8s_flash.c: 739: pwFlash = (PointerAttr uint32_t *)(MemoryAddressCast)(startaddress + ((uint32_t)BlockNum * FLASH_BLOCK_SIZE));
      00042D 1E 09            [ 2]  890 	ldw	x, (0x09, sp)
      00042F 58               [ 2]  891 	sllw	x
      000430 58               [ 2]  892 	sllw	x
      000431 58               [ 2]  893 	sllw	x
      000432 58               [ 2]  894 	sllw	x
      000433 58               [ 2]  895 	sllw	x
      000434 58               [ 2]  896 	sllw	x
      000435 58               [ 2]  897 	sllw	x
      000436 1F 05            [ 2]  898 	ldw	(0x05, sp), x
      000438 95               [ 1]  899 	ld	xh, a
      000439 7B 04            [ 1]  900 	ld	a, (0x04, sp)
      00043B 97               [ 1]  901 	ld	xl, a
      00043C 72 FB 05         [ 2]  902 	addw	x, (0x05, sp)
                                    903 ;	../..//StdPeriph_Driver/STM8S_StdPeriph_Driver//src/stm8s_flash.c: 743: FLASH->CR2 |= FLASH_CR2_ERASE;
      00043F 72 1A 50 5B      [ 1]  904 	bset	20571, #5
                                    905 ;	../..//StdPeriph_Driver/STM8S_StdPeriph_Driver//src/stm8s_flash.c: 744: FLASH->NCR2 &= (uint8_t)(~FLASH_NCR2_NERASE);
      000443 72 1B 50 5C      [ 1]  906 	bres	20572, #5
                                    907 ;	../..//StdPeriph_Driver/STM8S_StdPeriph_Driver//src/stm8s_flash.c: 748: *pwFlash = (uint32_t)0;
      000447 90 5F            [ 1]  908 	clrw	y
      000449 EF 02            [ 2]  909 	ldw	(0x2, x), y
      00044B FF               [ 2]  910 	ldw	(x), y
                                    911 ;	../..//StdPeriph_Driver/STM8S_StdPeriph_Driver//src/stm8s_flash.c: 756: }
      00044C 5B 06            [ 2]  912 	addw	sp, #6
      00044E 81               [ 4]  913 	ret
                                    914 ;	../..//StdPeriph_Driver/STM8S_StdPeriph_Driver//src/stm8s_flash.c: 767: IN_RAM(void FLASH_ProgramBlock(uint16_t BlockNum, FLASH_MemType_TypeDef FLASH_MemType, 
                                    915 ;	-----------------------------------------
                                    916 ;	 function FLASH_ProgramBlock
                                    917 ;	-----------------------------------------
      00044F                        918 _FLASH_ProgramBlock:
      00044F 52 08            [ 2]  919 	sub	sp, #8
                                    920 ;	../..//StdPeriph_Driver/STM8S_StdPeriph_Driver//src/stm8s_flash.c: 774: assert_param(IS_MEMORY_TYPE_OK(FLASH_MemType));
      000451 7B 0D            [ 1]  921 	ld	a, (0x0d, sp)
      000453 A0 FD            [ 1]  922 	sub	a, #0xfd
      000455 26 04            [ 1]  923 	jrne	00173$
      000457 4C               [ 1]  924 	inc	a
      000458 6B 08            [ 1]  925 	ld	(0x08, sp), a
      00045A C5                     926 	.byte 0xc5
      00045B                        927 00173$:
      00045B 0F 08            [ 1]  928 	clr	(0x08, sp)
      00045D                        929 00174$:
      00045D 0D 08            [ 1]  930 	tnz	(0x08, sp)
      00045F 26 15            [ 1]  931 	jrne	00113$
      000461 7B 0D            [ 1]  932 	ld	a, (0x0d, sp)
      000463 A1 F7            [ 1]  933 	cp	a, #0xf7
      000465 27 0F            [ 1]  934 	jreq	00113$
      000467 4B 06            [ 1]  935 	push	#0x06
      000469 4B 03            [ 1]  936 	push	#0x03
      00046B 5F               [ 1]  937 	clrw	x
      00046C 89               [ 2]  938 	pushw	x
      00046D 4Br00            [ 1]  939 	push	#<(___str_0+0)
      00046F 4Bs00            [ 1]  940 	push	#((___str_0+0) >> 8)
      000471 CDr00r00         [ 4]  941 	call	_assert_failed
      000474 5B 06            [ 2]  942 	addw	sp, #6
      000476                        943 00113$:
                                    944 ;	../..//StdPeriph_Driver/STM8S_StdPeriph_Driver//src/stm8s_flash.c: 775: assert_param(IS_FLASH_PROGRAM_MODE_OK(FLASH_ProgMode));
      000476 0D 0E            [ 1]  945 	tnz	(0x0e, sp)
      000478 27 15            [ 1]  946 	jreq	00118$
      00047A 7B 0E            [ 1]  947 	ld	a, (0x0e, sp)
      00047C A1 10            [ 1]  948 	cp	a, #0x10
      00047E 27 0F            [ 1]  949 	jreq	00118$
      000480 4B 07            [ 1]  950 	push	#0x07
      000482 4B 03            [ 1]  951 	push	#0x03
      000484 5F               [ 1]  952 	clrw	x
      000485 89               [ 2]  953 	pushw	x
      000486 4Br00            [ 1]  954 	push	#<(___str_0+0)
      000488 4Bs00            [ 1]  955 	push	#((___str_0+0) >> 8)
      00048A CDr00r00         [ 4]  956 	call	_assert_failed
      00048D 5B 06            [ 2]  957 	addw	sp, #6
      00048F                        958 00118$:
                                    959 ;	../..//StdPeriph_Driver/STM8S_StdPeriph_Driver//src/stm8s_flash.c: 776: if(FLASH_MemType == FLASH_MEMTYPE_PROG)
      00048F 7B 08            [ 1]  960 	ld	a, (0x08, sp)
      000491 27 1E            [ 1]  961 	jreq	00102$
                                    962 ;	../..//StdPeriph_Driver/STM8S_StdPeriph_Driver//src/stm8s_flash.c: 778: assert_param(IS_FLASH_PROG_BLOCK_NUMBER_OK(BlockNum));
      000493 1E 0B            [ 2]  963 	ldw	x, (0x0b, sp)
      000495 A3 01 00         [ 2]  964 	cpw	x, #0x0100
      000498 25 0F            [ 1]  965 	jrc	00123$
      00049A 4B 0A            [ 1]  966 	push	#0x0a
      00049C 4B 03            [ 1]  967 	push	#0x03
      00049E 5F               [ 1]  968 	clrw	x
      00049F 89               [ 2]  969 	pushw	x
      0004A0 4Br00            [ 1]  970 	push	#<(___str_0+0)
      0004A2 4Bs00            [ 1]  971 	push	#((___str_0+0) >> 8)
      0004A4 CDr00r00         [ 4]  972 	call	_assert_failed
      0004A7 5B 06            [ 2]  973 	addw	sp, #6
      0004A9                        974 00123$:
                                    975 ;	../..//StdPeriph_Driver/STM8S_StdPeriph_Driver//src/stm8s_flash.c: 779: startaddress = FLASH_PROG_START_PHYSICAL_ADDRESS;
      0004A9 AE 80 00         [ 2]  976 	ldw	x, #0x8000
      0004AC 1F 03            [ 2]  977 	ldw	(0x03, sp), x
      0004AE 5F               [ 1]  978 	clrw	x
      0004AF 20 1C            [ 2]  979 	jra	00103$
      0004B1                        980 00102$:
                                    981 ;	../..//StdPeriph_Driver/STM8S_StdPeriph_Driver//src/stm8s_flash.c: 783: assert_param(IS_FLASH_DATA_BLOCK_NUMBER_OK(BlockNum));
      0004B1 1E 0B            [ 2]  982 	ldw	x, (0x0b, sp)
      0004B3 A3 00 08         [ 2]  983 	cpw	x, #0x0008
      0004B6 25 0F            [ 1]  984 	jrc	00125$
      0004B8 4B 0F            [ 1]  985 	push	#0x0f
      0004BA 4B 03            [ 1]  986 	push	#0x03
      0004BC 5F               [ 1]  987 	clrw	x
      0004BD 89               [ 2]  988 	pushw	x
      0004BE 4Br00            [ 1]  989 	push	#<(___str_0+0)
      0004C0 4Bs00            [ 1]  990 	push	#((___str_0+0) >> 8)
      0004C2 CDr00r00         [ 4]  991 	call	_assert_failed
      0004C5 5B 06            [ 2]  992 	addw	sp, #6
      0004C7                        993 00125$:
                                    994 ;	../..//StdPeriph_Driver/STM8S_StdPeriph_Driver//src/stm8s_flash.c: 784: startaddress = FLASH_DATA_START_PHYSICAL_ADDRESS;
      0004C7 AE 40 00         [ 2]  995 	ldw	x, #0x4000
      0004CA 1F 03            [ 2]  996 	ldw	(0x03, sp), x
      0004CC 5F               [ 1]  997 	clrw	x
      0004CD                        998 00103$:
                                    999 ;	../..//StdPeriph_Driver/STM8S_StdPeriph_Driver//src/stm8s_flash.c: 788: startaddress = startaddress + ((uint32_t)BlockNum * FLASH_BLOCK_SIZE);
      0004CD 16 0B            [ 2] 1000 	ldw	y, (0x0b, sp)
      0004CF 17 07            [ 2] 1001 	ldw	(0x07, sp), y
      0004D1 90 5F            [ 1] 1002 	clrw	y
      0004D3 17 05            [ 2] 1003 	ldw	(0x05, sp), y
      0004D5 16 07            [ 2] 1004 	ldw	y, (0x07, sp)
      0004D7 A6 07            [ 1] 1005 	ld	a, #0x07
      0004D9                       1006 00186$:
      0004D9 90 58            [ 2] 1007 	sllw	y
      0004DB 09 06            [ 1] 1008 	rlc	(0x06, sp)
      0004DD 09 05            [ 1] 1009 	rlc	(0x05, sp)
      0004DF 4A               [ 1] 1010 	dec	a
      0004E0 26 F7            [ 1] 1011 	jrne	00186$
      0004E2 72 F9 03         [ 2] 1012 	addw	y, (0x03, sp)
      0004E5 9F               [ 1] 1013 	ld	a, xl
      0004E6 19 06            [ 1] 1014 	adc	a, (0x06, sp)
      0004E8 02               [ 1] 1015 	rlwa	x
      0004E9 19 05            [ 1] 1016 	adc	a, (0x05, sp)
      0004EB 95               [ 1] 1017 	ld	xh, a
      0004EC 17 03            [ 2] 1018 	ldw	(0x03, sp), y
      0004EE 1F 01            [ 2] 1019 	ldw	(0x01, sp), x
                                   1020 ;	../..//StdPeriph_Driver/STM8S_StdPeriph_Driver//src/stm8s_flash.c: 794: FLASH->CR2 |= FLASH_CR2_PRG;
      0004F0 C6 50 5B         [ 1] 1021 	ld	a, 0x505b
                                   1022 ;	../..//StdPeriph_Driver/STM8S_StdPeriph_Driver//src/stm8s_flash.c: 791: if(FLASH_ProgMode == FLASH_PROGRAMMODE_STANDARD)
      0004F3 0D 0E            [ 1] 1023 	tnz	(0x0e, sp)
      0004F5 26 0B            [ 1] 1024 	jrne	00105$
                                   1025 ;	../..//StdPeriph_Driver/STM8S_StdPeriph_Driver//src/stm8s_flash.c: 794: FLASH->CR2 |= FLASH_CR2_PRG;
      0004F7 AA 01            [ 1] 1026 	or	a, #0x01
      0004F9 C7 50 5B         [ 1] 1027 	ld	0x505b, a
                                   1028 ;	../..//StdPeriph_Driver/STM8S_StdPeriph_Driver//src/stm8s_flash.c: 795: FLASH->NCR2 &= (uint8_t)(~FLASH_NCR2_NPRG);
      0004FC 72 11 50 5C      [ 1] 1029 	bres	20572, #0
      000500 20 09            [ 2] 1030 	jra	00134$
      000502                       1031 00105$:
                                   1032 ;	../..//StdPeriph_Driver/STM8S_StdPeriph_Driver//src/stm8s_flash.c: 800: FLASH->CR2 |= FLASH_CR2_FPRG;
      000502 AA 10            [ 1] 1033 	or	a, #0x10
      000504 C7 50 5B         [ 1] 1034 	ld	0x505b, a
                                   1035 ;	../..//StdPeriph_Driver/STM8S_StdPeriph_Driver//src/stm8s_flash.c: 801: FLASH->NCR2 &= (uint8_t)(~FLASH_NCR2_NFPRG);
      000507 72 19 50 5C      [ 1] 1036 	bres	20572, #4
                                   1037 ;	../..//StdPeriph_Driver/STM8S_StdPeriph_Driver//src/stm8s_flash.c: 805: for(Count = 0; Count < FLASH_BLOCK_SIZE; Count++)
      00050B                       1038 00134$:
      00050B 90 5F            [ 1] 1039 	clrw	y
      00050D                       1040 00108$:
                                   1041 ;	../..//StdPeriph_Driver/STM8S_StdPeriph_Driver//src/stm8s_flash.c: 807: *((PointerAttr uint8_t*) (MemoryAddressCast)startaddress + Count) = ((uint8_t)(Buffer[Count]));
      00050D 1E 03            [ 2] 1042 	ldw	x, (0x03, sp)
      00050F 1F 05            [ 2] 1043 	ldw	(0x05, sp), x
      000511 93               [ 1] 1044 	ldw	x, y
      000512 72 FB 05         [ 2] 1045 	addw	x, (0x05, sp)
      000515 1F 07            [ 2] 1046 	ldw	(0x07, sp), x
      000517 93               [ 1] 1047 	ldw	x, y
      000518 72 FB 0F         [ 2] 1048 	addw	x, (0x0f, sp)
      00051B F6               [ 1] 1049 	ld	a, (x)
      00051C 1E 07            [ 2] 1050 	ldw	x, (0x07, sp)
      00051E F7               [ 1] 1051 	ld	(x), a
                                   1052 ;	../..//StdPeriph_Driver/STM8S_StdPeriph_Driver//src/stm8s_flash.c: 805: for(Count = 0; Count < FLASH_BLOCK_SIZE; Count++)
      00051F 90 5C            [ 1] 1053 	incw	y
      000521 90 A3 00 80      [ 2] 1054 	cpw	y, #0x0080
      000525 25 E6            [ 1] 1055 	jrc	00108$
                                   1056 ;	../..//StdPeriph_Driver/STM8S_StdPeriph_Driver//src/stm8s_flash.c: 809: }
      000527 5B 08            [ 2] 1057 	addw	sp, #8
      000529 81               [ 4] 1058 	ret
                                   1059 	.area CODE
                                   1060 	.area CONST
                                   1061 	.area CONST
      000000                       1062 ___str_0:
      000000 2E 2E 2F 2E 2E 2F 2F  1063 	.ascii "../..//StdPeriph_Driver/STM8S_StdPeriph_Driver//src/stm8s_fl"
             53 74 64 50 65 72 69
             70 68 5F 44 72 69 76
             65 72 2F 53 54 4D 38
             53 5F 53 74 64 50 65
             72 69 70 68 5F 44 72
             69 76 65 72 2F 2F 73
             72 63 2F 73 74 6D 38
             73 5F 66 6C
      00003C 61 73 68 2E 63        1064 	.ascii "ash.c"
      000041 00                    1065 	.db 0x00
                                   1066 	.area CODE
                                   1067 	.area INITIALIZER
                                   1068 	.area CABS (ABS)
